<5>1 2021-01-18T09:03:40.978+00:00 MOON_SCU2 moon kernel  -  [    0.000000] Linux version 6.1.0-27-amd64 (debian-kernel@lists.debian.org) (x86_64-linux-gnu-gcc (Debian 12.2.0-14) 12.2.0, GNU ld (GNU Binutils for Debian) 2.40) #1 SMP PREEMPT_DYNAMIC @1731283200
<6>1 2021-01-18T09:03:40.978+00:00 MOON_SCU2 moon kernel  -  [    0.000000] Command line: BOOT_IMAGE=/baseline/boot/vmlinuz boot=moon slab_common.usercopy_fallback=Y systemd.hostname=moon isolcpus=1 ipv6.disable=1 systemd.unified_cgroup_hierarchy=false systemd.legacy_systemd_cgroup_controller=false console=tty8 quiet loglevel=0
<7>1 2021-01-18T09:03:40.978+00:00 MOON_SCU2 moon kernel  -  [    0.000000] reserving inaccessible SNB gfx pages
<6>1 2021-01-18T09:03:40.978+00:00 MOON_SCU2 moon kernel  -  [    0.000000] BIOS-provided physical RAM map:
<6>1 2021-01-18T09:03:40.978+00:00 MOON_SCU2 moon kernel  -  [    0.000000] BIOS-e820: [mem 0x0000000000000000-0x000000000009b3ff] usable
<6>1 2021-01-18T09:03:40.978+00:00 MOON_SCU2 moon kernel  -  [    0.000000] BIOS-e820: [mem 0x000000000009b400-0x000000000009ffff] reserved
<6>1 2021-01-18T09:03:40.978+00:00 MOON_SCU2 moon kernel  -  [    0.000000] BIOS-e820: [mem 0x00000000000e0000-0x00000000000fffff] reserved
<6>1 2021-01-18T09:03:40.978+00:00 MOON_SCU2 moon kernel  -  [    0.000000] BIOS-e820: [mem 0x0000000000100000-0x000000001fffffff] usable
<6>1 2021-01-18T09:03:40.978+00:00 MOON_SCU2 moon kernel  -  [    0.000000] BIOS-e820: [mem 0x0000000020000000-0x00000000201fffff] reserved
<6>1 2021-01-18T09:03:40.978+00:00 MOON_SCU2 moon kernel  -  [    0.000000] BIOS-e820: [mem 0x0000000020200000-0x000000003fffffff] usable
<6>1 2021-01-18T09:03:40.978+00:00 MOON_SCU2 moon kernel  -  [    0.000000] BIOS-e820: [mem 0x0000000040000000-0x00000000401fffff] reserved
<6>1 2021-01-18T09:03:40.978+00:00 MOON_SCU2 moon kernel  -  [    0.000000] BIOS-e820: [mem 0x0000000040200000-0x000000007ad1efff] usable
<6>1 2021-01-18T09:03:40.978+00:00 MOON_SCU2 moon kernel  -  [    0.000000] BIOS-e820: [mem 0x000000007ad1f000-0x000000007ad8dfff] reserved
<6>1 2021-01-18T09:03:40.978+00:00 MOON_SCU2 moon kernel  -  [    0.000000] BIOS-e820: [mem 0x000000007ad8e000-0x000000007ad9dfff] usable
<6>1 2021-01-18T09:03:40.978+00:00 MOON_SCU2 moon kernel  -  [    0.000000] BIOS-e820: [mem 0x000000007ad9e000-0x000000007ad9efff] reserved
<6>1 2021-01-18T09:03:40.978+00:00 MOON_SCU2 moon kernel  -  [    0.000000] BIOS-e820: [mem 0x000000007ad9f000-0x000000007ad9ffff] usable
<6>1 2021-01-18T09:03:40.978+00:00 MOON_SCU2 moon kernel  -  [    0.000000] BIOS-e820: [mem 0x000000007ada0000-0x000000007ade7fff] reserved
<6>1 2021-01-18T09:03:40.978+00:00 MOON_SCU2 moon kernel  -  [    0.000000] BIOS-e820: [mem 0x000000007ade8000-0x000000007af41fff] usable
<6>1 2021-01-18T09:03:40.978+00:00 MOON_SCU2 moon kernel  -  [    0.000000] BIOS-e820: [mem 0x000000007af42000-0x000000007af90fff] ACPI NVS
<6>1 2021-01-18T09:03:40.978+00:00 MOON_SCU2 moon kernel  -  [    0.000000] BIOS-e820: [mem 0x000000007af91000-0x000000007af95fff] usable
<6>1 2021-01-18T09:03:40.979+00:00 MOON_SCU2 moon kernel  -  [    0.000000] BIOS-e820: [mem 0x000000007af96000-0x000000007afe7fff] ACPI NVS
<6>1 2021-01-18T09:03:40.979+00:00 MOON_SCU2 moon kernel  -  [    0.000000] BIOS-e820: [mem 0x000000007afe8000-0x000000007affcfff] usable
<6>1 2021-01-18T09:03:40.979+00:00 MOON_SCU2 moon kernel  -  [    0.000000] BIOS-e820: [mem 0x000000007affd000-0x000000007affffff] ACPI data
<6>1 2021-01-18T09:03:40.979+00:00 MOON_SCU2 moon kernel  -  [    0.000000] BIOS-e820: [mem 0x000000007b000000-0x000000007f9fffff] reserved
<6>1 2021-01-18T09:03:40.979+00:00 MOON_SCU2 moon kernel  -  [    0.000000] BIOS-e820: [mem 0x00000000f8000000-0x00000000fbffffff] reserved
<6>1 2021-01-18T09:03:40.979+00:00 MOON_SCU2 moon kernel  -  [    0.000000] BIOS-e820: [mem 0x00000000fec00000-0x00000000fec00fff] reserved
<6>1 2021-01-18T09:03:40.979+00:00 MOON_SCU2 moon kernel  -  [    0.000000] BIOS-e820: [mem 0x00000000fed10000-0x00000000fed13fff] reserved
<6>1 2021-01-18T09:03:40.979+00:00 MOON_SCU2 moon kernel  -  [    0.000000] BIOS-e820: [mem 0x00000000fed18000-0x00000000fed19fff] reserved
<6>1 2021-01-18T09:03:40.979+00:00 MOON_SCU2 moon kernel  -  [    0.000000] BIOS-e820: [mem 0x00000000fed1c000-0x00000000fed1ffff] reserved
<6>1 2021-01-18T09:03:40.979+00:00 MOON_SCU2 moon kernel  -  [    0.000000] BIOS-e820: [mem 0x00000000fee00000-0x00000000fee00fff] reserved
<6>1 2021-01-18T09:03:40.979+00:00 MOON_SCU2 moon kernel  -  [    0.000000] BIOS-e820: [mem 0x00000000ffa00000-0x00000000ffbfffff] reserved
<6>1 2021-01-18T09:03:40.979+00:00 MOON_SCU2 moon kernel  -  [    0.000000] BIOS-e820: [mem 0x00000000ffe00000-0x00000000ffffffff] reserved
<6>1 2021-01-18T09:03:40.979+00:00 MOON_SCU2 moon kernel  -  [    0.000000] BIOS-e820: [mem 0x0000000100000000-0x00000001005fffff] usable
<6>1 2021-01-18T09:03:40.979+00:00 MOON_SCU2 moon kernel  -  [    0.000000] NX (Execute Disable) protection: active
<6>1 2021-01-18T09:03:40.979+00:00 MOON_SCU2 moon kernel  -  [    0.000000] SMBIOS 2.7 present.
<6>1 2021-01-18T09:03:40.979+00:00 MOON_SCU2 moon kernel  -  [    0.000000] DMI: Kontron VX3035/VX3035, BIOS ID15084 03/25/2015
<6>1 2021-01-18T09:03:40.979+00:00 MOON_SCU2 moon kernel  -  [    0.000000] tsc: Fast TSC calibration using PIT
<6>1 2021-01-18T09:03:40.979+00:00 MOON_SCU2 moon kernel  -  [    0.000000] tsc: Detected 2199.883 MHz processor
<7>1 2021-01-18T09:03:40.979+00:00 MOON_SCU2 moon kernel  -  [    0.001625] e820: update [mem 0x00000000-0x00000fff] usable ==> reserved
<7>1 2021-01-18T09:03:40.979+00:00 MOON_SCU2 moon kernel  -  [    0.001630] e820: remove [mem 0x000a0000-0x000fffff] usable
<6>1 2021-01-18T09:03:40.979+00:00 MOON_SCU2 moon kernel  -  [    0.001652] last_pfn = 0x100600 max_arch_pfn = 0x400000000
<6>1 2021-01-18T09:03:40.979+00:00 MOON_SCU2 moon kernel  -  [    0.002730] x86/PAT: Configuration [0-7]: WB  WC  UC- UC  WB  WP  UC- WT  
<6>1 2021-01-18T09:03:40.979+00:00 MOON_SCU2 moon kernel  -  [    0.003353] last_pfn = 0x7affd max_arch_pfn = 0x400000000
<6>1 2021-01-18T09:03:40.979+00:00 MOON_SCU2 moon kernel  -  [    0.021725] found SMP MP-table at [mem 0x000fcaf0-0x000fcaff]
<6>1 2021-01-18T09:03:40.979+00:00 MOON_SCU2 moon kernel  -  [    0.022943] RAMDISK: [mem 0x363a5000-0x371c9fff]
<6>1 2021-01-18T09:03:40.979+00:00 MOON_SCU2 moon kernel  -  [    0.022948] ACPI: Early table checksum verification disabled
<6>1 2021-01-18T09:03:40.979+00:00 MOON_SCU2 moon kernel  -  [    0.022952] ACPI: RSDP 0x00000000000F0450 000024 (v02 ALASKA)
<6>1 2021-01-18T09:03:40.979+00:00 MOON_SCU2 moon kernel  -  [    0.022960] ACPI: XSDT 0x000000007AFFEE18 000064 (v01 ALASKA SNB-CPT  06222004 MSFT 00010013)
<6>1 2021-01-18T09:03:40.979+00:00 MOON_SCU2 moon kernel  -  [    0.022969] ACPI: FACP 0x000000007AF9AD98 0000F4 (v04 ALASKA SNB-CPT  06222004 MSFT 00010013)
<6>1 2021-01-18T09:03:40.979+00:00 MOON_SCU2 moon kernel  -  [    0.022978] ACPI: DSDT 0x000000007AF88018 0085DF (v01 ALASKA SNB-CPT  00000000 INTL 20091112)
<6>1 2021-01-18T09:03:40.979+00:00 MOON_SCU2 moon kernel  -  [    0.022984] ACPI: FACS 0x000000007AFE5E40 000040
<6>1 2021-01-18T09:03:40.979+00:00 MOON_SCU2 moon kernel  -  [    0.022989] ACPI: FACS 0x000000007AFE5D40 000040
<6>1 2021-01-18T09:03:40.979+00:00 MOON_SCU2 moon kernel  -  [    0.022993] ACPI: APIC 0x000000007AFFDF18 0000CC (v02 ALASKA SNB-CPT  06222004 MSFT 00010013)
<6>1 2021-01-18T09:03:40.979+00:00 MOON_SCU2 moon kernel  -  [    0.022999] ACPI: HPET 0x000000007AFE6D18 000038 (v01 ALASKA SNB-CPT  06222004 AMI. 00000003)
<6>1 2021-01-18T09:03:40.979+00:00 MOON_SCU2 moon kernel  -  [    0.023005] ACPI: SSDT 0x000000007AF9B698 000614 (v01 TrmRef PtidDevc 00001000 INTL 20091112)
<6>1 2021-01-18T09:03:40.979+00:00 MOON_SCU2 moon kernel  -  [    0.023010] ACPI: MCFG 0x000000007AFE6C98 00003C (v01 ALASKA SNB-CPT  06222004 MSFT 00000097)
<6>1 2021-01-18T09:03:40.979+00:00 MOON_SCU2 moon kernel  -  [    0.023016] ACPI: SSDT 0x000000007AF99018 000996 (v01 PmRef  CpuPm    00003000 INTL 20091112)
<6>1 2021-01-18T09:03:40.979+00:00 MOON_SCU2 moon kernel  -  [    0.023022] ACPI: DMAR 0x000000007AF9AC18 0000E8 (v01 INTEL  SNB      00000001 INTL 00000001)
<6>1 2021-01-18T09:03:40.979+00:00 MOON_SCU2 moon kernel  -  [    0.023027] ACPI: SPCR 0x000000007AFE6C18 000050 (v01 A M I  APTIO4   06222004 AMI. 00000003)
<6>1 2021-01-18T09:03:40.979+00:00 MOON_SCU2 moon kernel  -  [    0.023032] ACPI: Reserving FACP table memory at [mem 0x7af9ad98-0x7af9ae8b]
<6>1 2021-01-18T09:03:40.980+00:00 MOON_SCU2 moon kernel  -  [    0.023035] ACPI: Reserving DSDT table memory at [mem 0x7af88018-0x7af905f6]
<6>1 2021-01-18T09:03:40.980+00:00 MOON_SCU2 moon kernel  -  [    0.023037] ACPI: Reserving FACS table memory at [mem 0x7afe5e40-0x7afe5e7f]
<6>1 2021-01-18T09:03:40.980+00:00 MOON_SCU2 moon kernel  -  [    0.023038] ACPI: Reserving FACS table memory at [mem 0x7afe5d40-0x7afe5d7f]
<6>1 2021-01-18T09:03:40.980+00:00 MOON_SCU2 moon kernel  -  [    0.023040] ACPI: Reserving APIC table memory at [mem 0x7affdf18-0x7affdfe3]
<6>1 2021-01-18T09:03:40.980+00:00 MOON_SCU2 moon kernel  -  [    0.023041] ACPI: Reserving HPET table memory at [mem 0x7afe6d18-0x7afe6d4f]
<6>1 2021-01-18T09:03:40.980+00:00 MOON_SCU2 moon kernel  -  [    0.023043] ACPI: Reserving SSDT table memory at [mem 0x7af9b698-0x7af9bcab]
<6>1 2021-01-18T09:03:40.980+00:00 MOON_SCU2 moon kernel  -  [    0.023044] ACPI: Reserving MCFG table memory at [mem 0x7afe6c98-0x7afe6cd3]
<6>1 2021-01-18T09:03:40.980+00:00 MOON_SCU2 moon kernel  -  [    0.023046] ACPI: Reserving SSDT table memory at [mem 0x7af99018-0x7af999ad]
<6>1 2021-01-18T09:03:40.980+00:00 MOON_SCU2 moon kernel  -  [    0.023048] ACPI: Reserving DMAR table memory at [mem 0x7af9ac18-0x7af9acff]
<6>1 2021-01-18T09:03:40.980+00:00 MOON_SCU2 moon kernel  -  [    0.023049] ACPI: Reserving SPCR table memory at [mem 0x7afe6c18-0x7afe6c67]
<6>1 2021-01-18T09:03:40.980+00:00 MOON_SCU2 moon kernel  -  [    0.023128] No NUMA configuration found
<6>1 2021-01-18T09:03:40.980+00:00 MOON_SCU2 moon kernel  -  [    0.023129] Faking a node at [mem 0x0000000000000000-0x00000001005fffff]
<6>1 2021-01-18T09:03:40.980+00:00 MOON_SCU2 moon kernel  -  [    0.023147] NODE_DATA(0) allocated [mem 0x1005d3000-0x1005fdfff]
<6>1 2021-01-18T09:03:40.980+00:00 MOON_SCU2 moon kernel  -  [    0.023735] Zone ranges:
<6>1 2021-01-18T09:03:40.980+00:00 MOON_SCU2 moon kernel  -  [    0.023737]   DMA      [mem 0x0000000000001000-0x0000000000ffffff]
<6>1 2021-01-18T09:03:40.980+00:00 MOON_SCU2 moon kernel  -  [    0.023740]   DMA32    [mem 0x0000000001000000-0x00000000ffffffff]
<6>1 2021-01-18T09:03:40.980+00:00 MOON_SCU2 moon kernel  -  [    0.023743]   Normal   [mem 0x0000000100000000-0x00000001005fffff]
<6>1 2021-01-18T09:03:40.980+00:00 MOON_SCU2 moon kernel  -  [    0.023745]   Device   empty
<6>1 2021-01-18T09:03:40.980+00:00 MOON_SCU2 moon kernel  -  [    0.023747] Movable zone start for each node
<6>1 2021-01-18T09:03:40.980+00:00 MOON_SCU2 moon kernel  -  [    0.023752] Early memory node ranges
<6>1 2021-01-18T09:03:40.980+00:00 MOON_SCU2 moon kernel  -  [    0.023753]   node   0: [mem 0x0000000000001000-0x000000000009afff]
<6>1 2021-01-18T09:03:40.980+00:00 MOON_SCU2 moon kernel  -  [    0.023755]   node   0: [mem 0x0000000000100000-0x000000001fffffff]
<6>1 2021-01-18T09:03:40.980+00:00 MOON_SCU2 moon kernel  -  [    0.023757]   node   0: [mem 0x0000000020200000-0x000000003fffffff]
<6>1 2021-01-18T09:03:40.980+00:00 MOON_SCU2 moon kernel  -  [    0.023759]   node   0: [mem 0x0000000040200000-0x000000007ad1efff]
<6>1 2021-01-18T09:03:40.980+00:00 MOON_SCU2 moon kernel  -  [    0.023760]   node   0: [mem 0x000000007ad8e000-0x000000007ad9dfff]
<6>1 2021-01-18T09:03:40.980+00:00 MOON_SCU2 moon kernel  -  [    0.023762]   node   0: [mem 0x000000007ad9f000-0x000000007ad9ffff]
<6>1 2021-01-18T09:03:40.980+00:00 MOON_SCU2 moon kernel  -  [    0.023763]   node   0: [mem 0x000000007ade8000-0x000000007af41fff]
<6>1 2021-01-18T09:03:40.980+00:00 MOON_SCU2 moon kernel  -  [    0.023765]   node   0: [mem 0x000000007af91000-0x000000007af95fff]
<6>1 2021-01-18T09:03:40.980+00:00 MOON_SCU2 moon kernel  -  [    0.023766]   node   0: [mem 0x000000007afe8000-0x000000007affcfff]
<6>1 2021-01-18T09:03:40.980+00:00 MOON_SCU2 moon kernel  -  [    0.023768]   node   0: [mem 0x0000000100000000-0x00000001005fffff]
<6>1 2021-01-18T09:03:40.980+00:00 MOON_SCU2 moon kernel  -  [    0.023771] Initmem setup node 0 [mem 0x0000000000001000-0x00000001005fffff]
<6>1 2021-01-18T09:03:40.980+00:00 MOON_SCU2 moon kernel  -  [    0.023780] On node 0, zone DMA: 1 pages in unavailable ranges
<6>1 2021-01-18T09:03:40.980+00:00 MOON_SCU2 moon kernel  -  [    0.023839] On node 0, zone DMA: 101 pages in unavailable ranges
<6>1 2021-01-18T09:03:40.980+00:00 MOON_SCU2 moon kernel  -  [    0.027889] On node 0, zone DMA32: 512 pages in unavailable ranges
<6>1 2021-01-18T09:03:40.980+00:00 MOON_SCU2 moon kernel  -  [    0.031700] On node 0, zone DMA32: 512 pages in unavailable ranges
<6>1 2021-01-18T09:03:40.980+00:00 MOON_SCU2 moon kernel  -  [    0.031711] On node 0, zone DMA32: 111 pages in unavailable ranges
<6>1 2021-01-18T09:03:40.980+00:00 MOON_SCU2 moon kernel  -  [    0.031713] On node 0, zone DMA32: 1 pages in unavailable ranges
<6>1 2021-01-18T09:03:40.980+00:00 MOON_SCU2 moon kernel  -  [    0.031722] On node 0, zone DMA32: 72 pages in unavailable ranges
<6>1 2021-01-18T09:03:40.980+00:00 MOON_SCU2 moon kernel  -  [    0.031726] On node 0, zone DMA32: 79 pages in unavailable ranges
<6>1 2021-01-18T09:03:40.980+00:00 MOON_SCU2 moon kernel  -  [    0.031730] On node 0, zone DMA32: 82 pages in unavailable ranges
<6>1 2021-01-18T09:03:40.980+00:00 MOON_SCU2 moon kernel  -  [    0.032318] On node 0, zone Normal: 20483 pages in unavailable ranges
<6>1 2021-01-18T09:03:40.980+00:00 MOON_SCU2 moon kernel  -  [    0.033146] On node 0, zone Normal: 31232 pages in unavailable ranges
<6>1 2021-01-18T09:03:40.980+00:00 MOON_SCU2 moon kernel  -  [    0.033187] Reserving Intel graphics memory at [mem 0x7ba00000-0x7f9fffff]
<6>1 2021-01-18T09:03:40.980+00:00 MOON_SCU2 moon kernel  -  [    0.033295] ACPI: PM-Timer IO Port: 0x408
<6>1 2021-01-18T09:03:40.980+00:00 MOON_SCU2 moon kernel  -  [    0.033321] IOAPIC[0]: apic_id 2, version 32, address 0xfec00000, GSI 0-23
<6>1 2021-01-18T09:03:40.980+00:00 MOON_SCU2 moon kernel  -  [    0.033326] ACPI: INT_SRC_OVR (bus 0 bus_irq 0 global_irq 2 dfl dfl)
<6>1 2021-01-18T09:03:40.980+00:00 MOON_SCU2 moon kernel  -  [    0.033330] ACPI: INT_SRC_OVR (bus 0 bus_irq 9 global_irq 9 high level)
<6>1 2021-01-18T09:03:40.980+00:00 MOON_SCU2 moon kernel  -  [    0.033338] ACPI: Using ACPI (MADT) for SMP configuration information
<6>1 2021-01-18T09:03:40.980+00:00 MOON_SCU2 moon kernel  -  [    0.033339] ACPI: HPET id: 0x8086a701 base: 0xfed00000
<6>1 2021-01-18T09:03:40.980+00:00 MOON_SCU2 moon kernel  -  [    0.033346] ACPI: SPCR: SPCR table version 1
<6>1 2021-01-18T09:03:40.981+00:00 MOON_SCU2 moon kernel  -  [    0.033349] ACPI: SPCR: console: uart,io,0x3f8,115200
<6>1 2021-01-18T09:03:40.981+00:00 MOON_SCU2 moon kernel  -  [    0.033352] TSC deadline timer available
<6>1 2021-01-18T09:03:40.981+00:00 MOON_SCU2 moon kernel  -  [    0.033353] smpboot: Allowing 16 CPUs, 14 hotplug CPUs
<6>1 2021-01-18T09:03:40.981+00:00 MOON_SCU2 moon kernel  -  [    0.033409] PM: hibernation: Registered nosave memory: [mem 0x00000000-0x00000fff]
<6>1 2021-01-18T09:03:40.981+00:00 MOON_SCU2 moon kernel  -  [    0.033414] PM: hibernation: Registered nosave memory: [mem 0x0009b000-0x0009bfff]
<6>1 2021-01-18T09:03:40.981+00:00 MOON_SCU2 moon kernel  -  [    0.033415] PM: hibernation: Registered nosave memory: [mem 0x0009c000-0x0009ffff]
<6>1 2021-01-18T09:03:40.981+00:00 MOON_SCU2 moon kernel  -  [    0.033417] PM: hibernation: Registered nosave memory: [mem 0x000a0000-0x000dffff]
<6>1 2021-01-18T09:03:40.981+00:00 MOON_SCU2 moon kernel  -  [    0.033418] PM: hibernation: Registered nosave memory: [mem 0x000e0000-0x000fffff]
<6>1 2021-01-18T09:03:40.981+00:00 MOON_SCU2 moon kernel  -  [    0.033422] PM: hibernation: Registered nosave memory: [mem 0x20000000-0x201fffff]
<6>1 2021-01-18T09:03:40.981+00:00 MOON_SCU2 moon kernel  -  [    0.033425] PM: hibernation: Registered nosave memory: [mem 0x40000000-0x401fffff]
<6>1 2021-01-18T09:03:40.981+00:00 MOON_SCU2 moon kernel  -  [    0.033429] PM: hibernation: Registered nosave memory: [mem 0x7ad1f000-0x7ad8dfff]
<6>1 2021-01-18T09:03:40.981+00:00 MOON_SCU2 moon kernel  -  [    0.033432] PM: hibernation: Registered nosave memory: [mem 0x7ad9e000-0x7ad9efff]
<6>1 2021-01-18T09:03:40.981+00:00 MOON_SCU2 moon kernel  -  [    0.033436] PM: hibernation: Registered nosave memory: [mem 0x7ada0000-0x7ade7fff]
<6>1 2021-01-18T09:03:40.981+00:00 MOON_SCU2 moon kernel  -  [    0.033439] PM: hibernation: Registered nosave memory: [mem 0x7af42000-0x7af90fff]
<6>1 2021-01-18T09:03:40.981+00:00 MOON_SCU2 moon kernel  -  [    0.033443] PM: hibernation: Registered nosave memory: [mem 0x7af96000-0x7afe7fff]
<6>1 2021-01-18T09:03:40.981+00:00 MOON_SCU2 moon kernel  -  [    0.033447] PM: hibernation: Registered nosave memory: [mem 0x7affd000-0x7affffff]
<6>1 2021-01-18T09:03:40.981+00:00 MOON_SCU2 moon kernel  -  [    0.033448] PM: hibernation: Registered nosave memory: [mem 0x7b000000-0x7f9fffff]
<6>1 2021-01-18T09:03:40.981+00:00 MOON_SCU2 moon kernel  -  [    0.033450] PM: hibernation: Registered nosave memory: [mem 0x7fa00000-0xf7ffffff]
<6>1 2021-01-18T09:03:40.981+00:00 MOON_SCU2 moon kernel  -  [    0.033451] PM: hibernation: Registered nosave memory: [mem 0xf8000000-0xfbffffff]
<6>1 2021-01-18T09:03:40.981+00:00 MOON_SCU2 moon kernel  -  [    0.033452] PM: hibernation: Registered nosave memory: [mem 0xfc000000-0xfebfffff]
<6>1 2021-01-18T09:03:40.981+00:00 MOON_SCU2 moon kernel  -  [    0.033454] PM: hibernation: Registered nosave memory: [mem 0xfec00000-0xfec00fff]
<6>1 2021-01-18T09:03:40.981+00:00 MOON_SCU2 moon kernel  -  [    0.033455] PM: hibernation: Registered nosave memory: [mem 0xfec01000-0xfed0ffff]
<6>1 2021-01-18T09:03:40.981+00:00 MOON_SCU2 moon kernel  -  [    0.033456] PM: hibernation: Registered nosave memory: [mem 0xfed10000-0xfed13fff]
<6>1 2021-01-18T09:03:40.981+00:00 MOON_SCU2 moon kernel  -  [    0.033458] PM: hibernation: Registered nosave memory: [mem 0xfed14000-0xfed17fff]
<6>1 2021-01-18T09:03:40.981+00:00 MOON_SCU2 moon kernel  -  [    0.033459] PM: hibernation: Registered nosave memory: [mem 0xfed18000-0xfed19fff]
<6>1 2021-01-18T09:03:40.981+00:00 MOON_SCU2 moon kernel  -  [    0.033460] PM: hibernation: Registered nosave memory: [mem 0xfed1a000-0xfed1bfff]
<6>1 2021-01-18T09:03:40.981+00:00 MOON_SCU2 moon kernel  -  [    0.033462] PM: hibernation: Registered nosave memory: [mem 0xfed1c000-0xfed1ffff]
<6>1 2021-01-18T09:03:40.981+00:00 MOON_SCU2 moon kernel  -  [    0.033463] PM: hibernation: Registered nosave memory: [mem 0xfed20000-0xfedfffff]
<6>1 2021-01-18T09:03:40.981+00:00 MOON_SCU2 moon kernel  -  [    0.033464] PM: hibernation: Registered nosave memory: [mem 0xfee00000-0xfee00fff]
<6>1 2021-01-18T09:03:40.981+00:00 MOON_SCU2 moon kernel  -  [    0.033466] PM: hibernation: Registered nosave memory: [mem 0xfee01000-0xff9fffff]
<6>1 2021-01-18T09:03:40.981+00:00 MOON_SCU2 moon kernel  -  [    0.033467] PM: hibernation: Registered nosave memory: [mem 0xffa00000-0xffbfffff]
<6>1 2021-01-18T09:03:40.981+00:00 MOON_SCU2 moon kernel  -  [    0.033468] PM: hibernation: Registered nosave memory: [mem 0xffc00000-0xffdfffff]
<6>1 2021-01-18T09:03:40.981+00:00 MOON_SCU2 moon kernel  -  [    0.033470] PM: hibernation: Registered nosave memory: [mem 0xffe00000-0xffffffff]
<6>1 2021-01-18T09:03:40.981+00:00 MOON_SCU2 moon kernel  -  [    0.033472] [mem 0x7fa00000-0xf7ffffff] available for PCI devices
<6>1 2021-01-18T09:03:40.981+00:00 MOON_SCU2 moon kernel  -  [    0.033474] Booting paravirtualized kernel on bare hardware
<6>1 2021-01-18T09:03:40.981+00:00 MOON_SCU2 moon kernel  -  [    0.033478] clocksource: refined-jiffies: mask: 0xffffffff max_cycles: 0xffffffff, max_idle_ns: 7645519600211568 ns
<6>1 2021-01-18T09:03:40.981+00:00 MOON_SCU2 moon kernel  -  [    0.042573] setup_percpu: NR_CPUS:8192 nr_cpumask_bits:16 nr_cpu_ids:16 nr_node_ids:1
<6>1 2021-01-18T09:03:40.981+00:00 MOON_SCU2 moon kernel  -  [    0.043494] percpu: Embedded 61 pages/cpu s212992 r8192 d28672 u262144
<7>1 2021-01-18T09:03:40.981+00:00 MOON_SCU2 moon kernel  -  [    0.043516] pcpu-alloc: s212992 r8192 d28672 u262144 alloc=1*2097152
<7>1 2021-01-18T09:03:40.981+00:00 MOON_SCU2 moon kernel  -  [    0.043520] pcpu-alloc: [0] 00 01 02 03 04 05 06 07 [0] 08 09 10 11 12 13 14 15 
<6>1 2021-01-18T09:03:40.981+00:00 MOON_SCU2 moon kernel  -  [    0.043595] Fallback order for Node 0: 0 
<6>1 2021-01-18T09:03:40.981+00:00 MOON_SCU2 moon kernel  -  [    0.043601] Built 1 zonelists, mobility grouping on.  Total pages: 495841
<6>1 2021-01-18T09:03:40.981+00:00 MOON_SCU2 moon kernel  -  [    0.043603] Policy zone: Normal
<5>1 2021-01-18T09:03:40.981+00:00 MOON_SCU2 moon kernel  -  [    0.043605] Kernel command line: BOOT_IMAGE=/baseline/boot/vmlinuz boot=moon slab_common.usercopy_fallback=Y systemd.hostname=moon isolcpus=1 ipv6.disable=1 systemd.unified_cgroup_hierarchy=false systemd.legacy_systemd_cgroup_controller=false console=tty8 quiet loglevel=0
<5>1 2021-01-18T09:03:40.981+00:00 MOON_SCU2 moon kernel  -  [    0.043891] Unknown kernel command line parameters "BOOT_IMAGE=/baseline/boot/vmlinuz boot=moon", will be passed to user space.
<6>1 2021-01-18T09:03:40.981+00:00 MOON_SCU2 moon kernel  -  [    0.044126] Dentry cache hash table entries: 262144 (order: 9, 2097152 bytes, linear)
<6>1 2021-01-18T09:03:40.981+00:00 MOON_SCU2 moon kernel  -  [    0.044246] Inode-cache hash table entries: 131072 (order: 8, 1048576 bytes, linear)
<6>1 2021-01-18T09:03:40.981+00:00 MOON_SCU2 moon kernel  -  [    0.044581] mem auto-init: stack:all(zero), heap alloc:on, heap free:off
<6>1 2021-01-18T09:03:40.981+00:00 MOON_SCU2 moon kernel  -  [    0.044594] software IO TLB: area num 16.
<6>1 2021-01-18T09:03:40.981+00:00 MOON_SCU2 moon kernel  -  [    0.080154] Memory: 1838452K/2015480K available (14342K kernel code, 2335K rwdata, 9072K rodata, 2800K init, 17392K bss, 176768K reserved, 0K cma-reserved)
<6>1 2021-01-18T09:03:40.981+00:00 MOON_SCU2 moon kernel  -  [    0.080834] SLUB: HWalign=64, Order=0-3, MinObjects=0, CPUs=16, Nodes=1
<6>1 2021-01-18T09:03:40.981+00:00 MOON_SCU2 moon kernel  -  [    0.080885] Kernel/User page tables isolation: enabled
<6>1 2021-01-18T09:03:40.981+00:00 MOON_SCU2 moon kernel  -  [    0.081002] ftrace: allocating 40277 entries in 158 pages
<6>1 2021-01-18T09:03:40.981+00:00 MOON_SCU2 moon kernel  -  [    0.092381] ftrace: allocated 158 pages with 5 groups
<6>1 2021-01-18T09:03:40.981+00:00 MOON_SCU2 moon kernel  -  [    0.092625] Dynamic Preempt: full
<6>1 2021-01-18T09:03:40.981+00:00 MOON_SCU2 moon kernel  -  [    0.092743] rcu: Preemptible hierarchical RCU implementation.
<6>1 2021-01-18T09:03:40.981+00:00 MOON_SCU2 moon kernel  -  [    0.092745] rcu: 	RCU restricting CPUs from NR_CPUS=8192 to nr_cpu_ids=16.
<6>1 2021-01-18T09:03:40.981+00:00 MOON_SCU2 moon kernel  -  [    0.092747] 	Trampoline variant of Tasks RCU enabled.
<6>1 2021-01-18T09:03:40.981+00:00 MOON_SCU2 moon kernel  -  [    0.092748] 	Rude variant of Tasks RCU enabled.
<6>1 2021-01-18T09:03:40.981+00:00 MOON_SCU2 moon kernel  -  [    0.092749] 	Tracing variant of Tasks RCU enabled.
<6>1 2021-01-18T09:03:40.982+00:00 MOON_SCU2 moon kernel  -  [    0.092750] rcu: RCU calculated value of scheduler-enlistment delay is 25 jiffies.
<6>1 2021-01-18T09:03:40.982+00:00 MOON_SCU2 moon kernel  -  [    0.092751] rcu: Adjusting geometry for rcu_fanout_leaf=16, nr_cpu_ids=16
<6>1 2021-01-18T09:03:40.982+00:00 MOON_SCU2 moon kernel  -  [    0.101403] NR_IRQS: 524544, nr_irqs: 552, preallocated irqs: 16
<6>1 2021-01-18T09:03:40.982+00:00 MOON_SCU2 moon kernel  -  [    0.101654] rcu: srcu_init: Setting srcu_struct sizes based on contention.
<6>1 2021-01-18T09:03:40.982+00:00 MOON_SCU2 moon kernel  -  [    0.103452] Console: colour VGA+ 80x25
<6>1 2021-01-18T09:03:40.982+00:00 MOON_SCU2 moon kernel  -  [    0.103485] printk: console [tty8] enabled
<6>1 2021-01-18T09:03:40.982+00:00 MOON_SCU2 moon kernel  -  [    0.103546] ACPI: Core revision 20220331
<6>1 2021-01-18T09:03:40.982+00:00 MOON_SCU2 moon kernel  -  [    0.103710] clocksource: hpet: mask: 0xffffffff max_cycles: 0xffffffff, max_idle_ns: 133484882848 ns
<6>1 2021-01-18T09:03:40.982+00:00 MOON_SCU2 moon kernel  -  [    0.103730] APIC: Switch to symmetric I/O mode setup
<6>1 2021-01-18T09:03:40.982+00:00 MOON_SCU2 moon kernel  -  [    0.103733] DMAR: Host address width 36
<6>1 2021-01-18T09:03:40.982+00:00 MOON_SCU2 moon kernel  -  [    0.103735] DMAR: DRHD base: 0x000000fed90000 flags: 0x0
<6>1 2021-01-18T09:03:40.982+00:00 MOON_SCU2 moon kernel  -  [    0.103746] DMAR: dmar0: reg_base_addr fed90000 ver 1:0 cap c0000020e60262 ecap f0101a
<6>1 2021-01-18T09:03:40.982+00:00 MOON_SCU2 moon kernel  -  [    0.103750] DMAR: DRHD base: 0x000000fed91000 flags: 0x1
<6>1 2021-01-18T09:03:40.982+00:00 MOON_SCU2 moon kernel  -  [    0.103766] DMAR: dmar1: reg_base_addr fed91000 ver 1:0 cap c9008020660262 ecap f010da
<6>1 2021-01-18T09:03:40.982+00:00 MOON_SCU2 moon kernel  -  [    0.103769] DMAR: RMRR base: 0x0000007adc8000 end: 0x0000007ade0fff
<6>1 2021-01-18T09:03:40.982+00:00 MOON_SCU2 moon kernel  -  [    0.103772] DMAR: RMRR base: 0x0000007b800000 end: 0x0000007f9fffff
<6>1 2021-01-18T09:03:40.982+00:00 MOON_SCU2 moon kernel  -  [    0.103776] DMAR-IR: IOAPIC id 2 under DRHD base  0xfed91000 IOMMU 1
<6>1 2021-01-18T09:03:40.982+00:00 MOON_SCU2 moon kernel  -  [    0.103778] DMAR-IR: HPET id 0 under DRHD base 0xfed91000
<6>1 2021-01-18T09:03:40.982+00:00 MOON_SCU2 moon kernel  -  [    0.103781] DMAR-IR: Queued invalidation will be enabled to support x2apic and Intr-remapping.
<6>1 2021-01-18T09:03:40.982+00:00 MOON_SCU2 moon kernel  -  [    0.104737] DMAR-IR: Enabled IRQ remapping in x2apic mode
<6>1 2021-01-18T09:03:40.982+00:00 MOON_SCU2 moon kernel  -  [    0.104742] x2apic enabled
<6>1 2021-01-18T09:03:40.982+00:00 MOON_SCU2 moon kernel  -  [    0.104751] Switched APIC routing to cluster x2apic.
<6>1 2021-01-18T09:03:40.982+00:00 MOON_SCU2 moon kernel  -  [    0.105252] ..TIMER: vector=0x30 apic1=0 pin1=2 apic2=-1 pin2=-1
<6>1 2021-01-18T09:03:40.982+00:00 MOON_SCU2 moon kernel  -  [    0.123733] clocksource: tsc-early: mask: 0xffffffffffffffff max_cycles: 0x1fb5c447c5c, max_idle_ns: 440795252441 ns
<6>1 2021-01-18T09:03:40.982+00:00 MOON_SCU2 moon kernel  -  [    0.123745] Calibrating delay loop (skipped), value calculated using timer frequency.. 4399.76 BogoMIPS (lpj=8799532)
<6>1 2021-01-18T09:03:40.982+00:00 MOON_SCU2 moon kernel  -  [    0.123814] process: using mwait in idle threads
<6>1 2021-01-18T09:03:40.982+00:00 MOON_SCU2 moon kernel  -  [    0.123819] Last level iTLB entries: 4KB 512, 2MB 8, 4MB 8
<6>1 2021-01-18T09:03:40.982+00:00 MOON_SCU2 moon kernel  -  [    0.123821] Last level dTLB entries: 4KB 512, 2MB 32, 4MB 32, 1GB 0
<6>1 2021-01-18T09:03:40.982+00:00 MOON_SCU2 moon kernel  -  [    0.123827] Spectre V1 : Mitigation: usercopy/swapgs barriers and __user pointer sanitization
<6>1 2021-01-18T09:03:40.982+00:00 MOON_SCU2 moon kernel  -  [    0.123831] Spectre V2 : Mitigation: Retpolines
<6>1 2021-01-18T09:03:40.982+00:00 MOON_SCU2 moon kernel  -  [    0.123833] Spectre V2 : Spectre v2 / SpectreRSB mitigation: Filling RSB on context switch
<6>1 2021-01-18T09:03:40.982+00:00 MOON_SCU2 moon kernel  -  [    0.123834] Spectre V2 : Spectre v2 / SpectreRSB : Filling RSB on VMEXIT
<6>1 2021-01-18T09:03:40.982+00:00 MOON_SCU2 moon kernel  -  [    0.123835] Speculative Store Bypass: Vulnerable
<6>1 2021-01-18T09:03:40.982+00:00 MOON_SCU2 moon kernel  -  [    0.123838] MDS: Vulnerable: Clear CPU buffers attempted, no microcode
<6>1 2021-01-18T09:03:40.982+00:00 MOON_SCU2 moon kernel  -  [    0.123839] MMIO Stale Data: Unknown: No mitigations
<6>1 2021-01-18T09:03:40.982+00:00 MOON_SCU2 moon kernel  -  [    0.123847] x86/fpu: Supporting XSAVE feature 0x001: 'x87 floating point registers'
<6>1 2021-01-18T09:03:40.982+00:00 MOON_SCU2 moon kernel  -  [    0.123849] x86/fpu: Supporting XSAVE feature 0x002: 'SSE registers'
<6>1 2021-01-18T09:03:40.982+00:00 MOON_SCU2 moon kernel  -  [    0.123851] x86/fpu: Supporting XSAVE feature 0x004: 'AVX registers'
<6>1 2021-01-18T09:03:40.982+00:00 MOON_SCU2 moon kernel  -  [    0.123853] x86/fpu: xstate_offset[2]:  576, xstate_sizes[2]:  256
<6>1 2021-01-18T09:03:40.982+00:00 MOON_SCU2 moon kernel  -  [    0.123855] x86/fpu: Enabled xstate features 0x7, context size is 832 bytes, using 'standard' format.
<6>1 2021-01-18T09:03:40.982+00:00 MOON_SCU2 moon kernel  -  [    0.147965] Freeing SMP alternatives memory: 36K
<6>1 2021-01-18T09:03:40.982+00:00 MOON_SCU2 moon kernel  -  [    0.147974] pid_max: default: 32768 minimum: 301
<6>1 2021-01-18T09:03:40.982+00:00 MOON_SCU2 moon kernel  -  [    0.148120] LSM: Security Framework initializing
<6>1 2021-01-18T09:03:40.982+00:00 MOON_SCU2 moon kernel  -  [    0.148171] landlock: Up and running.
<6>1 2021-01-18T09:03:40.982+00:00 MOON_SCU2 moon kernel  -  [    0.148173] Yama: disabled by default; enable with sysctl kernel.yama.*
<6>1 2021-01-18T09:03:40.982+00:00 MOON_SCU2 moon kernel  -  [    0.148231] AppArmor: AppArmor initialized
<6>1 2021-01-18T09:03:40.982+00:00 MOON_SCU2 moon kernel  -  [    0.148235] TOMOYO Linux initialized
<6>1 2021-01-18T09:03:40.982+00:00 MOON_SCU2 moon kernel  -  [    0.148244] LSM support for eBPF active
<6>1 2021-01-18T09:03:40.982+00:00 MOON_SCU2 moon kernel  -  [    0.148348] Mount-cache hash table entries: 4096 (order: 3, 32768 bytes, linear)
<6>1 2021-01-18T09:03:40.982+00:00 MOON_SCU2 moon kernel  -  [    0.148359] Mountpoint-cache hash table entries: 4096 (order: 3, 32768 bytes, linear)
<6>1 2021-01-18T09:03:40.983+00:00 MOON_SCU2 moon kernel  -  [    0.149137] smpboot: CPU0: Intel(R) Core(TM) i7-2655LE CPU @ 2.20GHz (family: 0x6, model: 0x2a, stepping: 0x7)
<6>1 2021-01-18T09:03:40.983+00:00 MOON_SCU2 moon kernel  -  [    0.149405] cblist_init_generic: Setting adjustable number of callback queues.
<6>1 2021-01-18T09:03:40.983+00:00 MOON_SCU2 moon kernel  -  [    0.149407] cblist_init_generic: Setting shift to 4 and lim to 1.
<6>1 2021-01-18T09:03:40.983+00:00 MOON_SCU2 moon kernel  -  [    0.149451] cblist_init_generic: Setting adjustable number of callback queues.
<6>1 2021-01-18T09:03:40.983+00:00 MOON_SCU2 moon kernel  -  [    0.149453] cblist_init_generic: Setting shift to 4 and lim to 1.
<6>1 2021-01-18T09:03:40.983+00:00 MOON_SCU2 moon kernel  -  [    0.149482] cblist_init_generic: Setting adjustable number of callback queues.
<6>1 2021-01-18T09:03:40.983+00:00 MOON_SCU2 moon kernel  -  [    0.149484] cblist_init_generic: Setting shift to 4 and lim to 1.
<6>1 2021-01-18T09:03:40.983+00:00 MOON_SCU2 moon kernel  -  [    0.149518] Performance Events: PEBS fmt1+, SandyBridge events, 16-deep LBR, full-width counters, Intel PMU driver.
<6>1 2021-01-18T09:03:40.983+00:00 MOON_SCU2 moon kernel  -  [    0.149548] core: PEBS disabled due to CPU errata, please upgrade microcode
<6>1 2021-01-18T09:03:40.983+00:00 MOON_SCU2 moon kernel  -  [    0.149551] ... version:                3
<6>1 2021-01-18T09:03:40.983+00:00 MOON_SCU2 moon kernel  -  [    0.149552] ... bit width:              48
<6>1 2021-01-18T09:03:40.983+00:00 MOON_SCU2 moon kernel  -  [    0.149554] ... generic registers:      8
<6>1 2021-01-18T09:03:40.983+00:00 MOON_SCU2 moon kernel  -  [    0.149555] ... value mask:             0000ffffffffffff
<6>1 2021-01-18T09:03:40.983+00:00 MOON_SCU2 moon kernel  -  [    0.149557] ... max period:             00007fffffffffff
<6>1 2021-01-18T09:03:40.983+00:00 MOON_SCU2 moon kernel  -  [    0.149558] ... fixed-purpose events:   3
<6>1 2021-01-18T09:03:40.983+00:00 MOON_SCU2 moon kernel  -  [    0.149559] ... event mask:             00000007000000ff
<6>1 2021-01-18T09:03:40.983+00:00 MOON_SCU2 moon kernel  -  [    0.149832] signal: max sigframe size: 1776
<6>1 2021-01-18T09:03:40.983+00:00 MOON_SCU2 moon kernel  -  [    0.149863] Estimated ratio of average max frequency by base frequency (times 1024): 1024
<6>1 2021-01-18T09:03:40.983+00:00 MOON_SCU2 moon kernel  -  [    0.149903] rcu: Hierarchical SRCU implementation.
<6>1 2021-01-18T09:03:40.983+00:00 MOON_SCU2 moon kernel  -  [    0.149905] rcu: 	Max phase no-delay instances is 1000.
<6>1 2021-01-18T09:03:40.983+00:00 MOON_SCU2 moon kernel  -  [    0.151739] NMI watchdog: Enabled. Permanently consumes one hw-PMU counter.
<6>1 2021-01-18T09:03:40.983+00:00 MOON_SCU2 moon kernel  -  [    0.151739] smp: Bringing up secondary CPUs ...
<6>1 2021-01-18T09:03:40.983+00:00 MOON_SCU2 moon kernel  -  [    0.151739] x86: Booting SMP configuration:
<6>1 2021-01-18T09:03:40.983+00:00 MOON_SCU2 moon kernel  -  [    0.151739] .... node  #0, CPUs:        #1
<6>1 2021-01-18T09:03:40.983+00:00 MOON_SCU2 moon kernel  -  [    0.151871] smp: Brought up 1 node, 2 CPUs
<6>1 2021-01-18T09:03:40.983+00:00 MOON_SCU2 moon kernel  -  [    0.151871] smpboot: Max logical packages: 8
<6>1 2021-01-18T09:03:40.983+00:00 MOON_SCU2 moon kernel  -  [    0.151871] smpboot: Total of 2 processors activated (8799.53 BogoMIPS)
<6>1 2021-01-18T09:03:40.983+00:00 MOON_SCU2 moon kernel  -  [    0.154417] devtmpfs: initialized
<6>1 2021-01-18T09:03:40.983+00:00 MOON_SCU2 moon kernel  -  [    0.154541] x86/mm: Memory block size: 128MB
<6>1 2021-01-18T09:03:40.983+00:00 MOON_SCU2 moon kernel  -  [    0.155344] ACPI: PM: Registering ACPI NVS region [mem 0x7af42000-0x7af90fff] (323584 bytes)
<6>1 2021-01-18T09:03:40.983+00:00 MOON_SCU2 moon kernel  -  [    0.155365] ACPI: PM: Registering ACPI NVS region [mem 0x7af96000-0x7afe7fff] (335872 bytes)
<6>1 2021-01-18T09:03:40.983+00:00 MOON_SCU2 moon kernel  -  [    0.155452] clocksource: jiffies: mask: 0xffffffff max_cycles: 0xffffffff, max_idle_ns: 7645041785100000 ns
<6>1 2021-01-18T09:03:40.983+00:00 MOON_SCU2 moon kernel  -  [    0.155486] futex hash table entries: 4096 (order: 6, 262144 bytes, linear)
<6>1 2021-01-18T09:03:40.983+00:00 MOON_SCU2 moon kernel  -  [    0.155581] pinctrl core: initialized pinctrl subsystem
<6>1 2021-01-18T09:03:40.983+00:00 MOON_SCU2 moon kernel  -  [    0.156809] NET: Registered PF_NETLINK/PF_ROUTE protocol family
<6>1 2021-01-18T09:03:40.983+00:00 MOON_SCU2 moon kernel  -  [    0.157079] DMA: preallocated 256 KiB GFP_KERNEL pool for atomic allocations
<6>1 2021-01-18T09:03:40.983+00:00 MOON_SCU2 moon kernel  -  [    0.157120] DMA: preallocated 256 KiB GFP_KERNEL|GFP_DMA pool for atomic allocations
<6>1 2021-01-18T09:03:40.983+00:00 MOON_SCU2 moon kernel  -  [    0.157159] DMA: preallocated 256 KiB GFP_KERNEL|GFP_DMA32 pool for atomic allocations
<6>1 2021-01-18T09:03:40.983+00:00 MOON_SCU2 moon kernel  -  [    0.157177] audit: initializing netlink subsys (disabled)
<6>1 2021-01-18T09:03:40.983+00:00 MOON_SCU2 moon kernel  -  [    0.157458] thermal_sys: Registered thermal governor 'fair_share'
<6>1 2021-01-18T09:03:40.983+00:00 MOON_SCU2 moon kernel  -  [    0.157461] thermal_sys: Registered thermal governor 'bang_bang'
<6>1 2021-01-18T09:03:40.983+00:00 MOON_SCU2 moon kernel  -  [    0.157463] thermal_sys: Registered thermal governor 'step_wise'
<6>1 2021-01-18T09:03:40.983+00:00 MOON_SCU2 moon kernel  -  [    0.157464] thermal_sys: Registered thermal governor 'user_space'
<6>1 2021-01-18T09:03:40.983+00:00 MOON_SCU2 moon kernel  -  [    0.157466] thermal_sys: Registered thermal governor 'power_allocator'
<6>1 2021-01-18T09:03:40.983+00:00 MOON_SCU2 moon kernel  -  [    0.157489] cpuidle: using governor ladder
<6>1 2021-01-18T09:03:40.983+00:00 MOON_SCU2 moon kernel  -  [    0.157497] cpuidle: using governor menu
<6>1 2021-01-18T09:03:40.983+00:00 MOON_SCU2 moon kernel  -  [    0.157629] ACPI FADT declares the system doesn't support PCIe ASPM, so disable it
<6>1 2021-01-18T09:03:40.983+00:00 MOON_SCU2 moon kernel  -  [    0.157632] acpiphp: ACPI Hot Plug PCI Controller Driver version: 0.5
<6>1 2021-01-18T09:03:40.983+00:00 MOON_SCU2 moon kernel  -  [    0.157769] PCI: MMCONFIG for domain 0000 [bus 00-3f] at [mem 0xf8000000-0xfbffffff] (base 0xf8000000)
<6>1 2021-01-18T09:03:40.983+00:00 MOON_SCU2 moon kernel  -  [    0.157777] PCI: MMCONFIG at [mem 0xf8000000-0xfbffffff] reserved in E820
<6>1 2021-01-18T09:03:40.983+00:00 MOON_SCU2 moon kernel  -  [    0.157797] PCI: Using configuration type 1 for base access
<6>1 2021-01-18T09:03:40.983+00:00 MOON_SCU2 moon kernel  -  [    0.157954] core: PMU erratum BJ122, BV98, HSD29 workaround disabled, HT off
<4>1 2021-01-18T09:03:40.983+00:00 MOON_SCU2 moon kernel  -  [    0.158060] ENERGY_PERF_BIAS: Set to 'normal', was 'performance'
<5>1 2021-01-18T09:03:40.983+00:00 MOON_SCU2 moon kernel  -  [    0.158071] audit: type=2000 audit(3232842492.052:1): state=initialized audit_enabled=0 res=1
<6>1 2021-01-18T09:03:40.983+00:00 MOON_SCU2 moon kernel  -  [    0.159842] kprobes: kprobe jump-optimization is enabled. All kprobes are optimized if possible.
<6>1 2021-01-18T09:03:40.983+00:00 MOON_SCU2 moon kernel  -  [    0.187761] HugeTLB: registered 2.00 MiB page size, pre-allocated 0 pages
<6>1 2021-01-18T09:03:40.983+00:00 MOON_SCU2 moon kernel  -  [    0.187764] HugeTLB: 28 KiB vmemmap can be freed for a 2.00 MiB page
<6>1 2021-01-18T09:03:40.983+00:00 MOON_SCU2 moon kernel  -  [    0.196110] ACPI: Added _OSI(Module Device)
<6>1 2021-01-18T09:03:40.983+00:00 MOON_SCU2 moon kernel  -  [    0.196113] ACPI: Added _OSI(Processor Device)
<6>1 2021-01-18T09:03:40.983+00:00 MOON_SCU2 moon kernel  -  [    0.196115] ACPI: Added _OSI(3.0 _SCP Extensions)
<6>1 2021-01-18T09:03:40.984+00:00 MOON_SCU2 moon kernel  -  [    0.196117] ACPI: Added _OSI(Processor Aggregator Device)
<6>1 2021-01-18T09:03:40.984+00:00 MOON_SCU2 moon kernel  -  [    0.202501] ACPI: 3 ACPI AML tables successfully acquired and loaded
<5>1 2021-01-18T09:03:40.984+00:00 MOON_SCU2 moon kernel  -  [    0.203560] ACPI: [Firmware Bug]: BIOS _OSI(Linux) query ignored
<6>1 2021-01-18T09:03:40.984+00:00 MOON_SCU2 moon kernel  -  [    0.212609] ACPI: Interpreter enabled
<6>1 2021-01-18T09:03:40.984+00:00 MOON_SCU2 moon kernel  -  [    0.212635] ACPI: PM: (supports S0 S4 S5)
<6>1 2021-01-18T09:03:40.984+00:00 MOON_SCU2 moon kernel  -  [    0.212637] ACPI: Using IOAPIC for interrupt routing
<6>1 2021-01-18T09:03:40.984+00:00 MOON_SCU2 moon kernel  -  [    0.212679] PCI: Using host bridge windows from ACPI; if necessary, use "pci=nocrs" and report a bug
<6>1 2021-01-18T09:03:40.984+00:00 MOON_SCU2 moon kernel  -  [    0.212681] PCI: Using E820 reservations for host bridge windows
<6>1 2021-01-18T09:03:40.984+00:00 MOON_SCU2 moon kernel  -  [    0.212924] ACPI: Enabled 14 GPEs in block 00 to 3F
<6>1 2021-01-18T09:03:40.984+00:00 MOON_SCU2 moon kernel  -  [    0.230848] ACPI: PCI Root Bridge [PCI0] (domain 0000 [bus 00-3e])
<6>1 2021-01-18T09:03:40.984+00:00 MOON_SCU2 moon kernel  -  [    0.230860] acpi PNP0A08:00: _OSC: OS supports [ExtendedConfig ASPM ClockPM Segments MSI HPX-Type3]
<6>1 2021-01-18T09:03:40.984+00:00 MOON_SCU2 moon kernel  -  [    0.230919] acpi PNP0A08:00: _OSC: OS requested [PCIeHotplug SHPCHotplug PME AER PCIeCapability LTR]
<6>1 2021-01-18T09:03:40.984+00:00 MOON_SCU2 moon kernel  -  [    0.230923] acpi PNP0A08:00: _OSC: platform willing to grant [PCIeHotplug SHPCHotplug PME AER PCIeCapability LTR]
<6>1 2021-01-18T09:03:40.984+00:00 MOON_SCU2 moon kernel  -  [    0.230926] acpi PNP0A08:00: _OSC: platform retains control of PCIe features (AE_ERROR)
<6>1 2021-01-18T09:03:40.984+00:00 MOON_SCU2 moon kernel  -  [    0.231691] PCI host bridge to bus 0000:00
<6>1 2021-01-18T09:03:40.984+00:00 MOON_SCU2 moon kernel  -  [    0.231695] pci_bus 0000:00: root bus resource [io  0x0000-0x0cf7 window]
<6>1 2021-01-18T09:03:40.984+00:00 MOON_SCU2 moon kernel  -  [    0.231699] pci_bus 0000:00: root bus resource [io  0x0d00-0xffff window]
<6>1 2021-01-18T09:03:40.984+00:00 MOON_SCU2 moon kernel  -  [    0.231702] pci_bus 0000:00: root bus resource [mem 0x000a0000-0x000bffff window]
<6>1 2021-01-18T09:03:40.984+00:00 MOON_SCU2 moon kernel  -  [    0.231706] pci_bus 0000:00: root bus resource [mem 0x000d0000-0x000e7fff window]
<6>1 2021-01-18T09:03:40.984+00:00 MOON_SCU2 moon kernel  -  [    0.231709] pci_bus 0000:00: root bus resource [mem 0x7fa00000-0xfeafffff window]
<6>1 2021-01-18T09:03:40.984+00:00 MOON_SCU2 moon kernel  -  [    0.231711] pci_bus 0000:00: root bus resource [mem 0xfed40000-0xfed44fff window]
<6>1 2021-01-18T09:03:40.984+00:00 MOON_SCU2 moon kernel  -  [    0.231714] pci_bus 0000:00: root bus resource [bus 00-3e]
<6>1 2021-01-18T09:03:40.984+00:00 MOON_SCU2 moon kernel  -  [    0.231738] pci 0000:00:00.0: [8086:0104] type 00 class 0x060000
<6>1 2021-01-18T09:03:40.984+00:00 MOON_SCU2 moon kernel  -  [    0.231852] pci 0000:00:01.0: [8086:0101] type 01 class 0x060400
<6>1 2021-01-18T09:03:40.984+00:00 MOON_SCU2 moon kernel  -  [    0.231909] pci 0000:00:01.0: PME# supported from D0 D3hot D3cold
<6>1 2021-01-18T09:03:40.984+00:00 MOON_SCU2 moon kernel  -  [    0.232050] pci 0000:00:01.1: [8086:0105] type 01 class 0x060400
<6>1 2021-01-18T09:03:40.984+00:00 MOON_SCU2 moon kernel  -  [    0.232105] pci 0000:00:01.1: PME# supported from D0 D3hot D3cold
<6>1 2021-01-18T09:03:40.984+00:00 MOON_SCU2 moon kernel  -  [    0.232242] pci 0000:00:02.0: [8086:0116] type 00 class 0x030000
<6>1 2021-01-18T09:03:40.984+00:00 MOON_SCU2 moon kernel  -  [    0.232255] pci 0000:00:02.0: reg 0x10: [mem 0xf5c00000-0xf5ffffff 64bit]
<6>1 2021-01-18T09:03:40.984+00:00 MOON_SCU2 moon kernel  -  [    0.232265] pci 0000:00:02.0: reg 0x18: [mem 0xe0000000-0xefffffff 64bit pref]
<6>1 2021-01-18T09:03:40.984+00:00 MOON_SCU2 moon kernel  -  [    0.232271] pci 0000:00:02.0: reg 0x20: [io  0xe000-0xe03f]
<6>1 2021-01-18T09:03:40.984+00:00 MOON_SCU2 moon kernel  -  [    0.232291] pci 0000:00:02.0: Video device with shadowed ROM at [mem 0x000c0000-0x000dffff]
<6>1 2021-01-18T09:03:40.984+00:00 MOON_SCU2 moon kernel  -  [    0.232467] pci 0000:00:19.0: [8086:1502] type 00 class 0x020000
<6>1 2021-01-18T09:03:40.984+00:00 MOON_SCU2 moon kernel  -  [    0.232489] pci 0000:00:19.0: reg 0x10: [mem 0xf7e00000-0xf7e1ffff]
<6>1 2021-01-18T09:03:40.984+00:00 MOON_SCU2 moon kernel  -  [    0.232502] pci 0000:00:19.0: reg 0x14: [mem 0xf7e25000-0xf7e25fff]
<6>1 2021-01-18T09:03:40.984+00:00 MOON_SCU2 moon kernel  -  [    0.232515] pci 0000:00:19.0: reg 0x18: [io  0xe080-0xe09f]
<6>1 2021-01-18T09:03:40.984+00:00 MOON_SCU2 moon kernel  -  [    0.232600] pci 0000:00:19.0: PME# supported from D0 D3hot D3cold
<6>1 2021-01-18T09:03:40.984+00:00 MOON_SCU2 moon kernel  -  [    0.232725] pci 0000:00:1a.0: [8086:1c2d] type 00 class 0x0c0320
<6>1 2021-01-18T09:03:40.984+00:00 MOON_SCU2 moon kernel  -  [    0.232749] pci 0000:00:1a.0: reg 0x10: [mem 0xf7e24000-0xf7e243ff]
<6>1 2021-01-18T09:03:40.984+00:00 MOON_SCU2 moon kernel  -  [    0.232871] pci 0000:00:1a.0: PME# supported from D0 D3hot D3cold
<6>1 2021-01-18T09:03:40.984+00:00 MOON_SCU2 moon kernel  -  [    0.233013] pci 0000:00:1c.0: [8086:1c10] type 01 class 0x060400
<6>1 2021-01-18T09:03:40.984+00:00 MOON_SCU2 moon kernel  -  [    0.233172] pci 0000:00:1c.0: PME# supported from D0 D3hot D3cold
<6>1 2021-01-18T09:03:40.984+00:00 MOON_SCU2 moon kernel  -  [    0.233212] pci 0000:00:1c.0: Enabling MPC IRBNCE
<6>1 2021-01-18T09:03:40.984+00:00 MOON_SCU2 moon kernel  -  [    0.233216] pci 0000:00:1c.0: Intel PCH root port ACS workaround enabled
<6>1 2021-01-18T09:03:40.984+00:00 MOON_SCU2 moon kernel  -  [    0.233391] pci 0000:00:1c.4: [8086:1c18] type 01 class 0x060400
<6>1 2021-01-18T09:03:40.984+00:00 MOON_SCU2 moon kernel  -  [    0.233520] pci 0000:00:1c.4: PME# supported from D0 D3hot D3cold
<6>1 2021-01-18T09:03:40.984+00:00 MOON_SCU2 moon kernel  -  [    0.233549] pci 0000:00:1c.4: Enabling MPC IRBNCE
<6>1 2021-01-18T09:03:40.984+00:00 MOON_SCU2 moon kernel  -  [    0.233553] pci 0000:00:1c.4: Intel PCH root port ACS workaround enabled
<6>1 2021-01-18T09:03:40.984+00:00 MOON_SCU2 moon kernel  -  [    0.233682] pci 0000:00:1c.7: [8086:1c1e] type 01 class 0x060400
<6>1 2021-01-18T09:03:40.984+00:00 MOON_SCU2 moon kernel  -  [    0.233812] pci 0000:00:1c.7: PME# supported from D0 D3hot D3cold
<6>1 2021-01-18T09:03:40.985+00:00 MOON_SCU2 moon kernel  -  [    0.233841] pci 0000:00:1c.7: Enabling MPC IRBNCE
<6>1 2021-01-18T09:03:40.985+00:00 MOON_SCU2 moon kernel  -  [    0.233844] pci 0000:00:1c.7: Intel PCH root port ACS workaround enabled
<6>1 2021-01-18T09:03:40.985+00:00 MOON_SCU2 moon kernel  -  [    0.233974] pci 0000:00:1d.0: [8086:1c26] type 00 class 0x0c0320
<6>1 2021-01-18T09:03:40.985+00:00 MOON_SCU2 moon kernel  -  [    0.233999] pci 0000:00:1d.0: reg 0x10: [mem 0xf7e23000-0xf7e233ff]
<6>1 2021-01-18T09:03:40.985+00:00 MOON_SCU2 moon kernel  -  [    0.234116] pci 0000:00:1d.0: PME# supported from D0 D3hot D3cold
<6>1 2021-01-18T09:03:40.985+00:00 MOON_SCU2 moon kernel  -  [    0.234262] pci 0000:00:1f.0: [8086:1c4f] type 00 class 0x060100
<6>1 2021-01-18T09:03:40.985+00:00 MOON_SCU2 moon kernel  -  [    0.234527] pci 0000:00:1f.2: [8086:1c03] type 00 class 0x010601
<6>1 2021-01-18T09:03:40.985+00:00 MOON_SCU2 moon kernel  -  [    0.234549] pci 0000:00:1f.2: reg 0x10: [io  0xe0d0-0xe0d7]
<6>1 2021-01-18T09:03:40.985+00:00 MOON_SCU2 moon kernel  -  [    0.234562] pci 0000:00:1f.2: reg 0x14: [io  0xe0c0-0xe0c3]
<6>1 2021-01-18T09:03:40.985+00:00 MOON_SCU2 moon kernel  -  [    0.234573] pci 0000:00:1f.2: reg 0x18: [io  0xe0b0-0xe0b7]
<6>1 2021-01-18T09:03:40.985+00:00 MOON_SCU2 moon kernel  -  [    0.234585] pci 0000:00:1f.2: reg 0x1c: [io  0xe0a0-0xe0a3]
<6>1 2021-01-18T09:03:40.985+00:00 MOON_SCU2 moon kernel  -  [    0.234597] pci 0000:00:1f.2: reg 0x20: [io  0xe060-0xe07f]
<6>1 2021-01-18T09:03:40.985+00:00 MOON_SCU2 moon kernel  -  [    0.234609] pci 0000:00:1f.2: reg 0x24: [mem 0xf7e22000-0xf7e227ff]
<6>1 2021-01-18T09:03:40.985+00:00 MOON_SCU2 moon kernel  -  [    0.234671] pci 0000:00:1f.2: PME# supported from D3hot
<6>1 2021-01-18T09:03:40.985+00:00 MOON_SCU2 moon kernel  -  [    0.234794] pci 0000:00:1f.3: [8086:1c22] type 00 class 0x0c0500
<6>1 2021-01-18T09:03:40.985+00:00 MOON_SCU2 moon kernel  -  [    0.234822] pci 0000:00:1f.3: reg 0x10: [mem 0xf7e21000-0xf7e210ff 64bit]
<6>1 2021-01-18T09:03:40.985+00:00 MOON_SCU2 moon kernel  -  [    0.234853] pci 0000:00:1f.3: reg 0x20: [io  0xe040-0xe05f]
<6>1 2021-01-18T09:03:40.985+00:00 MOON_SCU2 moon kernel  -  [    0.234984] pci 0000:00:1f.6: [8086:1c24] type 00 class 0x118000
<6>1 2021-01-18T09:03:40.985+00:00 MOON_SCU2 moon kernel  -  [    0.235015] pci 0000:00:1f.6: reg 0x10: [mem 0xf7e20000-0xf7e20fff 64bit]
<6>1 2021-01-18T09:03:40.985+00:00 MOON_SCU2 moon kernel  -  [    0.235208] pci 0000:00:01.0: PCI bridge to [bus 01]
<6>1 2021-01-18T09:03:40.985+00:00 MOON_SCU2 moon kernel  -  [    0.235253] pci 0000:00:01.1: PCI bridge to [bus 02]
<6>1 2021-01-18T09:03:40.985+00:00 MOON_SCU2 moon kernel  -  [    0.235340] pci 0000:00:1c.0: PCI bridge to [bus 03]
<6>1 2021-01-18T09:03:40.985+00:00 MOON_SCU2 moon kernel  -  [    0.235347] pci 0000:00:1c.0:   bridge window [io  0xd000-0xdfff]
<6>1 2021-01-18T09:03:40.985+00:00 MOON_SCU2 moon kernel  -  [    0.235353] pci 0000:00:1c.0:   bridge window [mem 0xf7400000-0xf7dfffff]
<6>1 2021-01-18T09:03:40.985+00:00 MOON_SCU2 moon kernel  -  [    0.235363] pci 0000:00:1c.0:   bridge window [mem 0xf1400000-0xf1dfffff 64bit pref]
<6>1 2021-01-18T09:03:40.985+00:00 MOON_SCU2 moon kernel  -  [    0.235478] pci 0000:04:00.0: [8086:1510] type 00 class 0x020000
<6>1 2021-01-18T09:03:40.985+00:00 MOON_SCU2 moon kernel  -  [    0.235510] pci 0000:04:00.0: reg 0x10: [mem 0xf6a80000-0xf6afffff]
<6>1 2021-01-18T09:03:40.985+00:00 MOON_SCU2 moon kernel  -  [    0.235543] pci 0000:04:00.0: reg 0x18: [io  0xc020-0xc03f]
<6>1 2021-01-18T09:03:40.985+00:00 MOON_SCU2 moon kernel  -  [    0.235561] pci 0000:04:00.0: reg 0x1c: [mem 0xf6b04000-0xf6b07fff]
<6>1 2021-01-18T09:03:40.985+00:00 MOON_SCU2 moon kernel  -  [    0.235733] pci 0000:04:00.0: PME# supported from D0 D3hot
<6>1 2021-01-18T09:03:40.985+00:00 MOON_SCU2 moon kernel  -  [    0.237562] pci 0000:04:00.0: 8.000 Gb/s available PCIe bandwidth, limited by 5.0 GT/s PCIe x2 link at 0000:00:1c.4 (capable of 16.000 Gb/s with 5.0 GT/s PCIe x4 link)
<6>1 2021-01-18T09:03:40.985+00:00 MOON_SCU2 moon kernel  -  [    0.237750] pci 0000:04:00.1: [8086:150e] type 00 class 0x020000
<6>1 2021-01-18T09:03:40.985+00:00 MOON_SCU2 moon kernel  -  [    0.237784] pci 0000:04:00.1: reg 0x10: [mem 0xf6a00000-0xf6a7ffff]
<6>1 2021-01-18T09:03:40.985+00:00 MOON_SCU2 moon kernel  -  [    0.237816] pci 0000:04:00.1: reg 0x18: [io  0xc000-0xc01f]
<6>1 2021-01-18T09:03:40.985+00:00 MOON_SCU2 moon kernel  -  [    0.237834] pci 0000:04:00.1: reg 0x1c: [mem 0xf6b00000-0xf6b03fff]
<6>1 2021-01-18T09:03:40.985+00:00 MOON_SCU2 moon kernel  -  [    0.237998] pci 0000:04:00.1: PME# supported from D0 D3hot
<6>1 2021-01-18T09:03:40.985+00:00 MOON_SCU2 moon kernel  -  [    0.238203] pci 0000:00:1c.4: PCI bridge to [bus 04]
<6>1 2021-01-18T09:03:40.985+00:00 MOON_SCU2 moon kernel  -  [    0.238210] pci 0000:00:1c.4:   bridge window [io  0xc000-0xcfff]
<6>1 2021-01-18T09:03:40.985+00:00 MOON_SCU2 moon kernel  -  [    0.238215] pci 0000:00:1c.4:   bridge window [mem 0xf6a00000-0xf73fffff]
<6>1 2021-01-18T09:03:40.985+00:00 MOON_SCU2 moon kernel  -  [    0.238224] pci 0000:00:1c.4:   bridge window [mem 0xf0a00000-0xf13fffff 64bit pref]
<6>1 2021-01-18T09:03:40.985+00:00 MOON_SCU2 moon kernel  -  [    0.238299] pci 0000:00:1c.7: PCI bridge to [bus 05]
<6>1 2021-01-18T09:03:40.985+00:00 MOON_SCU2 moon kernel  -  [    0.238306] pci 0000:00:1c.7:   bridge window [io  0xb000-0xbfff]
<6>1 2021-01-18T09:03:40.985+00:00 MOON_SCU2 moon kernel  -  [    0.238311] pci 0000:00:1c.7:   bridge window [mem 0xf6000000-0xf69fffff]
<6>1 2021-01-18T09:03:40.985+00:00 MOON_SCU2 moon kernel  -  [    0.238319] pci 0000:00:1c.7:   bridge window [mem 0xf0000000-0xf09fffff 64bit pref]
<6>1 2021-01-18T09:03:40.985+00:00 MOON_SCU2 moon kernel  -  [    0.239058] ACPI: PCI: Interrupt link LNKA configured for IRQ 11
<6>1 2021-01-18T09:03:40.985+00:00 MOON_SCU2 moon kernel  -  [    0.239128] ACPI: PCI: Interrupt link LNKB configured for IRQ 5
<6>1 2021-01-18T09:03:40.985+00:00 MOON_SCU2 moon kernel  -  [    0.239194] ACPI: PCI: Interrupt link LNKC configured for IRQ 5
<6>1 2021-01-18T09:03:40.985+00:00 MOON_SCU2 moon kernel  -  [    0.239258] ACPI: PCI: Interrupt link LNKD configured for IRQ 11
<6>1 2021-01-18T09:03:40.985+00:00 MOON_SCU2 moon kernel  -  [    0.239331] ACPI: PCI: Interrupt link LNKE configured for IRQ 10
<6>1 2021-01-18T09:03:40.985+00:00 MOON_SCU2 moon kernel  -  [    0.239397] ACPI: PCI: Interrupt link LNKF configured for IRQ 0
<6>1 2021-01-18T09:03:40.985+00:00 MOON_SCU2 moon kernel  -  [    0.239400] ACPI: PCI: Interrupt link LNKF disabled
<6>1 2021-01-18T09:03:40.985+00:00 MOON_SCU2 moon kernel  -  [    0.239465] ACPI: PCI: Interrupt link LNKG configured for IRQ 0
<6>1 2021-01-18T09:03:40.985+00:00 MOON_SCU2 moon kernel  -  [    0.239467] ACPI: PCI: Interrupt link LNKG disabled
<6>1 2021-01-18T09:03:40.985+00:00 MOON_SCU2 moon kernel  -  [    0.239539] ACPI: PCI: Interrupt link LNKH configured for IRQ 10
<6>1 2021-01-18T09:03:40.985+00:00 MOON_SCU2 moon kernel  -  [    0.239819] iommu: Default domain type: Translated 
<6>1 2021-01-18T09:03:40.985+00:00 MOON_SCU2 moon kernel  -  [    0.239822] iommu: DMA domain TLB invalidation policy: lazy mode 
<6>1 2021-01-18T09:03:40.985+00:00 MOON_SCU2 moon kernel  -  [    0.239948] pps_core: LinuxPPS API ver. 1 registered
<6>1 2021-01-18T09:03:40.985+00:00 MOON_SCU2 moon kernel  -  [    0.239951] pps_core: Software ver. 5.3.6 - Copyright 2005-2007 Rodolfo Giometti <giometti@linux.it>
<6>1 2021-01-18T09:03:40.985+00:00 MOON_SCU2 moon kernel  -  [    0.239955] PTP clock support registered
<6>1 2021-01-18T09:03:40.985+00:00 MOON_SCU2 moon kernel  -  [    0.239970] EDAC MC: Ver: 3.0.0
<6>1 2021-01-18T09:03:40.986+00:00 MOON_SCU2 moon kernel  -  [    0.240483] NetLabel: Initializing
<6>1 2021-01-18T09:03:40.986+00:00 MOON_SCU2 moon kernel  -  [    0.240486] NetLabel:  domain hash size = 128
<6>1 2021-01-18T09:03:40.986+00:00 MOON_SCU2 moon kernel  -  [    0.240487] NetLabel:  protocols = UNLABELED CIPSOv4 CALIPSO
<6>1 2021-01-18T09:03:40.986+00:00 MOON_SCU2 moon kernel  -  [    0.240515] NetLabel:  unlabeled traffic allowed by default
<6>1 2021-01-18T09:03:40.986+00:00 MOON_SCU2 moon kernel  -  [    0.240518] PCI: Using ACPI for IRQ routing
<7>1 2021-01-18T09:03:40.986+00:00 MOON_SCU2 moon kernel  -  [    0.242277] PCI: pci_cache_line_size set to 64 bytes
<7>1 2021-01-18T09:03:40.986+00:00 MOON_SCU2 moon kernel  -  [    0.242341] e820: reserve RAM buffer [mem 0x0009b400-0x0009ffff]
<7>1 2021-01-18T09:03:40.986+00:00 MOON_SCU2 moon kernel  -  [    0.242344] e820: reserve RAM buffer [mem 0x7ad1f000-0x7bffffff]
<7>1 2021-01-18T09:03:40.986+00:00 MOON_SCU2 moon kernel  -  [    0.242348] e820: reserve RAM buffer [mem 0x7ad9e000-0x7bffffff]
<7>1 2021-01-18T09:03:40.986+00:00 MOON_SCU2 moon kernel  -  [    0.242350] e820: reserve RAM buffer [mem 0x7ada0000-0x7bffffff]
<7>1 2021-01-18T09:03:40.986+00:00 MOON_SCU2 moon kernel  -  [    0.242353] e820: reserve RAM buffer [mem 0x7af42000-0x7bffffff]
<7>1 2021-01-18T09:03:40.986+00:00 MOON_SCU2 moon kernel  -  [    0.242355] e820: reserve RAM buffer [mem 0x7af96000-0x7bffffff]
<7>1 2021-01-18T09:03:40.986+00:00 MOON_SCU2 moon kernel  -  [    0.242357] e820: reserve RAM buffer [mem 0x7affd000-0x7bffffff]
<7>1 2021-01-18T09:03:40.986+00:00 MOON_SCU2 moon kernel  -  [    0.242359] e820: reserve RAM buffer [mem 0x100600000-0x103ffffff]
<6>1 2021-01-18T09:03:40.986+00:00 MOON_SCU2 moon kernel  -  [    0.242417] pci 0000:00:02.0: vgaarb: setting as boot VGA device
<6>1 2021-01-18T09:03:40.986+00:00 MOON_SCU2 moon kernel  -  [    0.242421] pci 0000:00:02.0: vgaarb: bridge control possible
<6>1 2021-01-18T09:03:40.986+00:00 MOON_SCU2 moon kernel  -  [    0.242423] pci 0000:00:02.0: vgaarb: VGA device added: decodes=io+mem,owns=io+mem,locks=none
<6>1 2021-01-18T09:03:40.986+00:00 MOON_SCU2 moon kernel  -  [    0.242428] vgaarb: loaded
<6>1 2021-01-18T09:03:40.986+00:00 MOON_SCU2 moon kernel  -  [    0.242537] hpet0: at MMIO 0xfed00000, IRQs 2, 8, 0, 0, 0, 0, 0, 0
<6>1 2021-01-18T09:03:40.986+00:00 MOON_SCU2 moon kernel  -  [    0.242549] hpet0: 8 comparators, 64-bit 14.318180 MHz counter
<6>1 2021-01-18T09:03:40.986+00:00 MOON_SCU2 moon kernel  -  [    0.244790] clocksource: Switched to clocksource tsc-early
<5>1 2021-01-18T09:03:40.986+00:00 MOON_SCU2 moon kernel  -  [    0.262754] VFS: Disk quotas dquot_6.6.0
<6>1 2021-01-18T09:03:40.986+00:00 MOON_SCU2 moon kernel  -  [    0.262794] VFS: Dquot-cache hash table entries: 512 (order 0, 4096 bytes)
<6>1 2021-01-18T09:03:40.986+00:00 MOON_SCU2 moon kernel  -  [    0.263063] AppArmor: AppArmor Filesystem Enabled
<6>1 2021-01-18T09:03:40.986+00:00 MOON_SCU2 moon kernel  -  [    0.263093] pnp: PnP ACPI init
<6>1 2021-01-18T09:03:40.986+00:00 MOON_SCU2 moon kernel  -  [    0.263311] system 00:00: [io  0x0680-0x069f] has been reserved
<6>1 2021-01-18T09:03:40.986+00:00 MOON_SCU2 moon kernel  -  [    0.263317] system 00:00: [io  0x1000-0x1003] has been reserved
<6>1 2021-01-18T09:03:40.986+00:00 MOON_SCU2 moon kernel  -  [    0.263320] system 00:00: [io  0x1100-0x110f] has been reserved
<6>1 2021-01-18T09:03:40.986+00:00 MOON_SCU2 moon kernel  -  [    0.263323] system 00:00: [io  0xffff] has been reserved
<6>1 2021-01-18T09:03:40.986+00:00 MOON_SCU2 moon kernel  -  [    0.263326] system 00:00: [io  0x0400-0x0453] has been reserved
<6>1 2021-01-18T09:03:40.986+00:00 MOON_SCU2 moon kernel  -  [    0.263329] system 00:00: [io  0x0458-0x047f] has been reserved
<6>1 2021-01-18T09:03:40.986+00:00 MOON_SCU2 moon kernel  -  [    0.263332] system 00:00: [io  0x0500-0x057f] has been reserved
<6>1 2021-01-18T09:03:40.986+00:00 MOON_SCU2 moon kernel  -  [    0.263334] system 00:00: [io  0x164e-0x164f] has been reserved
<6>1 2021-01-18T09:03:40.986+00:00 MOON_SCU2 moon kernel  -  [    0.263464] system 00:02: [io  0x0454-0x0457] has been reserved
<6>1 2021-01-18T09:03:40.986+00:00 MOON_SCU2 moon kernel  -  [    0.263640] system 00:03: [io  0x0680-0x068f] has been reserved
<6>1 2021-01-18T09:03:40.986+00:00 MOON_SCU2 moon kernel  -  [    0.263644] system 00:03: [io  0x0a10-0x0a1f] has been reserved
<7>1 2021-01-18T09:03:40.986+00:00 MOON_SCU2 moon kernel  -  [    0.263814] pnp 00:04: [dma 3]
<7>1 2021-01-18T09:03:40.986+00:00 MOON_SCU2 moon kernel  -  [    0.264012] pnp 00:05: [dma 3]
<6>1 2021-01-18T09:03:40.986+00:00 MOON_SCU2 moon kernel  -  [    0.264356] system 00:06: [mem 0xfed1c000-0xfed1ffff] has been reserved
<6>1 2021-01-18T09:03:40.986+00:00 MOON_SCU2 moon kernel  -  [    0.264361] system 00:06: [mem 0xfed10000-0xfed17fff] could not be reserved
<6>1 2021-01-18T09:03:40.986+00:00 MOON_SCU2 moon kernel  -  [    0.264365] system 00:06: [mem 0xfed18000-0xfed18fff] has been reserved
<6>1 2021-01-18T09:03:40.986+00:00 MOON_SCU2 moon kernel  -  [    0.264369] system 00:06: [mem 0xfed19000-0xfed19fff] has been reserved
<6>1 2021-01-18T09:03:40.986+00:00 MOON_SCU2 moon kernel  -  [    0.264373] system 00:06: [mem 0xf8000000-0xfbffffff] has been reserved
<6>1 2021-01-18T09:03:40.986+00:00 MOON_SCU2 moon kernel  -  [    0.264377] system 00:06: [mem 0xfed20000-0xfed3ffff] has been reserved
<6>1 2021-01-18T09:03:40.986+00:00 MOON_SCU2 moon kernel  -  [    0.264380] system 00:06: [mem 0xfed90000-0xfed93fff] could not be reserved
<6>1 2021-01-18T09:03:40.986+00:00 MOON_SCU2 moon kernel  -  [    0.264383] system 00:06: [mem 0xfed45000-0xfed8ffff] has been reserved
<6>1 2021-01-18T09:03:40.986+00:00 MOON_SCU2 moon kernel  -  [    0.264386] system 00:06: [mem 0xff000000-0xffffffff] could not be reserved
<6>1 2021-01-18T09:03:40.986+00:00 MOON_SCU2 moon kernel  -  [    0.264389] system 00:06: [mem 0xfee00000-0xfeefffff] could not be reserved
<6>1 2021-01-18T09:03:40.986+00:00 MOON_SCU2 moon kernel  -  [    0.264393] system 00:06: [mem 0x7fa00000-0x7fa00fff] has been reserved
<6>1 2021-01-18T09:03:40.986+00:00 MOON_SCU2 moon kernel  -  [    0.264581] system 00:07: [mem 0x20000000-0x201fffff] has been reserved
<6>1 2021-01-18T09:03:40.986+00:00 MOON_SCU2 moon kernel  -  [    0.264586] system 00:07: [mem 0x40000000-0x401fffff] has been reserved
<6>1 2021-01-18T09:03:40.986+00:00 MOON_SCU2 moon kernel  -  [    0.264611] pnp: PnP ACPI: found 8 devices
<6>1 2021-01-18T09:03:40.986+00:00 MOON_SCU2 moon kernel  -  [    0.271733] clocksource: acpi_pm: mask: 0xffffff max_cycles: 0xffffff, max_idle_ns: 2085701024 ns
<6>1 2021-01-18T09:03:40.986+00:00 MOON_SCU2 moon kernel  -  [    0.271867] NET: Registered PF_INET protocol family
<6>1 2021-01-18T09:03:40.986+00:00 MOON_SCU2 moon kernel  -  [    0.272440] IP idents hash table entries: 32768 (order: 6, 262144 bytes, linear)
<6>1 2021-01-18T09:03:40.986+00:00 MOON_SCU2 moon kernel  -  [    0.273643] tcp_listen_portaddr_hash hash table entries: 1024 (order: 2, 16384 bytes, linear)
<6>1 2021-01-18T09:03:40.986+00:00 MOON_SCU2 moon kernel  -  [    0.273683] Table-perturb hash table entries: 65536 (order: 6, 262144 bytes, linear)
<6>1 2021-01-18T09:03:40.986+00:00 MOON_SCU2 moon kernel  -  [    0.273704] TCP established hash table entries: 16384 (order: 5, 131072 bytes, linear)
<6>1 2021-01-18T09:03:40.986+00:00 MOON_SCU2 moon kernel  -  [    0.273808] TCP bind hash table entries: 16384 (order: 7, 524288 bytes, linear)
<6>1 2021-01-18T09:03:40.986+00:00 MOON_SCU2 moon kernel  -  [    0.273933] TCP: Hash tables configured (established 16384 bind 16384)
<6>1 2021-01-18T09:03:40.987+00:00 MOON_SCU2 moon kernel  -  [    0.274071] MPTCP token hash table entries: 2048 (order: 3, 49152 bytes, linear)
<6>1 2021-01-18T09:03:40.987+00:00 MOON_SCU2 moon kernel  -  [    0.274123] UDP hash table entries: 1024 (order: 3, 32768 bytes, linear)
<6>1 2021-01-18T09:03:40.987+00:00 MOON_SCU2 moon kernel  -  [    0.274139] UDP-Lite hash table entries: 1024 (order: 3, 32768 bytes, linear)
<6>1 2021-01-18T09:03:40.987+00:00 MOON_SCU2 moon kernel  -  [    0.274242] NET: Registered PF_UNIX/PF_LOCAL protocol family
<6>1 2021-01-18T09:03:40.987+00:00 MOON_SCU2 moon kernel  -  [    0.274268] NET: Registered PF_XDP protocol family
<6>1 2021-01-18T09:03:40.987+00:00 MOON_SCU2 moon kernel  -  [    0.274285] pci 0000:00:01.0: PCI bridge to [bus 01]
<6>1 2021-01-18T09:03:40.987+00:00 MOON_SCU2 moon kernel  -  [    0.274296] pci 0000:00:01.1: PCI bridge to [bus 02]
<6>1 2021-01-18T09:03:40.987+00:00 MOON_SCU2 moon kernel  -  [    0.274304] pci 0000:00:1c.0: PCI bridge to [bus 03]
<6>1 2021-01-18T09:03:40.987+00:00 MOON_SCU2 moon kernel  -  [    0.274309] pci 0000:00:1c.0:   bridge window [io  0xd000-0xdfff]
<6>1 2021-01-18T09:03:40.987+00:00 MOON_SCU2 moon kernel  -  [    0.274318] pci 0000:00:1c.0:   bridge window [mem 0xf7400000-0xf7dfffff]
<6>1 2021-01-18T09:03:40.987+00:00 MOON_SCU2 moon kernel  -  [    0.274323] pci 0000:00:1c.0:   bridge window [mem 0xf1400000-0xf1dfffff 64bit pref]
<6>1 2021-01-18T09:03:40.987+00:00 MOON_SCU2 moon kernel  -  [    0.274334] pci 0000:00:1c.4: PCI bridge to [bus 04]
<6>1 2021-01-18T09:03:40.987+00:00 MOON_SCU2 moon kernel  -  [    0.274338] pci 0000:00:1c.4:   bridge window [io  0xc000-0xcfff]
<6>1 2021-01-18T09:03:40.987+00:00 MOON_SCU2 moon kernel  -  [    0.274345] pci 0000:00:1c.4:   bridge window [mem 0xf6a00000-0xf73fffff]
<6>1 2021-01-18T09:03:40.987+00:00 MOON_SCU2 moon kernel  -  [    0.274351] pci 0000:00:1c.4:   bridge window [mem 0xf0a00000-0xf13fffff 64bit pref]
<6>1 2021-01-18T09:03:40.987+00:00 MOON_SCU2 moon kernel  -  [    0.274360] pci 0000:00:1c.7: PCI bridge to [bus 05]
<6>1 2021-01-18T09:03:40.987+00:00 MOON_SCU2 moon kernel  -  [    0.274364] pci 0000:00:1c.7:   bridge window [io  0xb000-0xbfff]
<6>1 2021-01-18T09:03:40.987+00:00 MOON_SCU2 moon kernel  -  [    0.274371] pci 0000:00:1c.7:   bridge window [mem 0xf6000000-0xf69fffff]
<6>1 2021-01-18T09:03:40.987+00:00 MOON_SCU2 moon kernel  -  [    0.274376] pci 0000:00:1c.7:   bridge window [mem 0xf0000000-0xf09fffff 64bit pref]
<6>1 2021-01-18T09:03:40.987+00:00 MOON_SCU2 moon kernel  -  [    0.274386] pci_bus 0000:00: resource 4 [io  0x0000-0x0cf7 window]
<6>1 2021-01-18T09:03:40.987+00:00 MOON_SCU2 moon kernel  -  [    0.274390] pci_bus 0000:00: resource 5 [io  0x0d00-0xffff window]
<6>1 2021-01-18T09:03:40.987+00:00 MOON_SCU2 moon kernel  -  [    0.274392] pci_bus 0000:00: resource 6 [mem 0x000a0000-0x000bffff window]
<6>1 2021-01-18T09:03:40.987+00:00 MOON_SCU2 moon kernel  -  [    0.274395] pci_bus 0000:00: resource 7 [mem 0x000d0000-0x000e7fff window]
<6>1 2021-01-18T09:03:40.987+00:00 MOON_SCU2 moon kernel  -  [    0.274398] pci_bus 0000:00: resource 8 [mem 0x7fa00000-0xfeafffff window]
<6>1 2021-01-18T09:03:40.987+00:00 MOON_SCU2 moon kernel  -  [    0.274400] pci_bus 0000:00: resource 9 [mem 0xfed40000-0xfed44fff window]
<6>1 2021-01-18T09:03:40.987+00:00 MOON_SCU2 moon kernel  -  [    0.274403] pci_bus 0000:03: resource 0 [io  0xd000-0xdfff]
<6>1 2021-01-18T09:03:40.987+00:00 MOON_SCU2 moon kernel  -  [    0.274406] pci_bus 0000:03: resource 1 [mem 0xf7400000-0xf7dfffff]
<6>1 2021-01-18T09:03:40.987+00:00 MOON_SCU2 moon kernel  -  [    0.274408] pci_bus 0000:03: resource 2 [mem 0xf1400000-0xf1dfffff 64bit pref]
<6>1 2021-01-18T09:03:40.987+00:00 MOON_SCU2 moon kernel  -  [    0.274411] pci_bus 0000:04: resource 0 [io  0xc000-0xcfff]
<6>1 2021-01-18T09:03:40.987+00:00 MOON_SCU2 moon kernel  -  [    0.274413] pci_bus 0000:04: resource 1 [mem 0xf6a00000-0xf73fffff]
<6>1 2021-01-18T09:03:40.987+00:00 MOON_SCU2 moon kernel  -  [    0.274416] pci_bus 0000:04: resource 2 [mem 0xf0a00000-0xf13fffff 64bit pref]
<6>1 2021-01-18T09:03:40.987+00:00 MOON_SCU2 moon kernel  -  [    0.274418] pci_bus 0000:05: resource 0 [io  0xb000-0xbfff]
<6>1 2021-01-18T09:03:40.987+00:00 MOON_SCU2 moon kernel  -  [    0.274421] pci_bus 0000:05: resource 1 [mem 0xf6000000-0xf69fffff]
<6>1 2021-01-18T09:03:40.987+00:00 MOON_SCU2 moon kernel  -  [    0.274423] pci_bus 0000:05: resource 2 [mem 0xf0000000-0xf09fffff 64bit pref]
<6>1 2021-01-18T09:03:40.987+00:00 MOON_SCU2 moon kernel  -  [    0.403851] pci 0000:00:1a.0: quirk_usb_early_handoff+0x0/0x750 took 126287 usecs
<6>1 2021-01-18T09:03:40.987+00:00 MOON_SCU2 moon kernel  -  [    0.531839] pci 0000:00:1d.0: quirk_usb_early_handoff+0x0/0x750 took 124959 usecs
<6>1 2021-01-18T09:03:40.987+00:00 MOON_SCU2 moon kernel  -  [    0.531873] PCI: CLS 64 bytes, default 64
<6>1 2021-01-18T09:03:40.987+00:00 MOON_SCU2 moon kernel  -  [    0.531992] Trying to unpack rootfs image as initramfs...
<6>1 2021-01-18T09:03:40.987+00:00 MOON_SCU2 moon kernel  -  [    0.539797] DMAR: No ATSR found
<6>1 2021-01-18T09:03:40.987+00:00 MOON_SCU2 moon kernel  -  [    0.539803] DMAR: No SATC found
<6>1 2021-01-18T09:03:40.987+00:00 MOON_SCU2 moon kernel  -  [    0.539806] DMAR: IOMMU feature pgsel_inv inconsistent
<6>1 2021-01-18T09:03:40.987+00:00 MOON_SCU2 moon kernel  -  [    0.539809] DMAR: IOMMU feature sc_support inconsistent
<6>1 2021-01-18T09:03:40.987+00:00 MOON_SCU2 moon kernel  -  [    0.539810] DMAR: IOMMU feature pass_through inconsistent
<6>1 2021-01-18T09:03:40.987+00:00 MOON_SCU2 moon kernel  -  [    0.539812] DMAR: dmar0: Using Queued invalidation
<6>1 2021-01-18T09:03:40.987+00:00 MOON_SCU2 moon kernel  -  [    0.539821] DMAR: dmar1: Using Queued invalidation
<6>1 2021-01-18T09:03:40.987+00:00 MOON_SCU2 moon kernel  -  [    0.566634] pci 0000:00:02.0: Adding to iommu group 0
<6>1 2021-01-18T09:03:40.987+00:00 MOON_SCU2 moon kernel  -  [    0.566697] pci 0000:00:00.0: Adding to iommu group 1
<6>1 2021-01-18T09:03:40.987+00:00 MOON_SCU2 moon kernel  -  [    0.566720] pci 0000:00:01.0: Adding to iommu group 2
<6>1 2021-01-18T09:03:40.987+00:00 MOON_SCU2 moon kernel  -  [    0.566732] pci 0000:00:01.1: Adding to iommu group 2
<6>1 2021-01-18T09:03:40.987+00:00 MOON_SCU2 moon kernel  -  [    0.566755] pci 0000:00:19.0: Adding to iommu group 3
<6>1 2021-01-18T09:03:40.988+00:00 MOON_SCU2 moon kernel  -  [    0.566768] pci 0000:00:1a.0: Adding to iommu group 4
<6>1 2021-01-18T09:03:40.988+00:00 MOON_SCU2 moon kernel  -  [    0.566782] pci 0000:00:1c.0: Adding to iommu group 5
<6>1 2021-01-18T09:03:40.988+00:00 MOON_SCU2 moon kernel  -  [    0.566795] pci 0000:00:1c.4: Adding to iommu group 6
<6>1 2021-01-18T09:03:40.988+00:00 MOON_SCU2 moon kernel  -  [    0.566814] pci 0000:00:1c.7: Adding to iommu group 7
<6>1 2021-01-18T09:03:40.988+00:00 MOON_SCU2 moon kernel  -  [    0.566828] pci 0000:00:1d.0: Adding to iommu group 8
<6>1 2021-01-18T09:03:40.988+00:00 MOON_SCU2 moon kernel  -  [    0.566855] pci 0000:00:1f.0: Adding to iommu group 9
<6>1 2021-01-18T09:03:40.988+00:00 MOON_SCU2 moon kernel  -  [    0.566867] pci 0000:00:1f.2: Adding to iommu group 9
<6>1 2021-01-18T09:03:40.988+00:00 MOON_SCU2 moon kernel  -  [    0.566880] pci 0000:00:1f.3: Adding to iommu group 9
<6>1 2021-01-18T09:03:40.988+00:00 MOON_SCU2 moon kernel  -  [    0.566893] pci 0000:00:1f.6: Adding to iommu group 9
<6>1 2021-01-18T09:03:40.988+00:00 MOON_SCU2 moon kernel  -  [    0.566923] pci 0000:04:00.0: Adding to iommu group 10
<6>1 2021-01-18T09:03:40.988+00:00 MOON_SCU2 moon kernel  -  [    0.566937] pci 0000:04:00.1: Adding to iommu group 11
<6>1 2021-01-18T09:03:40.988+00:00 MOON_SCU2 moon kernel  -  [    0.574494] DMAR: Intel(R) Virtualization Technology for Directed I/O
<6>1 2021-01-18T09:03:40.988+00:00 MOON_SCU2 moon kernel  -  [    0.574500] PCI-DMA: Using software bounce buffering for IO (SWIOTLB)
<6>1 2021-01-18T09:03:40.988+00:00 MOON_SCU2 moon kernel  -  [    0.574502] software IO TLB: mapped [mem 0x0000000070c00000-0x0000000074c00000] (64MB)
<5>1 2021-01-18T09:03:40.988+00:00 MOON_SCU2 moon kernel  -  [    0.575406] Initialise system trusted keyrings
<5>1 2021-01-18T09:03:40.988+00:00 MOON_SCU2 moon kernel  -  [    0.575429] Key type blacklist registered
<6>1 2021-01-18T09:03:40.988+00:00 MOON_SCU2 moon kernel  -  [    0.579808] workingset: timestamp_bits=36 max_order=19 bucket_order=0
<6>1 2021-01-18T09:03:40.988+00:00 MOON_SCU2 moon kernel  -  [    0.582305] zbud: loaded
<5>1 2021-01-18T09:03:40.988+00:00 MOON_SCU2 moon kernel  -  [    0.582700] integrity: Platform Keyring initialized
<5>1 2021-01-18T09:03:40.988+00:00 MOON_SCU2 moon kernel  -  [    0.582713] integrity: Machine keyring initialized
<5>1 2021-01-18T09:03:40.988+00:00 MOON_SCU2 moon kernel  -  [    0.582716] Key type asymmetric registered
<5>1 2021-01-18T09:03:40.988+00:00 MOON_SCU2 moon kernel  -  [    0.582718] Asymmetric key parser 'x509' registered
<6>1 2021-01-18T09:03:40.988+00:00 MOON_SCU2 moon kernel  -  [    0.769766] Freeing initrd memory: 14484K
<6>1 2021-01-18T09:03:40.988+00:00 MOON_SCU2 moon kernel  -  [    0.778148] alg: self-tests for CTR-KDF (hmac(sha256)) passed
<6>1 2021-01-18T09:03:40.988+00:00 MOON_SCU2 moon kernel  -  [    0.778192] Block layer SCSI generic (bsg) driver version 0.4 loaded (major 248)
<6>1 2021-01-18T09:03:40.988+00:00 MOON_SCU2 moon kernel  -  [    0.778253] io scheduler mq-deadline registered
<6>1 2021-01-18T09:03:40.988+00:00 MOON_SCU2 moon kernel  -  [    0.780797] shpchp: Standard Hot Plug PCI Controller Driver version: 0.4
<6>1 2021-01-18T09:03:40.988+00:00 MOON_SCU2 moon kernel  -  [    0.781544] thermal LNXTHERM:00: registered as thermal_zone0
<6>1 2021-01-18T09:03:40.988+00:00 MOON_SCU2 moon kernel  -  [    0.781548] ACPI: thermal: Thermal Zone [TZ00] (41 C)
<6>1 2021-01-18T09:03:40.988+00:00 MOON_SCU2 moon kernel  -  [    0.781774] thermal LNXTHERM:01: registered as thermal_zone1
<6>1 2021-01-18T09:03:40.988+00:00 MOON_SCU2 moon kernel  -  [    0.781777] ACPI: thermal: Thermal Zone [TZ01] (41 C)
<6>1 2021-01-18T09:03:40.988+00:00 MOON_SCU2 moon kernel  -  [    0.781958] Serial: 8250/16550 driver, 4 ports, IRQ sharing enabled
<6>1 2021-01-18T09:03:40.988+00:00 MOON_SCU2 moon kernel  -  [    0.782122] 00:04: ttyS0 at I/O 0x3f8 (irq = 4, base_baud = 115200) is a 16550A
<6>1 2021-01-18T09:03:40.988+00:00 MOON_SCU2 moon kernel  -  [    0.782470] 00:05: ttyS1 at I/O 0x2f8 (irq = 3, base_baud = 115200) is a 16550A
<6>1 2021-01-18T09:03:40.988+00:00 MOON_SCU2 moon kernel  -  [    0.783108] Linux agpgart interface v0.103
<6>1 2021-01-18T09:03:40.988+00:00 MOON_SCU2 moon kernel  -  [    0.783214] AMD-Vi: AMD IOMMUv2 functionality not available on this system - This is not a bug.
<6>1 2021-01-18T09:03:40.988+00:00 MOON_SCU2 moon kernel  -  [    0.783519] i8042: PNP: No PS/2 controller found.
<6>1 2021-01-18T09:03:40.988+00:00 MOON_SCU2 moon kernel  -  [    0.783613] mousedev: PS/2 mouse device common for all mice
<6>1 2021-01-18T09:03:40.988+00:00 MOON_SCU2 moon kernel  -  [    0.783643] rtc_cmos 00:01: RTC can wake from S4
<6>1 2021-01-18T09:03:40.988+00:00 MOON_SCU2 moon kernel  -  [    0.783990] rtc_cmos 00:01: registered as rtc0
<6>1 2021-01-18T09:03:40.988+00:00 MOON_SCU2 moon kernel  -  [    0.784027] rtc_cmos 00:01: setting system clock to 2072-06-11T03:48:12 UTC (3232842492)
<6>1 2021-01-18T09:03:40.988+00:00 MOON_SCU2 moon kernel  -  [    0.784073] rtc_cmos 00:01: alarms up to one year, y3k, 242 bytes nvram
<6>1 2021-01-18T09:03:40.988+00:00 MOON_SCU2 moon kernel  -  [    0.784092] intel_pstate: Intel P-state driver initializing
<6>1 2021-01-18T09:03:40.988+00:00 MOON_SCU2 moon kernel  -  [    0.784368] ledtrig-cpu: registered to indicate activity on CPUs
<6>1 2021-01-18T09:03:40.988+00:00 MOON_SCU2 moon kernel  -  [    0.804702] IPv6: Loaded, but administratively disabled, reboot required to enable
<6>1 2021-01-18T09:03:40.988+00:00 MOON_SCU2 moon kernel  -  [    0.804708] mip6: Mobile IPv6
<6>1 2021-01-18T09:03:40.988+00:00 MOON_SCU2 moon kernel  -  [    0.804710] mip6: mip6_init: can't add xfrm type(destopt)
<6>1 2021-01-18T09:03:40.988+00:00 MOON_SCU2 moon kernel  -  [    0.804720] NET: Registered PF_PACKET protocol family
<6>1 2021-01-18T09:03:40.988+00:00 MOON_SCU2 moon kernel  -  [    0.804793] mpls_gso: MPLS GSO support
<6>1 2021-01-18T09:03:40.988+00:00 MOON_SCU2 moon kernel  -  [    0.805163] microcode: sig=0x206a7, pf=0x10, revision=0x18
<6>1 2021-01-18T09:03:40.993+00:00 MOON_SCU2 moon kernel  -  [    0.805202] microcode: Microcode Update Driver: v2.2.
<6>1 2021-01-18T09:03:40.993+00:00 MOON_SCU2 moon kernel  -  [    0.805209] IPI shorthand broadcast: enabled
<6>1 2021-01-18T09:03:40.993+00:00 MOON_SCU2 moon kernel  -  [    0.805243] sched_clock: Marking stable (802947149, 2049952)->(810211949, -5214848)
<6>1 2021-01-18T09:03:40.993+00:00 MOON_SCU2 moon kernel  -  [    0.805508] registered taskstats version 1
<5>1 2021-01-18T09:03:40.993+00:00 MOON_SCU2 moon kernel  -  [    0.805523] Loading compiled-in X.509 certificates
<5>1 2021-01-18T09:03:40.993+00:00 MOON_SCU2 moon kernel  -  [    0.847126] Loaded X.509 cert 'Build time autogenerated kernel key: 7648dec889e2d68af49a7eb74ef317e4abad0ddf'
<6>1 2021-01-18T09:03:40.993+00:00 MOON_SCU2 moon kernel  -  [    0.848427] zswap: loaded using pool lzo/zbud
<5>1 2021-01-18T09:03:40.993+00:00 MOON_SCU2 moon kernel  -  [    0.848716] Key type .fscrypt registered
<5>1 2021-01-18T09:03:40.993+00:00 MOON_SCU2 moon kernel  -  [    0.848719] Key type fscrypt-provisioning registered
<5>1 2021-01-18T09:03:40.993+00:00 MOON_SCU2 moon kernel  -  [    0.855679] Key type encrypted registered
<6>1 2021-01-18T09:03:40.993+00:00 MOON_SCU2 moon kernel  -  [    0.855687] AppArmor: AppArmor sha1 policy hashing enabled
<6>1 2021-01-18T09:03:40.993+00:00 MOON_SCU2 moon kernel  -  [    0.855701] ima: No TPM chip found, activating TPM-bypass!
<6>1 2021-01-18T09:03:40.993+00:00 MOON_SCU2 moon kernel  -  [    0.855704] ima: Allocated hash algorithm: sha256
<6>1 2021-01-18T09:03:40.993+00:00 MOON_SCU2 moon kernel  -  [    0.855722] ima: No architecture policies found
<6>1 2021-01-18T09:03:40.993+00:00 MOON_SCU2 moon kernel  -  [    0.855759] evm: Initialising EVM extended attributes:
<6>1 2021-01-18T09:03:40.993+00:00 MOON_SCU2 moon kernel  -  [    0.855761] evm: security.selinux
<6>1 2021-01-18T09:03:40.993+00:00 MOON_SCU2 moon kernel  -  [    0.855763] evm: security.SMACK64 (disabled)
<6>1 2021-01-18T09:03:40.993+00:00 MOON_SCU2 moon kernel  -  [    0.855764] evm: security.SMACK64EXEC (disabled)
<6>1 2021-01-18T09:03:40.993+00:00 MOON_SCU2 moon kernel  -  [    0.855766] evm: security.SMACK64TRANSMUTE (disabled)
<6>1 2021-01-18T09:03:40.993+00:00 MOON_SCU2 moon kernel  -  [    0.855767] evm: security.SMACK64MMAP (disabled)
<6>1 2021-01-18T09:03:40.994+00:00 MOON_SCU2 moon kernel  -  [    0.855768] evm: security.apparmor
<6>1 2021-01-18T09:03:40.994+00:00 MOON_SCU2 moon kernel  -  [    0.855770] evm: security.ima
<6>1 2021-01-18T09:03:40.994+00:00 MOON_SCU2 moon kernel  -  [    0.855771] evm: security.capability
<6>1 2021-01-18T09:03:40.994+00:00 MOON_SCU2 moon kernel  -  [    0.855772] evm: HMAC attrs: 0x1
<6>1 2021-01-18T09:03:40.994+00:00 MOON_SCU2 moon kernel  -  [    1.076280] clk: Disabling unused clocks
<6>1 2021-01-18T09:03:40.994+00:00 MOON_SCU2 moon kernel  -  [    1.078384] Freeing unused decrypted memory: 2036K
<6>1 2021-01-18T09:03:40.994+00:00 MOON_SCU2 moon kernel  -  [    1.079108] Freeing unused kernel image (initmem) memory: 2800K
<6>1 2021-01-18T09:03:40.994+00:00 MOON_SCU2 moon kernel  -  [    1.079201] Write protecting the kernel read-only data: 26624k
<6>1 2021-01-18T09:03:40.994+00:00 MOON_SCU2 moon kernel  -  [    1.079954] Freeing unused kernel image (text/rodata gap) memory: 2040K
<6>1 2021-01-18T09:03:40.994+00:00 MOON_SCU2 moon kernel  -  [    1.080319] Freeing unused kernel image (rodata/data gap) memory: 1168K
<6>1 2021-01-18T09:03:40.994+00:00 MOON_SCU2 moon kernel  -  [    1.167277] x86/mm: Checked W+X mappings: passed, no W+X pages found.
<6>1 2021-01-18T09:03:40.994+00:00 MOON_SCU2 moon kernel  -  [    1.167281] x86/mm: Checking user space page tables
<6>1 2021-01-18T09:03:40.994+00:00 MOON_SCU2 moon kernel  -  [    1.251016] x86/mm: Checked W+X mappings: passed, no W+X pages found.
<6>1 2021-01-18T09:03:40.994+00:00 MOON_SCU2 moon kernel  -  [    1.251026] Run /init as init process
<7>1 2021-01-18T09:03:40.994+00:00 MOON_SCU2 moon kernel  -  [    1.251028]   with arguments:
<7>1 2021-01-18T09:03:40.994+00:00 MOON_SCU2 moon kernel  -  [    1.251030]     /init
<7>1 2021-01-18T09:03:40.994+00:00 MOON_SCU2 moon kernel  -  [    1.251032]   with environment:
<7>1 2021-01-18T09:03:40.994+00:00 MOON_SCU2 moon kernel  -  [    1.251033]     HOME=/
<7>1 2021-01-18T09:03:40.994+00:00 MOON_SCU2 moon kernel  -  [    1.251035]     TERM=linux
<7>1 2021-01-18T09:03:40.994+00:00 MOON_SCU2 moon kernel  -  [    1.251037]     BOOT_IMAGE=/baseline/boot/vmlinuz
<7>1 2021-01-18T09:03:40.994+00:00 MOON_SCU2 moon kernel  -  [    1.251038]     boot=moon
<6>1 2021-01-18T09:03:40.994+00:00 MOON_SCU2 moon kernel  -  [    1.386069] tsc: Refined TSC clocksource calibration: 2200.015 MHz
<6>1 2021-01-18T09:03:40.994+00:00 MOON_SCU2 moon kernel  -  [    1.386084] clocksource: tsc: mask: 0xffffffffffffffff max_cycles: 0x1fb640ff21b, max_idle_ns: 440795207977 ns
<6>1 2021-01-18T09:03:40.994+00:00 MOON_SCU2 moon kernel  -  [    1.386130] clocksource: Switched to clocksource tsc
<6>1 2021-01-18T09:03:40.994+00:00 MOON_SCU2 moon kernel  -  [    1.482490] dca service started, version 1.12.1
<6>1 2021-01-18T09:03:40.994+00:00 MOON_SCU2 moon kernel  -  [    1.574077] cryptd: max_cpu_qlen set to 1000
<6>1 2021-01-18T09:03:40.994+00:00 MOON_SCU2 moon kernel  -  [    1.721776] igb: Intel(R) Gigabit Ethernet Network Driver
<6>1 2021-01-18T09:03:40.994+00:00 MOON_SCU2 moon kernel  -  [    1.721783] igb: Copyright (c) 2007-2014 Intel Corporation.
<6>1 2021-01-18T09:03:40.994+00:00 MOON_SCU2 moon kernel  -  [    1.723508] AVX version of gcm_enc/dec engaged.
<6>1 2021-01-18T09:03:40.994+00:00 MOON_SCU2 moon kernel  -  [    1.723587] AES CTR mode by8 optimization enabled
<6>1 2021-01-18T09:03:40.994+00:00 MOON_SCU2 moon kernel  -  [    1.728995] e1000e: Intel(R) PRO/1000 Network Driver
<6>1 2021-01-18T09:03:40.994+00:00 MOON_SCU2 moon kernel  -  [    1.728997] e1000e: Copyright(c) 1999 - 2015 Intel Corporation.
<6>1 2021-01-18T09:03:40.994+00:00 MOON_SCU2 moon kernel  -  [    1.729197] e1000e 0000:00:19.0: Interrupt Throttling Rate (ints/sec) set to dynamic conservative mode
<5>1 2021-01-18T09:03:40.994+00:00 MOON_SCU2 moon kernel  -  [    1.735397] SCSI subsystem initialized
<6>1 2021-01-18T09:03:40.994+00:00 MOON_SCU2 moon kernel  -  [    1.758671] ACPI: bus type USB registered
<6>1 2021-01-18T09:03:40.994+00:00 MOON_SCU2 moon kernel  -  [    1.759155] usbcore: registered new interface driver usbfs
<6>1 2021-01-18T09:03:40.994+00:00 MOON_SCU2 moon kernel  -  [    1.759358] usbcore: registered new interface driver hub
<6>1 2021-01-18T09:03:40.994+00:00 MOON_SCU2 moon kernel  -  [    1.759567] usbcore: registered new device driver usb
<6>1 2021-01-18T09:03:40.994+00:00 MOON_SCU2 moon kernel  -  [    1.780706] ehci-pci 0000:00:1a.0: EHCI Host Controller
<6>1 2021-01-18T09:03:40.994+00:00 MOON_SCU2 moon kernel  -  [    1.780718] ehci-pci 0000:00:1a.0: new USB bus registered, assigned bus number 1
<6>1 2021-01-18T09:03:40.994+00:00 MOON_SCU2 moon kernel  -  [    1.780736] ehci-pci 0000:00:1a.0: debug port 2
<6>1 2021-01-18T09:03:40.994+00:00 MOON_SCU2 moon kernel  -  [    1.787207] ehci-pci 0000:00:1a.0: irq 16, io mem 0xf7e24000
<6>1 2021-01-18T09:03:40.994+00:00 MOON_SCU2 moon kernel  -  [    1.802079] ehci-pci 0000:00:1a.0: USB 2.0 started, EHCI 1.00
<6>1 2021-01-18T09:03:40.994+00:00 MOON_SCU2 moon kernel  -  [    1.802180] usb usb1: New USB device found, idVendor=1d6b, idProduct=0002, bcdDevice= 6.01
<6>1 2021-01-18T09:03:40.994+00:00 MOON_SCU2 moon kernel  -  [    1.802186] usb usb1: New USB device strings: Mfr=3, Product=2, SerialNumber=1
<6>1 2021-01-18T09:03:40.994+00:00 MOON_SCU2 moon kernel  -  [    1.802189] usb usb1: Product: EHCI Host Controller
<6>1 2021-01-18T09:03:40.994+00:00 MOON_SCU2 moon kernel  -  [    1.802192] usb usb1: Manufacturer: Linux 6.1.0-27-amd64 ehci_hcd
<6>1 2021-01-18T09:03:40.994+00:00 MOON_SCU2 moon kernel  -  [    1.802194] usb usb1: SerialNumber: 0000:00:1a.0
<6>1 2021-01-18T09:03:40.994+00:00 MOON_SCU2 moon kernel  -  [    1.802552] hub 1-0:1.0: USB hub found
<6>1 2021-01-18T09:03:40.994+00:00 MOON_SCU2 moon kernel  -  [    1.802631] hub 1-0:1.0: 2 ports detected
<6>1 2021-01-18T09:03:40.995+00:00 MOON_SCU2 moon kernel  -  [    1.803072] ehci-pci 0000:00:1d.0: EHCI Host Controller
<6>1 2021-01-18T09:03:40.995+00:00 MOON_SCU2 moon kernel  -  [    1.803081] ehci-pci 0000:00:1d.0: new USB bus registered, assigned bus number 2
<6>1 2021-01-18T09:03:40.995+00:00 MOON_SCU2 moon kernel  -  [    1.803097] ehci-pci 0000:00:1d.0: debug port 2
<6>1 2021-01-18T09:03:40.995+00:00 MOON_SCU2 moon kernel  -  [    1.807059] ehci-pci 0000:00:1d.0: irq 23, io mem 0xf7e23000
<6>1 2021-01-18T09:03:40.995+00:00 MOON_SCU2 moon kernel  -  [    1.822075] ehci-pci 0000:00:1d.0: USB 2.0 started, EHCI 1.00
<6>1 2021-01-18T09:03:40.995+00:00 MOON_SCU2 moon kernel  -  [    1.822177] usb usb2: New USB device found, idVendor=1d6b, idProduct=0002, bcdDevice= 6.01
<6>1 2021-01-18T09:03:40.995+00:00 MOON_SCU2 moon kernel  -  [    1.822182] usb usb2: New USB device strings: Mfr=3, Product=2, SerialNumber=1
<6>1 2021-01-18T09:03:40.995+00:00 MOON_SCU2 moon kernel  -  [    1.822185] usb usb2: Product: EHCI Host Controller
<6>1 2021-01-18T09:03:40.995+00:00 MOON_SCU2 moon kernel  -  [    1.822187] usb usb2: Manufacturer: Linux 6.1.0-27-amd64 ehci_hcd
<6>1 2021-01-18T09:03:40.995+00:00 MOON_SCU2 moon kernel  -  [    1.822190] usb usb2: SerialNumber: 0000:00:1d.0
<6>1 2021-01-18T09:03:40.995+00:00 MOON_SCU2 moon kernel  -  [    1.822503] hub 2-0:1.0: USB hub found
<6>1 2021-01-18T09:03:40.995+00:00 MOON_SCU2 moon kernel  -  [    1.822578] hub 2-0:1.0: 2 ports detected
<7>1 2021-01-18T09:03:40.995+00:00 MOON_SCU2 moon kernel  -  [    1.846846] libata version 3.00 loaded.
<7>1 2021-01-18T09:03:40.995+00:00 MOON_SCU2 moon kernel  -  [    1.862318] ahci 0000:00:1f.2: version 3.0
<6>1 2021-01-18T09:03:40.995+00:00 MOON_SCU2 moon kernel  -  [    1.872661] ahci 0000:00:1f.2: AHCI 0001.0300 32 slots 6 ports 6 Gbps 0x1f impl SATA mode
<6>1 2021-01-18T09:03:40.995+00:00 MOON_SCU2 moon kernel  -  [    1.872671] ahci 0000:00:1f.2: flags: 64bit ncq sntf pm led clo pio slum part ems apst 
<6>1 2021-01-18T09:03:40.995+00:00 MOON_SCU2 moon kernel  -  [    1.900095] e1000e 0000:00:19.0 0000:00:19.0 (uninitialized): registered PHC clock
<6>1 2021-01-18T09:03:40.995+00:00 MOON_SCU2 moon kernel  -  [    1.920404] scsi host0: ahci
<6>1 2021-01-18T09:03:40.995+00:00 MOON_SCU2 moon kernel  -  [    1.933109] scsi host1: ahci
<6>1 2021-01-18T09:03:40.995+00:00 MOON_SCU2 moon kernel  -  [    1.934262] scsi host2: ahci
<6>1 2021-01-18T09:03:40.995+00:00 MOON_SCU2 moon kernel  -  [    1.934744] scsi host3: ahci
<6>1 2021-01-18T09:03:40.995+00:00 MOON_SCU2 moon kernel  -  [    1.935221] scsi host4: ahci
<6>1 2021-01-18T09:03:40.995+00:00 MOON_SCU2 moon kernel  -  [    1.935687] scsi host5: ahci
<6>1 2021-01-18T09:03:40.995+00:00 MOON_SCU2 moon kernel  -  [    1.935779] ata1: SATA max UDMA/133 abar m2048@0xf7e22000 port 0xf7e22100 irq 29
<6>1 2021-01-18T09:03:40.995+00:00 MOON_SCU2 moon kernel  -  [    1.935785] ata2: SATA max UDMA/133 abar m2048@0xf7e22000 port 0xf7e22180 irq 29
<6>1 2021-01-18T09:03:40.995+00:00 MOON_SCU2 moon kernel  -  [    1.935788] ata3: SATA max UDMA/133 abar m2048@0xf7e22000 port 0xf7e22200 irq 29
<6>1 2021-01-18T09:03:40.995+00:00 MOON_SCU2 moon kernel  -  [    1.935791] ata4: SATA max UDMA/133 abar m2048@0xf7e22000 port 0xf7e22280 irq 29
<6>1 2021-01-18T09:03:40.995+00:00 MOON_SCU2 moon kernel  -  [    1.935795] ata5: SATA max UDMA/133 abar m2048@0xf7e22000 port 0xf7e22300 irq 29
<6>1 2021-01-18T09:03:40.995+00:00 MOON_SCU2 moon kernel  -  [    1.935797] ata6: DUMMY
<6>1 2021-01-18T09:03:40.995+00:00 MOON_SCU2 moon kernel  -  [    2.001910] e1000e 0000:00:19.0 eth0: (PCI Express:2.5GT/s:Width x1) 00:00:de:51:c2:93
<6>1 2021-01-18T09:03:40.995+00:00 MOON_SCU2 moon kernel  -  [    2.001924] e1000e 0000:00:19.0 eth0: Intel(R) PRO/1000 Network Connection
<6>1 2021-01-18T09:03:40.995+00:00 MOON_SCU2 moon kernel  -  [    2.001957] e1000e 0000:00:19.0 eth0: MAC: 10, PHY: 11, PBA No: FFFFFF-0FF
<6>1 2021-01-18T09:03:40.995+00:00 MOON_SCU2 moon kernel  -  [    2.058104] usb 1-1: new high-speed USB device number 2 using ehci-pci
<6>1 2021-01-18T09:03:40.995+00:00 MOON_SCU2 moon kernel  -  [    2.078106] usb 2-1: new high-speed USB device number 2 using ehci-pci
<6>1 2021-01-18T09:03:40.995+00:00 MOON_SCU2 moon kernel  -  [    2.082094] igb 0000:04:00.0: added PHC on eth1
<6>1 2021-01-18T09:03:40.995+00:00 MOON_SCU2 moon kernel  -  [    2.082120] igb 0000:04:00.0: Intel(R) Gigabit Ethernet Network Connection
<6>1 2021-01-18T09:03:40.995+00:00 MOON_SCU2 moon kernel  -  [    2.082123] igb 0000:04:00.0: eth1: (PCIe:5.0Gb/s:Width x2) 00:00:de:51:c2:94
<6>1 2021-01-18T09:03:40.995+00:00 MOON_SCU2 moon kernel  -  [    2.082128] igb 0000:04:00.0: eth1: PBA No: Unknown
<6>1 2021-01-18T09:03:40.995+00:00 MOON_SCU2 moon kernel  -  [    2.082130] igb 0000:04:00.0: Using MSI-X interrupts. 2 rx queue(s), 2 tx queue(s)
<6>1 2021-01-18T09:03:40.995+00:00 MOON_SCU2 moon kernel  -  [    2.130315] igb 0000:04:00.1: added PHC on eth2
<6>1 2021-01-18T09:03:40.995+00:00 MOON_SCU2 moon kernel  -  [    2.130341] igb 0000:04:00.1: Intel(R) Gigabit Ethernet Network Connection
<6>1 2021-01-18T09:03:40.995+00:00 MOON_SCU2 moon kernel  -  [    2.130343] igb 0000:04:00.1: eth2: (PCIe:5.0Gb/s:Width x2) 00:00:de:51:c2:95
<6>1 2021-01-18T09:03:40.995+00:00 MOON_SCU2 moon kernel  -  [    2.130348] igb 0000:04:00.1: eth2: PBA No: Unknown
<6>1 2021-01-18T09:03:40.995+00:00 MOON_SCU2 moon kernel  -  [    2.130350] igb 0000:04:00.1: Using MSI-X interrupts. 2 rx queue(s), 2 tx queue(s)
<6>1 2021-01-18T09:03:40.995+00:00 MOON_SCU2 moon kernel  -  [    2.214588] usb 1-1: New USB device found, idVendor=8087, idProduct=0024, bcdDevice= 0.00
<6>1 2021-01-18T09:03:40.995+00:00 MOON_SCU2 moon kernel  -  [    2.214596] usb 1-1: New USB device strings: Mfr=0, Product=0, SerialNumber=0
<6>1 2021-01-18T09:03:40.995+00:00 MOON_SCU2 moon kernel  -  [    2.215797] hub 1-1:1.0: USB hub found
<6>1 2021-01-18T09:03:40.995+00:00 MOON_SCU2 moon kernel  -  [    2.216012] hub 1-1:1.0: 6 ports detected
<6>1 2021-01-18T09:03:40.995+00:00 MOON_SCU2 moon kernel  -  [    2.234882] usb 2-1: New USB device found, idVendor=8087, idProduct=0024, bcdDevice= 0.00
<6>1 2021-01-18T09:03:40.995+00:00 MOON_SCU2 moon kernel  -  [    2.234890] usb 2-1: New USB device strings: Mfr=0, Product=0, SerialNumber=0
<6>1 2021-01-18T09:03:40.995+00:00 MOON_SCU2 moon kernel  -  [    2.235239] hub 2-1:1.0: USB hub found
<6>1 2021-01-18T09:03:40.995+00:00 MOON_SCU2 moon kernel  -  [    2.235415] hub 2-1:1.0: 8 ports detected
<6>1 2021-01-18T09:03:40.995+00:00 MOON_SCU2 moon kernel  -  [    2.248978] ata4: SATA link down (SStatus 0 SControl 300)
<6>1 2021-01-18T09:03:40.995+00:00 MOON_SCU2 moon kernel  -  [    2.249024] ata3: SATA link down (SStatus 0 SControl 300)
<6>1 2021-01-18T09:03:40.995+00:00 MOON_SCU2 moon kernel  -  [    2.249050] ata5: SATA link up 1.5 Gbps (SStatus 113 SControl 300)
<6>1 2021-01-18T09:03:40.995+00:00 MOON_SCU2 moon kernel  -  [    2.249433] ata5.00: ATA-8: 4GB NANDrive                 00 3005, D A411GE, max UDMA/133
<6>1 2021-01-18T09:03:40.995+00:00 MOON_SCU2 moon kernel  -  [    2.249440] ata5.00: 7714224 sectors, multi 0: LBA48 
<6>1 2021-01-18T09:03:40.995+00:00 MOON_SCU2 moon kernel  -  [    2.249823] ata5.00: configured for UDMA/133
<6>1 2021-01-18T09:03:40.995+00:00 MOON_SCU2 moon kernel  -  [    2.257640] ata1: SATA link down (SStatus 0 SControl 300)
<6>1 2021-01-18T09:03:40.995+00:00 MOON_SCU2 moon kernel  -  [    2.257681] ata2: SATA link down (SStatus 0 SControl 300)
<5>1 2021-01-18T09:03:40.996+00:00 MOON_SCU2 moon kernel  -  [    2.260140] scsi 4:0:0:0: Direct-Access     ATA      4GB NANDrive     11GE PQ: 0 ANSI: 5
<6>1 2021-01-18T09:03:40.996+00:00 MOON_SCU2 moon kernel  -  [    2.282192] igb 0000:04:00.0 enp4s0f0: renamed from eth1
<5>1 2021-01-18T09:03:40.996+00:00 MOON_SCU2 moon kernel  -  [    2.303159] sd 4:0:0:0: [sda] 7714224 512-byte logical blocks: (3.95 GB/3.68 GiB)
<5>1 2021-01-18T09:03:40.996+00:00 MOON_SCU2 moon kernel  -  [    2.303180] sd 4:0:0:0: [sda] Write Protect is off
<7>1 2021-01-18T09:03:40.996+00:00 MOON_SCU2 moon kernel  -  [    2.303184] sd 4:0:0:0: [sda] Mode Sense: 00 3a 00 00
<5>1 2021-01-18T09:03:40.996+00:00 MOON_SCU2 moon kernel  -  [    2.303210] sd 4:0:0:0: [sda] Write cache: disabled, read cache: enabled, doesn't support DPO or FUA
<6>1 2021-01-18T09:03:40.996+00:00 MOON_SCU2 moon kernel  -  [    2.303246] sd 4:0:0:0: [sda] Preferred minimum I/O size 512 bytes
<6>1 2021-01-18T09:03:40.996+00:00 MOON_SCU2 moon kernel  -  [    2.305710]  sda: sda1 sda2 sda3 sda4 < sda5 sda6 >
<5>1 2021-01-18T09:03:40.996+00:00 MOON_SCU2 moon kernel  -  [    2.306095] sd 4:0:0:0: [sda] Attached SCSI disk
<6>1 2021-01-18T09:03:40.996+00:00 MOON_SCU2 moon kernel  -  [    2.338141] e1000e 0000:00:19.0 enp0s25: renamed from eth0
<6>1 2021-01-18T09:03:40.996+00:00 MOON_SCU2 moon kernel  -  [    2.354340] igb 0000:04:00.1 enp4s0f1: renamed from eth2
<6>1 2021-01-18T09:03:40.996+00:00 MOON_SCU2 moon kernel  -  [    2.522068] usb 2-1.1: new high-speed USB device number 3 using ehci-pci
<6>1 2021-01-18T09:03:40.996+00:00 MOON_SCU2 moon kernel  -  [    2.630413] usb 2-1.1: New USB device found, idVendor=0424, idProduct=2514, bcdDevice= b.b3
<6>1 2021-01-18T09:03:40.996+00:00 MOON_SCU2 moon kernel  -  [    2.630422] usb 2-1.1: New USB device strings: Mfr=0, Product=0, SerialNumber=0
<6>1 2021-01-18T09:03:40.996+00:00 MOON_SCU2 moon kernel  -  [    2.631796] hub 2-1.1:1.0: USB hub found
<6>1 2021-01-18T09:03:40.996+00:00 MOON_SCU2 moon kernel  -  [    2.632001] hub 2-1.1:1.0: 2 ports detected
<6>1 2021-01-18T09:03:40.996+00:00 MOON_SCU2 moon kernel  -  [    2.636633] squashfs: version 4.0 (2009/01/31) Phillip Lougher
<6>1 2021-01-18T09:03:40.996+00:00 MOON_SCU2 moon kernel  -  [    2.658280] loop: module loaded
<6>1 2021-01-18T09:03:40.996+00:00 MOON_SCU2 moon kernel  -  [    2.692024] fuse: init (API version 7.38)
<6>1 2021-01-18T09:03:40.996+00:00 MOON_SCU2 moon kernel  -  [    2.729523] usbcore: registered new interface driver usb-storage
<6>1 2021-01-18T09:03:40.996+00:00 MOON_SCU2 moon kernel  -  [    2.791433] usbcore: registered new interface driver uas
<6>1 2021-01-18T09:03:40.996+00:00 MOON_SCU2 moon kernel  -  [    2.918082] usb 2-1.1.1: new full-speed USB device number 4 using ehci-pci
<5>1 2021-01-18T09:03:40.996+00:00 MOON_SCU2 moon kernel  -  [    2.936980] FS-Cache: Loaded
<6>1 2021-01-18T09:03:40.996+00:00 MOON_SCU2 moon kernel  -  [    3.027791] usb 2-1.1.1: New USB device found, idVendor=04e2, idProduct=1410, bcdDevice= 0.03
<6>1 2021-01-18T09:03:40.996+00:00 MOON_SCU2 moon kernel  -  [    3.027800] usb 2-1.1.1: New USB device strings: Mfr=0, Product=0, SerialNumber=0
<6>1 2021-01-18T09:03:40.996+00:00 MOON_SCU2 moon kernel  -  [    3.046689] usbcore: registered new interface driver usbserial_generic
<6>1 2021-01-18T09:03:40.996+00:00 MOON_SCU2 moon kernel  -  [    3.046902] usbserial: USB Serial support registered for generic
<6>1 2021-01-18T09:03:40.996+00:00 MOON_SCU2 moon kernel  -  [    3.050175] usbcore: registered new interface driver xr_serial
<6>1 2021-01-18T09:03:40.996+00:00 MOON_SCU2 moon kernel  -  [    3.050385] usbserial: USB Serial support registered for xr_serial
<6>1 2021-01-18T09:03:40.996+00:00 MOON_SCU2 moon kernel  -  [    3.050493] xr_serial 2-1.1.1:1.0: xr_serial converter detected
<6>1 2021-01-18T09:03:40.996+00:00 MOON_SCU2 moon kernel  -  [    3.051137] usb 2-1.1.1: xr_serial converter now attached to ttyUSB0
<6>1 2021-01-18T09:03:40.996+00:00 MOON_SCU2 moon kernel  -  [    3.058703] RPC: Registered named UNIX socket transport module.
<6>1 2021-01-18T09:03:40.996+00:00 MOON_SCU2 moon kernel  -  [    3.058708] RPC: Registered udp transport module.
<6>1 2021-01-18T09:03:40.996+00:00 MOON_SCU2 moon kernel  -  [    3.058709] RPC: Registered tcp transport module.
<6>1 2021-01-18T09:03:40.996+00:00 MOON_SCU2 moon kernel  -  [    3.058710] RPC: Registered tcp NFSv4.1 backchannel transport module.
<6>1 2021-01-18T09:03:40.996+00:00 MOON_SCU2 moon kernel  -  [    3.114065] usb 2-1.1.2: new full-speed USB device number 5 using ehci-pci
<5>1 2021-01-18T09:03:40.996+00:00 MOON_SCU2 moon kernel  -  [    3.207973] Key type dns_resolver registered
<6>1 2021-01-18T09:03:40.996+00:00 MOON_SCU2 moon kernel  -  [    3.225534] usb 2-1.1.2: New USB device found, idVendor=1fc9, idProduct=0002, bcdDevice= 1.20
<6>1 2021-01-18T09:03:40.996+00:00 MOON_SCU2 moon kernel  -  [    3.225544] usb 2-1.1.2: New USB device strings: Mfr=1, Product=2, SerialNumber=3
<6>1 2021-01-18T09:03:40.996+00:00 MOON_SCU2 moon kernel  -  [    3.225547] usb 2-1.1.2: Product: DTR0000300052
<6>1 2021-01-18T09:03:40.996+00:00 MOON_SCU2 moon kernel  -  [    3.225549] usb 2-1.1.2: Manufacturer: CENTRALP
<6>1 2021-01-18T09:03:40.996+00:00 MOON_SCU2 moon kernel  -  [    3.225551] usb 2-1.1.2: SerialNumber: 0184445001-AA-0A
<6>1 2021-01-18T09:03:40.996+00:00 MOON_SCU2 moon kernel  -  [    3.248636] hid: raw HID events driver (C) Jiri Kosina
<6>1 2021-01-18T09:03:40.996+00:00 MOON_SCU2 moon kernel  -  [    3.269197] usbcore: registered new interface driver usbhid
<6>1 2021-01-18T09:03:40.996+00:00 MOON_SCU2 moon kernel  -  [    3.269201] usbhid: USB HID core driver
<6>1 2021-01-18T09:03:40.996+00:00 MOON_SCU2 moon kernel  -  [    3.273506] input: CENTRALP DTR0000300052 as /devices/pci0000:00/0000:00:1d.0/usb2/2-1/2-1.1/2-1.1.2/2-1.1.2:1.0/0003:1FC9:0002.0001/input/input0
<6>1 2021-01-18T09:03:40.996+00:00 MOON_SCU2 moon kernel  -  [    3.378190] hid-generic 0003:1FC9:0002.0001: input,hidraw0: USB HID v2.10 Keyboard [CENTRALP DTR0000300052] on usb-0000:00:1d.0-1.1.2/input0
<5>1 2021-01-18T09:03:40.996+00:00 MOON_SCU2 moon kernel  -  [    3.670591] NFS: Registering the id_resolver key type
<5>1 2021-01-18T09:03:40.996+00:00 MOON_SCU2 moon kernel  -  [    3.670605] Key type id_resolver registered
<5>1 2021-01-18T09:03:40.996+00:00 MOON_SCU2 moon kernel  -  [    3.670607] Key type id_legacy registered
<6>1 2021-01-18T09:03:40.996+00:00 MOON_SCU2 moon kernel  -  [    3.810084] nfs4filelayout_init: NFSv4 File Layout Driver Registering...
<6>1 2021-01-18T09:03:40.996+00:00 MOON_SCU2 moon kernel  -  [    3.822314] nfs4flexfilelayout_init: NFSv4 Flexfile Layout Driver Registering...
<6>1 2021-01-18T09:03:40.996+00:00 MOON_SCU2 moon kernel  -  [    3.939337] usbcore: registered new interface driver ftdi_sio
<6>1 2021-01-18T09:03:40.996+00:00 MOON_SCU2 moon kernel  -  [    3.939626] usbserial: USB Serial support registered for FTDI USB Serial Device
<6>1 2021-01-18T09:03:40.996+00:00 MOON_SCU2 moon kernel  -  [    4.011370] bridge: filtering via arp/ip/ip6tables is no longer available by default. Update your scripts to load br_netfilter if you need this.
<5>1 2021-01-18T09:03:40.996+00:00 MOON_SCU2 moon kernel  -  [    4.015253] Bridge firewalling registered
<6>1 2021-01-18T09:03:40.996+00:00 MOON_SCU2 moon kernel  -  [    4.342993] 8021q: 802.1Q VLAN Support v1.8
<6>1 2021-01-18T09:03:40.996+00:00 MOON_SCU2 moon kernel  -  [    4.357336] printk: console [netcon0] enabled
<6>1 2021-01-18T09:03:40.996+00:00 MOON_SCU2 moon kernel  -  [    4.357341] netconsole: network logging started
<4>1 2021-01-18T09:03:40.996+00:00 MOON_SCU2 moon kernel  -  [    4.383463] device-mapper: core: CONFIG_IMA_DISABLE_HTABLE is disabled. Duplicate IMA measurements will not be recorded in the IMA log.
<6>1 2021-01-18T09:03:40.997+00:00 MOON_SCU2 moon kernel  -  [    4.383521] device-mapper: uevent: version 1.0.3
<6>1 2021-01-18T09:03:40.997+00:00 MOON_SCU2 moon kernel  -  [    4.384183] device-mapper: ioctl: 4.47.0-ioctl (2022-07-28) initialised: dm-devel@redhat.com
<6>1 2021-01-18T09:03:40.997+00:00 MOON_SCU2 moon kernel  -  [    4.507089] u32 classifier
<6>1 2021-01-18T09:03:40.997+00:00 MOON_SCU2 moon kernel  -  [    4.507096]     Performance counters on
<6>1 2021-01-18T09:03:40.997+00:00 MOON_SCU2 moon kernel  -  [    4.507097]     input device check on
<6>1 2021-01-18T09:03:40.997+00:00 MOON_SCU2 moon kernel  -  [    4.507098]     Actions configured
<4>1 2021-01-18T09:03:40.997+00:00 MOON_SCU2 moon kernel  -  [    4.540361] msgp: loading out-of-tree module taints kernel.
<5>1 2021-01-18T09:03:40.997+00:00 MOON_SCU2 moon kernel  -  [    4.540446] msgp: module verification failed: signature and/or required key missing - tainting kernel
<6>1 2021-01-18T09:03:40.997+00:00 MOON_SCU2 moon kernel  -  [    4.541962] Initializing Device module
<6>1 2021-01-18T09:03:40.997+00:00 MOON_SCU2 moon kernel  -  [    4.542965] --> MSGP version 2.0.0 (API v9)initializing as misc major 245
<6>1 2021-01-18T09:03:40.997+00:00 MOON_SCU2 moon kernel  -  [    4.542970] --> MSGP module inserted (debug : 0, max chid : 250, max pulses per queue : -1)
<6>1 2021-01-18T09:03:40.997+00:00 MOON_SCU2 moon kernel  -  [    4.542973] --> MSGP sources sha256 sum : 22169fb881551757d19390498d5753c108ec617147e1c8ae5299d0ff2c7e1307
<6>1 2021-01-18T09:03:40.997+00:00 MOON_SCU2 moon kernel  -  [    4.542975] --> MSGP ALM git commit : 18fa4b9b20ebbeb0131789fee58e129b981bb494
<6>1 2021-01-18T09:03:40.997+00:00 MOON_SCU2 moon kernel  -  [    4.609582] EXT4-fs (sda2): mounted filesystem with ordered data mode. Quota mode: none.
<6>1 2021-01-18T09:03:40.997+00:00 MOON_SCU2 moon kernel  -  [    4.620560] loop0: detected capacity change from 0 to 533128
<6>1 2021-01-18T09:03:40.997+00:00 MOON_SCU2 moon kernel  -  [    4.637621] loop1: detected capacity change from 0 to 35688
<6>1 2021-01-18T09:03:40.997+00:00 MOON_SCU2 moon kernel  -  [    4.672457] loop2: detected capacity change from 0 to 112
<6>1 2021-01-18T09:03:40.997+00:00 MOON_SCU2 moon kernel  -  [    4.692248] loop3: detected capacity change from 0 to 5208
<6>1 2021-01-18T09:03:40.997+00:00 MOON_SCU2 moon kernel  -  [    4.704453] loop4: detected capacity change from 0 to 3416
<6>1 2021-01-18T09:03:40.997+00:00 MOON_SCU2 moon kernel  -  [    4.721650] loop5: detected capacity change from 0 to 48
<6>1 2021-01-18T09:03:40.997+00:00 MOON_SCU2 moon kernel  -  [    4.731942] loop6: detected capacity change from 0 to 688
<6>1 2021-01-18T09:03:40.997+00:00 MOON_SCU2 moon kernel  -  [    4.807239] Not activating Mandatory Access Control as /sbin/tomoyo-init does not exist.
<30>1 2021-01-18T09:03:40.997+00:00 MOON_SCU2 moon   -     4.994801] systemd[1]: System time is further ahead than 15y after build time, resetting clock to build time.
<30>1 2021-01-18T09:03:40.997+00:00 MOON_SCU2 moon   -     5.012827] systemd[1]: systemd 252.31-1~deb12u1 running in system mode (+PAM +AUDIT +SELINUX +APPARMOR +IMA +SMACK +SECCOMP +GCRYPT -GNUTLS +OPENSSL +ACL +BLKID +CURL +ELFUTILS +FIDO2 +IDN2 -IDN +IPTC +KMOD +LIBCRYPTSETUP +LIBFDISK +PCRE2 -PWQUALITY +P11KIT +QRENCODE +TPM2 +BZIP2 +LZ4 +XZ +ZLIB +ZSTD -BPF_FRAMEWORK -XKBCOMMON +UTMP +SYSVINIT default-hierarchy=unified)
<30>1 2021-01-18T09:03:40.997+00:00 MOON_SCU2 moon   -     5.012840] systemd[1]: Detected architecture x86-64.
<30>1 2021-01-18T09:03:40.997+00:00 MOON_SCU2 moon   -     5.013430] systemd[1]: Detected first boot.
<30>1 2021-01-18T09:03:40.997+00:00 MOON_SCU2 moon   -     5.049266] systemd[1]: Hostname set to <moon>.
