
    <html>
        <head>
            <style>
                body {
                    font-family: 'Segoe UI', 
                    sans-serif; margin: 30px;
                    background: #f0f2f5;
                    color: #333;
                }
                .header-card { 
                    background: #eef2f6;
                    padding: 10 20px;
                    border-radius: 10px;
                    box-shadow: 0 4px 6px rgba(0,0,0,0.1);
                    margin-bottom: 30px;
                    position: sticky;
                    top: 0px;
                    z-index: 100
                }
                .diff-table {
                    display: grid;
                    grid-template-columns: 1fr 1fr;
                    gap: 1px;
                    background: #ccc;
                    border: 1px solid #bbb;
                }
                .cell {
                    padding: 6px 12px;
                    white-space: pre-wrap;
                    font-family: 'Consolas', monospace;
                    font-size: 13px;
                    background: white;
                    min-height: 1.5em;
                }
                .added {
                    background-color: #e6ffec;
                    border-left: 4px solid #2da44e;
                }
                .deleted {
                    background-color: #ffebe9;
                    border-left: 4px solid #cf222e;
                }
                .empty {
                    background-color: #fafafa;
                }
                .moved {
                    background-color: #FFF9C4;
                }
                .moved_line{
                    background-color: #FFF9C4;
                    border-left: 4px solid #e6b800;
                }
                .title-bar {
                    font-weight: bold;
                    background: #f6f8fa;
                    padding: 12px;
                    border-bottom: 2px solid #ddd;
                }
            </style>
        </head>
        <body>
            <div class="header-card">
                <h1>Diff Analysis: Using Patience Algorithm</h1>
                <p><b>Original:</b> inputs/kern-1.log | <b>New:</b> inputs/kern-2.log</p>
                <p>Deleted: <span style="color:#cf222e">248</span> | Inserted: <span style="color:#2da44e">906</span></p>
            </div>
            <div class="diff-table">
                <div class="title-bar">inputs/kern-1.log</div><div class="title-bar">inputs/kern-2.log</div>
                <div class="cell"><5>1 2021-01-18T09:02:24.766+00:00 MooN_SCU2 moon kernel  - 
[    0.000000] Linux version 6.1.0-27-amd64 (debian-kernel@lists.debian.org) (x86_64-linux-gnu-gcc (Debian 12.2.0-14) 12.2.0, GNU ld (GNU Binutils for Debian) 2.40) #1 SMP PREEMPT_DYNAMIC @1731283200</div><div class="cell"><5>1 2021-01-18T09:03:40.978+00:00 MOON_SCU2 moon kernel  - 
[    0.000000] Linux version 6.1.0-27-amd64 (debian-kernel@lists.debian.org) (x86_64-linux-gnu-gcc (Debian 12.2.0-14) 12.2.0, GNU ld (GNU Binutils for Debian) 2.40) #1 SMP PREEMPT_DYNAMIC @1731283200</div><div class="cell deleted"><6>1 2021-01-18T09:02:24.766+00:00 MooN_SCU2 moon kernel  - 
[    0.000000] Command line: BOOT_IMAGE=/baseline/boot/vmlinuz boot=moon slab_common.usercopy_fallback=Y systemd.hostname=moon isolcpus=1 ipv6.disable=1 systemd.unified_cgroup_hierarchy=false systemd.legacy_systemd_cgroup_controller=false</div><div class="cell empty"></div><div class="cell empty"></div><div class="cell added"><6>1 2021-01-18T09:03:40.978+00:00 MOON_SCU2 moon kernel  - 
[    0.000000] Command line: BOOT_IMAGE=/baseline/boot/vmlinuz boot=moon slab_common.usercopy_fallback=Y systemd.hostname=moon isolcpus=1 ipv6.disable=1 systemd.unified_cgroup_hierarchy=false systemd.legacy_systemd_cgroup_controller=false console=tty8 quiet loglevel=0</div><div class="cell"><7>1 2021-01-18T09:02:24.766+00:00 MooN_SCU2 moon kernel  - 
[    0.000000] reserving inaccessible SNB gfx pages</div><div class="cell"><7>1 2021-01-18T09:03:40.978+00:00 MOON_SCU2 moon kernel  - 
[    0.000000] reserving inaccessible SNB gfx pages</div><div class="cell"><6>1 2021-01-18T09:02:24.766+00:00 MooN_SCU2 moon kernel  - 
[    0.000000] BIOS-provided physical RAM map:</div><div class="cell"><6>1 2021-01-18T09:03:40.978+00:00 MOON_SCU2 moon kernel  - 
[    0.000000] BIOS-provided physical RAM map:</div><div class="cell"><6>1 2021-01-18T09:02:24.766+00:00 MooN_SCU2 moon kernel  - 
[    0.000000] BIOS-e820: [mem 0x0000000000000000-0x000000000009b3ff] usable</div><div class="cell"><6>1 2021-01-18T09:03:40.978+00:00 MOON_SCU2 moon kernel  - 
[    0.000000] BIOS-e820: [mem 0x0000000000000000-0x000000000009b3ff] usable</div><div class="cell"><6>1 2021-01-18T09:02:24.766+00:00 MooN_SCU2 moon kernel  - 
[    0.000000] BIOS-e820: [mem 0x000000000009b400-0x000000000009ffff] reserved</div><div class="cell"><6>1 2021-01-18T09:03:40.978+00:00 MOON_SCU2 moon kernel  - 
[    0.000000] BIOS-e820: [mem 0x000000000009b400-0x000000000009ffff] reserved</div><div class="cell"><6>1 2021-01-18T09:02:24.766+00:00 MooN_SCU2 moon kernel  - 
[    0.000000] BIOS-e820: [mem 0x00000000000e0000-0x00000000000fffff] reserved</div><div class="cell"><6>1 2021-01-18T09:03:40.978+00:00 MOON_SCU2 moon kernel  - 
[    0.000000] BIOS-e820: [mem 0x00000000000e0000-0x00000000000fffff] reserved</div><div class="cell"><6>1 2021-01-18T09:02:24.766+00:00 MooN_SCU2 moon kernel  - 
[    0.000000] BIOS-e820: [mem 0x0000000000100000-0x000000001fffffff] usable</div><div class="cell"><6>1 2021-01-18T09:03:40.978+00:00 MOON_SCU2 moon kernel  - 
[    0.000000] BIOS-e820: [mem 0x0000000000100000-0x000000001fffffff] usable</div><div class="cell"><6>1 2021-01-18T09:02:24.766+00:00 MooN_SCU2 moon kernel  - 
[    0.000000] BIOS-e820: [mem 0x0000000020000000-0x00000000201fffff] reserved</div><div class="cell"><6>1 2021-01-18T09:03:40.978+00:00 MOON_SCU2 moon kernel  - 
[    0.000000] BIOS-e820: [mem 0x0000000020000000-0x00000000201fffff] reserved</div><div class="cell"><6>1 2021-01-18T09:02:24.766+00:00 MooN_SCU2 moon kernel  - 
[    0.000000] BIOS-e820: [mem 0x0000000020200000-0x000000003fffffff] usable</div><div class="cell"><6>1 2021-01-18T09:03:40.978+00:00 MOON_SCU2 moon kernel  - 
[    0.000000] BIOS-e820: [mem 0x0000000020200000-0x000000003fffffff] usable</div><div class="cell"><6>1 2021-01-18T09:02:24.766+00:00 MooN_SCU2 moon kernel  - 
[    0.000000] BIOS-e820: [mem 0x0000000040000000-0x00000000401fffff] reserved</div><div class="cell"><6>1 2021-01-18T09:03:40.978+00:00 MOON_SCU2 moon kernel  - 
[    0.000000] BIOS-e820: [mem 0x0000000040000000-0x00000000401fffff] reserved</div><div class="cell"><6>1 2021-01-18T09:02:24.766+00:00 MooN_SCU2 moon kernel  - 
[    0.000000] BIOS-e820: [mem 0x0000000040200000-0x000000007ad1efff] usable</div><div class="cell"><6>1 2021-01-18T09:03:40.978+00:00 MOON_SCU2 moon kernel  - 
[    0.000000] BIOS-e820: [mem 0x0000000040200000-0x000000007ad1efff] usable</div><div class="cell"><6>1 2021-01-18T09:02:24.766+00:00 MooN_SCU2 moon kernel  - 
[    0.000000] BIOS-e820: [mem 0x000000007ad1f000-0x000000007ad8dfff] reserved</div><div class="cell"><6>1 2021-01-18T09:03:40.978+00:00 MOON_SCU2 moon kernel  - 
[    0.000000] BIOS-e820: [mem 0x000000007ad1f000-0x000000007ad8dfff] reserved</div><div class="cell"><6>1 2021-01-18T09:02:24.766+00:00 MooN_SCU2 moon kernel  - 
[    0.000000] BIOS-e820: [mem 0x000000007ad8e000-0x000000007ad9dfff] usable</div><div class="cell"><6>1 2021-01-18T09:03:40.978+00:00 MOON_SCU2 moon kernel  - 
[    0.000000] BIOS-e820: [mem 0x000000007ad8e000-0x000000007ad9dfff] usable</div><div class="cell"><6>1 2021-01-18T09:02:24.766+00:00 MooN_SCU2 moon kernel  - 
[    0.000000] BIOS-e820: [mem 0x000000007ad9e000-0x000000007ad9efff] reserved</div><div class="cell"><6>1 2021-01-18T09:03:40.978+00:00 MOON_SCU2 moon kernel  - 
[    0.000000] BIOS-e820: [mem 0x000000007ad9e000-0x000000007ad9efff] reserved</div><div class="cell"><6>1 2021-01-18T09:02:24.766+00:00 MooN_SCU2 moon kernel  - 
[    0.000000] BIOS-e820: [mem 0x000000007ad9f000-0x000000007ad9ffff] usable</div><div class="cell"><6>1 2021-01-18T09:03:40.978+00:00 MOON_SCU2 moon kernel  - 
[    0.000000] BIOS-e820: [mem 0x000000007ad9f000-0x000000007ad9ffff] usable</div><div class="cell"><6>1 2021-01-18T09:02:24.766+00:00 MooN_SCU2 moon kernel  - 
[    0.000000] BIOS-e820: [mem 0x000000007ada0000-0x000000007ade7fff] reserved</div><div class="cell"><6>1 2021-01-18T09:03:40.978+00:00 MOON_SCU2 moon kernel  - 
[    0.000000] BIOS-e820: [mem 0x000000007ada0000-0x000000007ade7fff] reserved</div><div class="cell"><6>1 2021-01-18T09:02:24.766+00:00 MooN_SCU2 moon kernel  - 
[    0.000000] BIOS-e820: [mem 0x000000007ade8000-0x000000007af41fff] usable</div><div class="cell"><6>1 2021-01-18T09:03:40.978+00:00 MOON_SCU2 moon kernel  - 
[    0.000000] BIOS-e820: [mem 0x000000007ade8000-0x000000007af41fff] usable</div><div class="cell"><6>1 2021-01-18T09:02:24.766+00:00 MooN_SCU2 moon kernel  - 
[    0.000000] BIOS-e820: [mem 0x000000007af42000-0x000000007af90fff] ACPI NVS</div><div class="cell"><6>1 2021-01-18T09:03:40.978+00:00 MOON_SCU2 moon kernel  - 
[    0.000000] BIOS-e820: [mem 0x000000007af42000-0x000000007af90fff] ACPI NVS</div><div class="cell"><6>1 2021-01-18T09:02:24.766+00:00 MooN_SCU2 moon kernel  - 
[    0.000000] BIOS-e820: [mem 0x000000007af91000-0x000000007af95fff] usable</div><div class="cell"><6>1 2021-01-18T09:03:40.978+00:00 MOON_SCU2 moon kernel  - 
[    0.000000] BIOS-e820: [mem 0x000000007af91000-0x000000007af95fff] usable</div><div class="cell"><6>1 2021-01-18T09:02:24.771+00:00 MooN_SCU2 moon kernel  - 
[    0.000000] BIOS-e820: [mem 0x000000007af96000-0x000000007afe7fff] ACPI NVS</div><div class="cell"><6>1 2021-01-18T09:03:40.979+00:00 MOON_SCU2 moon kernel  - 
[    0.000000] BIOS-e820: [mem 0x000000007af96000-0x000000007afe7fff] ACPI NVS</div><div class="cell"><6>1 2021-01-18T09:02:24.771+00:00 MooN_SCU2 moon kernel  - 
[    0.000000] BIOS-e820: [mem 0x000000007afe8000-0x000000007affcfff] usable</div><div class="cell"><6>1 2021-01-18T09:03:40.979+00:00 MOON_SCU2 moon kernel  - 
[    0.000000] BIOS-e820: [mem 0x000000007afe8000-0x000000007affcfff] usable</div><div class="cell"><6>1 2021-01-18T09:02:24.771+00:00 MooN_SCU2 moon kernel  - 
[    0.000000] BIOS-e820: [mem 0x000000007affd000-0x000000007affffff] ACPI data</div><div class="cell"><6>1 2021-01-18T09:03:40.979+00:00 MOON_SCU2 moon kernel  - 
[    0.000000] BIOS-e820: [mem 0x000000007affd000-0x000000007affffff] ACPI data</div><div class="cell"><6>1 2021-01-18T09:02:24.771+00:00 MooN_SCU2 moon kernel  - 
[    0.000000] BIOS-e820: [mem 0x000000007b000000-0x000000007f9fffff] reserved</div><div class="cell"><6>1 2021-01-18T09:03:40.979+00:00 MOON_SCU2 moon kernel  - 
[    0.000000] BIOS-e820: [mem 0x000000007b000000-0x000000007f9fffff] reserved</div><div class="cell"><6>1 2021-01-18T09:02:24.771+00:00 MooN_SCU2 moon kernel  - 
[    0.000000] BIOS-e820: [mem 0x00000000f8000000-0x00000000fbffffff] reserved</div><div class="cell"><6>1 2021-01-18T09:03:40.979+00:00 MOON_SCU2 moon kernel  - 
[    0.000000] BIOS-e820: [mem 0x00000000f8000000-0x00000000fbffffff] reserved</div><div class="cell"><6>1 2021-01-18T09:02:24.771+00:00 MooN_SCU2 moon kernel  - 
[    0.000000] BIOS-e820: [mem 0x00000000fec00000-0x00000000fec00fff] reserved</div><div class="cell"><6>1 2021-01-18T09:03:40.979+00:00 MOON_SCU2 moon kernel  - 
[    0.000000] BIOS-e820: [mem 0x00000000fec00000-0x00000000fec00fff] reserved</div><div class="cell"><6>1 2021-01-18T09:02:24.771+00:00 MooN_SCU2 moon kernel  - 
[    0.000000] BIOS-e820: [mem 0x00000000fed10000-0x00000000fed13fff] reserved</div><div class="cell"><6>1 2021-01-18T09:03:40.979+00:00 MOON_SCU2 moon kernel  - 
[    0.000000] BIOS-e820: [mem 0x00000000fed10000-0x00000000fed13fff] reserved</div><div class="cell"><6>1 2021-01-18T09:02:24.771+00:00 MooN_SCU2 moon kernel  - 
[    0.000000] BIOS-e820: [mem 0x00000000fed18000-0x00000000fed19fff] reserved</div><div class="cell"><6>1 2021-01-18T09:03:40.979+00:00 MOON_SCU2 moon kernel  - 
[    0.000000] BIOS-e820: [mem 0x00000000fed18000-0x00000000fed19fff] reserved</div><div class="cell"><6>1 2021-01-18T09:02:24.771+00:00 MooN_SCU2 moon kernel  - 
[    0.000000] BIOS-e820: [mem 0x00000000fed1c000-0x00000000fed1ffff] reserved</div><div class="cell"><6>1 2021-01-18T09:03:40.979+00:00 MOON_SCU2 moon kernel  - 
[    0.000000] BIOS-e820: [mem 0x00000000fed1c000-0x00000000fed1ffff] reserved</div><div class="cell"><6>1 2021-01-18T09:02:24.771+00:00 MooN_SCU2 moon kernel  - 
[    0.000000] BIOS-e820: [mem 0x00000000fee00000-0x00000000fee00fff] reserved</div><div class="cell"><6>1 2021-01-18T09:03:40.979+00:00 MOON_SCU2 moon kernel  - 
[    0.000000] BIOS-e820: [mem 0x00000000fee00000-0x00000000fee00fff] reserved</div><div class="cell"><6>1 2021-01-18T09:02:24.772+00:00 MooN_SCU2 moon kernel  - 
[    0.000000] BIOS-e820: [mem 0x00000000ffa00000-0x00000000ffbfffff] reserved</div><div class="cell"><6>1 2021-01-18T09:03:40.979+00:00 MOON_SCU2 moon kernel  - 
[    0.000000] BIOS-e820: [mem 0x00000000ffa00000-0x00000000ffbfffff] reserved</div><div class="cell"><6>1 2021-01-18T09:02:24.772+00:00 MooN_SCU2 moon kernel  - 
[    0.000000] BIOS-e820: [mem 0x00000000ffe00000-0x00000000ffffffff] reserved</div><div class="cell"><6>1 2021-01-18T09:03:40.979+00:00 MOON_SCU2 moon kernel  - 
[    0.000000] BIOS-e820: [mem 0x00000000ffe00000-0x00000000ffffffff] reserved</div><div class="cell"><6>1 2021-01-18T09:02:24.772+00:00 MooN_SCU2 moon kernel  - 
[    0.000000] BIOS-e820: [mem 0x0000000100000000-0x00000001005fffff] usable</div><div class="cell"><6>1 2021-01-18T09:03:40.979+00:00 MOON_SCU2 moon kernel  - 
[    0.000000] BIOS-e820: [mem 0x0000000100000000-0x00000001005fffff] usable</div><div class="cell"><6>1 2021-01-18T09:02:24.772+00:00 MooN_SCU2 moon kernel  - 
[    0.000000] NX (Execute Disable) protection: active</div><div class="cell"><6>1 2021-01-18T09:03:40.979+00:00 MOON_SCU2 moon kernel  - 
[    0.000000] NX (Execute Disable) protection: active</div><div class="cell"><6>1 2021-01-18T09:02:24.772+00:00 MooN_SCU2 moon kernel  - 
[    0.000000] SMBIOS 2.7 present.</div><div class="cell"><6>1 2021-01-18T09:03:40.979+00:00 MOON_SCU2 moon kernel  - 
[    0.000000] SMBIOS 2.7 present.</div><div class="cell"><6>1 2021-01-18T09:02:24.772+00:00 MooN_SCU2 moon kernel  - 
[    0.000000] DMI: Kontron VX3035/VX3035, BIOS ID15084 03/25/2015</div><div class="cell"><6>1 2021-01-18T09:03:40.979+00:00 MOON_SCU2 moon kernel  - 
[    0.000000] DMI: Kontron VX3035/VX3035, BIOS ID15084 03/25/2015</div><div class="cell"><6>1 2021-01-18T09:02:24.772+00:00 MooN_SCU2 moon kernel  - 
[    0.000000] tsc: Fast TSC calibration using PIT</div><div class="cell"><6>1 2021-01-18T09:03:40.979+00:00 MOON_SCU2 moon kernel  - 
[    0.000000] tsc: Fast TSC calibration using PIT</div><div class="cell deleted"><6>1 2021-01-18T09:02:24.772+00:00 MooN_SCU2 moon kernel  - 
[    0.000000] tsc: Detected 2199.845 MHz processor</div><div class="cell empty"></div><div class="cell empty"></div><div class="cell added"><6>1 2021-01-18T09:03:40.979+00:00 MOON_SCU2 moon kernel  - 
[    0.000000] tsc: Detected 2199.883 MHz processor</div><div class="cell"><7>1 2021-01-18T09:02:24.772+00:00 MooN_SCU2 moon kernel  - 
[    0.001624] e820: update [mem 0x00000000-0x00000fff] usable ==> reserved</div><div class="cell"><7>1 2021-01-18T09:03:40.979+00:00 MOON_SCU2 moon kernel  - 
[    0.001625] e820: update [mem 0x00000000-0x00000fff] usable ==> reserved</div><div class="cell"><7>1 2021-01-18T09:02:24.772+00:00 MooN_SCU2 moon kernel  - 
[    0.001630] e820: remove [mem 0x000a0000-0x000fffff] usable</div><div class="cell"><7>1 2021-01-18T09:03:40.979+00:00 MOON_SCU2 moon kernel  - 
[    0.001630] e820: remove [mem 0x000a0000-0x000fffff] usable</div><div class="cell"><6>1 2021-01-18T09:02:24.772+00:00 MooN_SCU2 moon kernel  - 
[    0.001651] last_pfn = 0x100600 max_arch_pfn = 0x400000000</div><div class="cell"><6>1 2021-01-18T09:03:40.979+00:00 MOON_SCU2 moon kernel  - 
[    0.001652] last_pfn = 0x100600 max_arch_pfn = 0x400000000</div><div class="cell"><6>1 2021-01-18T09:02:24.772+00:00 MooN_SCU2 moon kernel  - 
[    0.002735] x86/PAT: Configuration [0-7]: WB  WC  UC- UC  WB  WP  UC- WT  </div><div class="cell"><6>1 2021-01-18T09:03:40.979+00:00 MOON_SCU2 moon kernel  - 
[    0.002730] x86/PAT: Configuration [0-7]: WB  WC  UC- UC  WB  WP  UC- WT  </div><div class="cell"><6>1 2021-01-18T09:02:24.772+00:00 MooN_SCU2 moon kernel  - 
[    0.003358] last_pfn = 0x7affd max_arch_pfn = 0x400000000</div><div class="cell"><6>1 2021-01-18T09:03:40.979+00:00 MOON_SCU2 moon kernel  - 
[    0.003353] last_pfn = 0x7affd max_arch_pfn = 0x400000000</div><div class="cell"><6>1 2021-01-18T09:02:24.772+00:00 MooN_SCU2 moon kernel  - 
[    0.021730] found SMP MP-table at [mem 0x000fcaf0-0x000fcaff]</div><div class="cell"><6>1 2021-01-18T09:03:40.979+00:00 MOON_SCU2 moon kernel  - 
[    0.021725] found SMP MP-table at [mem 0x000fcaf0-0x000fcaff]</div><div class="cell"><6>1 2021-01-18T09:02:24.772+00:00 MooN_SCU2 moon kernel  - 
[    0.023066] RAMDISK: [mem 0x363a5000-0x371c9fff]</div><div class="cell"><6>1 2021-01-18T09:03:40.979+00:00 MOON_SCU2 moon kernel  - 
[    0.022943] RAMDISK: [mem 0x363a5000-0x371c9fff]</div><div class="cell"><6>1 2021-01-18T09:02:24.772+00:00 MooN_SCU2 moon kernel  - 
[    0.023071] ACPI: Early table checksum verification disabled</div><div class="cell"><6>1 2021-01-18T09:03:40.979+00:00 MOON_SCU2 moon kernel  - 
[    0.022948] ACPI: Early table checksum verification disabled</div><div class="cell"><6>1 2021-01-18T09:02:24.772+00:00 MooN_SCU2 moon kernel  - 
[    0.023075] ACPI: RSDP 0x00000000000F0450 000024 (v02 ALASKA)</div><div class="cell"><6>1 2021-01-18T09:03:40.979+00:00 MOON_SCU2 moon kernel  - 
[    0.022952] ACPI: RSDP 0x00000000000F0450 000024 (v02 ALASKA)</div><div class="cell"><6>1 2021-01-18T09:02:24.772+00:00 MooN_SCU2 moon kernel  - 
[    0.023083] ACPI: XSDT 0x000000007AFFEE18 000064 (v01 ALASKA SNB-CPT  06222004 MSFT 00010013)</div><div class="cell"><6>1 2021-01-18T09:03:40.979+00:00 MOON_SCU2 moon kernel  - 
[    0.022960] ACPI: XSDT 0x000000007AFFEE18 000064 (v01 ALASKA SNB-CPT  06222004 MSFT 00010013)</div><div class="cell"><6>1 2021-01-18T09:02:24.772+00:00 MooN_SCU2 moon kernel  - 
[    0.023092] ACPI: FACP 0x000000007AF9AD98 0000F4 (v04 ALASKA SNB-CPT  06222004 MSFT 00010013)</div><div class="cell"><6>1 2021-01-18T09:03:40.979+00:00 MOON_SCU2 moon kernel  - 
[    0.022969] ACPI: FACP 0x000000007AF9AD98 0000F4 (v04 ALASKA SNB-CPT  06222004 MSFT 00010013)</div><div class="cell"><6>1 2021-01-18T09:02:24.772+00:00 MooN_SCU2 moon kernel  - 
[    0.023101] ACPI: DSDT 0x000000007AF88018 0085DF (v01 ALASKA SNB-CPT  00000000 INTL 20091112)</div><div class="cell"><6>1 2021-01-18T09:03:40.979+00:00 MOON_SCU2 moon kernel  - 
[    0.022978] ACPI: DSDT 0x000000007AF88018 0085DF (v01 ALASKA SNB-CPT  00000000 INTL 20091112)</div><div class="cell"><6>1 2021-01-18T09:02:24.772+00:00 MooN_SCU2 moon kernel  - 
[    0.023107] ACPI: FACS 0x000000007AFE5E40 000040</div><div class="cell"><6>1 2021-01-18T09:03:40.979+00:00 MOON_SCU2 moon kernel  - 
[    0.022984] ACPI: FACS 0x000000007AFE5E40 000040</div><div class="cell"><6>1 2021-01-18T09:02:24.772+00:00 MooN_SCU2 moon kernel  - 
[    0.023112] ACPI: FACS 0x000000007AFE5D40 000040</div><div class="cell"><6>1 2021-01-18T09:03:40.979+00:00 MOON_SCU2 moon kernel  - 
[    0.022989] ACPI: FACS 0x000000007AFE5D40 000040</div><div class="cell"><6>1 2021-01-18T09:02:24.772+00:00 MooN_SCU2 moon kernel  - 
[    0.023117] ACPI: APIC 0x000000007AFFDF18 0000CC (v02 ALASKA SNB-CPT  06222004 MSFT 00010013)</div><div class="cell"><6>1 2021-01-18T09:03:40.979+00:00 MOON_SCU2 moon kernel  - 
[    0.022993] ACPI: APIC 0x000000007AFFDF18 0000CC (v02 ALASKA SNB-CPT  06222004 MSFT 00010013)</div><div class="cell"><6>1 2021-01-18T09:02:24.772+00:00 MooN_SCU2 moon kernel  - 
[    0.023123] ACPI: HPET 0x000000007AFE6D18 000038 (v01 ALASKA SNB-CPT  06222004 AMI. 00000003)</div><div class="cell"><6>1 2021-01-18T09:03:40.979+00:00 MOON_SCU2 moon kernel  - 
[    0.022999] ACPI: HPET 0x000000007AFE6D18 000038 (v01 ALASKA SNB-CPT  06222004 AMI. 00000003)</div><div class="cell"><6>1 2021-01-18T09:02:24.772+00:00 MooN_SCU2 moon kernel  - 
[    0.023128] ACPI: SSDT 0x000000007AF9B698 000614 (v01 TrmRef PtidDevc 00001000 INTL 20091112)</div><div class="cell"><6>1 2021-01-18T09:03:40.979+00:00 MOON_SCU2 moon kernel  - 
[    0.023005] ACPI: SSDT 0x000000007AF9B698 000614 (v01 TrmRef PtidDevc 00001000 INTL 20091112)</div><div class="cell"><6>1 2021-01-18T09:02:24.772+00:00 MooN_SCU2 moon kernel  - 
[    0.023134] ACPI: MCFG 0x000000007AFE6C98 00003C (v01 ALASKA SNB-CPT  06222004 MSFT 00000097)</div><div class="cell"><6>1 2021-01-18T09:03:40.979+00:00 MOON_SCU2 moon kernel  - 
[    0.023010] ACPI: MCFG 0x000000007AFE6C98 00003C (v01 ALASKA SNB-CPT  06222004 MSFT 00000097)</div><div class="cell"><6>1 2021-01-18T09:02:24.772+00:00 MooN_SCU2 moon kernel  - 
[    0.023139] ACPI: SSDT 0x000000007AF99018 000996 (v01 PmRef  CpuPm    00003000 INTL 20091112)</div><div class="cell"><6>1 2021-01-18T09:03:40.979+00:00 MOON_SCU2 moon kernel  - 
[    0.023016] ACPI: SSDT 0x000000007AF99018 000996 (v01 PmRef  CpuPm    00003000 INTL 20091112)</div><div class="cell"><6>1 2021-01-18T09:02:24.772+00:00 MooN_SCU2 moon kernel  - 
[    0.023145] ACPI: DMAR 0x000000007AF9AC18 0000E8 (v01 INTEL  SNB      00000001 INTL 00000001)</div><div class="cell"><6>1 2021-01-18T09:03:40.979+00:00 MOON_SCU2 moon kernel  - 
[    0.023022] ACPI: DMAR 0x000000007AF9AC18 0000E8 (v01 INTEL  SNB      00000001 INTL 00000001)</div><div class="cell"><6>1 2021-01-18T09:02:24.772+00:00 MooN_SCU2 moon kernel  - 
[    0.023151] ACPI: SPCR 0x000000007AFE6C18 000050 (v01 A M I  APTIO4   06222004 AMI. 00000003)</div><div class="cell"><6>1 2021-01-18T09:03:40.979+00:00 MOON_SCU2 moon kernel  - 
[    0.023027] ACPI: SPCR 0x000000007AFE6C18 000050 (v01 A M I  APTIO4   06222004 AMI. 00000003)</div><div class="cell"><6>1 2021-01-18T09:02:24.772+00:00 MooN_SCU2 moon kernel  - 
[    0.023156] ACPI: Reserving FACP table memory at [mem 0x7af9ad98-0x7af9ae8b]</div><div class="cell"><6>1 2021-01-18T09:03:40.979+00:00 MOON_SCU2 moon kernel  - 
[    0.023032] ACPI: Reserving FACP table memory at [mem 0x7af9ad98-0x7af9ae8b]</div><div class="cell"><6>1 2021-01-18T09:02:24.772+00:00 MooN_SCU2 moon kernel  - 
[    0.023158] ACPI: Reserving DSDT table memory at [mem 0x7af88018-0x7af905f6]</div><div class="cell"><6>1 2021-01-18T09:03:40.980+00:00 MOON_SCU2 moon kernel  - 
[    0.023035] ACPI: Reserving DSDT table memory at [mem 0x7af88018-0x7af905f6]</div><div class="cell"><6>1 2021-01-18T09:02:24.772+00:00 MooN_SCU2 moon kernel  - 
[    0.023160] ACPI: Reserving FACS table memory at [mem 0x7afe5e40-0x7afe5e7f]</div><div class="cell"><6>1 2021-01-18T09:03:40.980+00:00 MOON_SCU2 moon kernel  - 
[    0.023037] ACPI: Reserving FACS table memory at [mem 0x7afe5e40-0x7afe5e7f]</div><div class="cell"><6>1 2021-01-18T09:02:24.772+00:00 MooN_SCU2 moon kernel  - 
[    0.023162] ACPI: Reserving FACS table memory at [mem 0x7afe5d40-0x7afe5d7f]</div><div class="cell"><6>1 2021-01-18T09:03:40.980+00:00 MOON_SCU2 moon kernel  - 
[    0.023038] ACPI: Reserving FACS table memory at [mem 0x7afe5d40-0x7afe5d7f]</div><div class="cell"><6>1 2021-01-18T09:02:24.772+00:00 MooN_SCU2 moon kernel  - 
[    0.023163] ACPI: Reserving APIC table memory at [mem 0x7affdf18-0x7affdfe3]</div><div class="cell"><6>1 2021-01-18T09:03:40.980+00:00 MOON_SCU2 moon kernel  - 
[    0.023040] ACPI: Reserving APIC table memory at [mem 0x7affdf18-0x7affdfe3]</div><div class="cell"><6>1 2021-01-18T09:02:24.772+00:00 MooN_SCU2 moon kernel  - 
[    0.023165] ACPI: Reserving HPET table memory at [mem 0x7afe6d18-0x7afe6d4f]</div><div class="cell"><6>1 2021-01-18T09:03:40.980+00:00 MOON_SCU2 moon kernel  - 
[    0.023041] ACPI: Reserving HPET table memory at [mem 0x7afe6d18-0x7afe6d4f]</div><div class="cell"><6>1 2021-01-18T09:02:24.772+00:00 MooN_SCU2 moon kernel  - 
[    0.023166] ACPI: Reserving SSDT table memory at [mem 0x7af9b698-0x7af9bcab]</div><div class="cell"><6>1 2021-01-18T09:03:40.980+00:00 MOON_SCU2 moon kernel  - 
[    0.023043] ACPI: Reserving SSDT table memory at [mem 0x7af9b698-0x7af9bcab]</div><div class="cell"><6>1 2021-01-18T09:02:24.772+00:00 MooN_SCU2 moon kernel  - 
[    0.023168] ACPI: Reserving MCFG table memory at [mem 0x7afe6c98-0x7afe6cd3]</div><div class="cell"><6>1 2021-01-18T09:03:40.980+00:00 MOON_SCU2 moon kernel  - 
[    0.023044] ACPI: Reserving MCFG table memory at [mem 0x7afe6c98-0x7afe6cd3]</div><div class="cell"><6>1 2021-01-18T09:02:24.772+00:00 MooN_SCU2 moon kernel  - 
[    0.023169] ACPI: Reserving SSDT table memory at [mem 0x7af99018-0x7af999ad]</div><div class="cell"><6>1 2021-01-18T09:03:40.980+00:00 MOON_SCU2 moon kernel  - 
[    0.023046] ACPI: Reserving SSDT table memory at [mem 0x7af99018-0x7af999ad]</div><div class="cell"><6>1 2021-01-18T09:02:24.772+00:00 MooN_SCU2 moon kernel  - 
[    0.023171] ACPI: Reserving DMAR table memory at [mem 0x7af9ac18-0x7af9acff]</div><div class="cell"><6>1 2021-01-18T09:03:40.980+00:00 MOON_SCU2 moon kernel  - 
[    0.023048] ACPI: Reserving DMAR table memory at [mem 0x7af9ac18-0x7af9acff]</div><div class="cell"><6>1 2021-01-18T09:02:24.772+00:00 MooN_SCU2 moon kernel  - 
[    0.023173] ACPI: Reserving SPCR table memory at [mem 0x7afe6c18-0x7afe6c67]</div><div class="cell"><6>1 2021-01-18T09:03:40.980+00:00 MOON_SCU2 moon kernel  - 
[    0.023049] ACPI: Reserving SPCR table memory at [mem 0x7afe6c18-0x7afe6c67]</div><div class="cell"><6>1 2021-01-18T09:02:24.772+00:00 MooN_SCU2 moon kernel  - 
[    0.023251] No NUMA configuration found</div><div class="cell"><6>1 2021-01-18T09:03:40.980+00:00 MOON_SCU2 moon kernel  - 
[    0.023128] No NUMA configuration found</div><div class="cell"><6>1 2021-01-18T09:02:24.772+00:00 MooN_SCU2 moon kernel  - 
[    0.023253] Faking a node at [mem 0x0000000000000000-0x00000001005fffff]</div><div class="cell"><6>1 2021-01-18T09:03:40.980+00:00 MOON_SCU2 moon kernel  - 
[    0.023129] Faking a node at [mem 0x0000000000000000-0x00000001005fffff]</div><div class="cell"><6>1 2021-01-18T09:02:24.772+00:00 MooN_SCU2 moon kernel  - 
[    0.023270] NODE_DATA(0) allocated [mem 0x1005d5000-0x1005fffff]</div><div class="cell"><6>1 2021-01-18T09:03:40.980+00:00 MOON_SCU2 moon kernel  - 
[    0.023147] NODE_DATA(0) allocated [mem 0x1005d3000-0x1005fdfff]</div><div class="cell"><6>1 2021-01-18T09:02:24.772+00:00 MooN_SCU2 moon kernel  - 
[    0.023857] Zone ranges:</div><div class="cell"><6>1 2021-01-18T09:03:40.980+00:00 MOON_SCU2 moon kernel  - 
[    0.023735] Zone ranges:</div><div class="cell"><6>1 2021-01-18T09:02:24.772+00:00 MooN_SCU2 moon kernel  - 
[    0.023859]   DMA      [mem 0x0000000000001000-0x0000000000ffffff]</div><div class="cell"><6>1 2021-01-18T09:03:40.980+00:00 MOON_SCU2 moon kernel  - 
[    0.023737]   DMA      [mem 0x0000000000001000-0x0000000000ffffff]</div><div class="cell"><6>1 2021-01-18T09:02:24.772+00:00 MooN_SCU2 moon kernel  - 
[    0.023862]   DMA32    [mem 0x0000000001000000-0x00000000ffffffff]</div><div class="cell"><6>1 2021-01-18T09:03:40.980+00:00 MOON_SCU2 moon kernel  - 
[    0.023740]   DMA32    [mem 0x0000000001000000-0x00000000ffffffff]</div><div class="cell"><6>1 2021-01-18T09:02:24.772+00:00 MooN_SCU2 moon kernel  - 
[    0.023865]   Normal   [mem 0x0000000100000000-0x00000001005fffff]</div><div class="cell"><6>1 2021-01-18T09:03:40.980+00:00 MOON_SCU2 moon kernel  - 
[    0.023743]   Normal   [mem 0x0000000100000000-0x00000001005fffff]</div><div class="cell"><6>1 2021-01-18T09:02:24.772+00:00 MooN_SCU2 moon kernel  - 
[    0.023867]   Device   empty</div><div class="cell"><6>1 2021-01-18T09:03:40.980+00:00 MOON_SCU2 moon kernel  - 
[    0.023745]   Device   empty</div><div class="cell"><6>1 2021-01-18T09:02:24.772+00:00 MooN_SCU2 moon kernel  - 
[    0.023869] Movable zone start for each node</div><div class="cell"><6>1 2021-01-18T09:03:40.980+00:00 MOON_SCU2 moon kernel  - 
[    0.023747] Movable zone start for each node</div><div class="cell"><6>1 2021-01-18T09:02:24.772+00:00 MooN_SCU2 moon kernel  - 
[    0.023874] Early memory node ranges</div><div class="cell"><6>1 2021-01-18T09:03:40.980+00:00 MOON_SCU2 moon kernel  - 
[    0.023752] Early memory node ranges</div><div class="cell"><6>1 2021-01-18T09:02:24.772+00:00 MooN_SCU2 moon kernel  - 
[    0.023875]   node   0: [mem 0x0000000000001000-0x000000000009afff]</div><div class="cell"><6>1 2021-01-18T09:03:40.980+00:00 MOON_SCU2 moon kernel  - 
[    0.023753]   node   0: [mem 0x0000000000001000-0x000000000009afff]</div><div class="cell"><6>1 2021-01-18T09:02:24.772+00:00 MooN_SCU2 moon kernel  - 
[    0.023877]   node   0: [mem 0x0000000000100000-0x000000001fffffff]</div><div class="cell"><6>1 2021-01-18T09:03:40.980+00:00 MOON_SCU2 moon kernel  - 
[    0.023755]   node   0: [mem 0x0000000000100000-0x000000001fffffff]</div><div class="cell"><6>1 2021-01-18T09:02:24.772+00:00 MooN_SCU2 moon kernel  - 
[    0.023879]   node   0: [mem 0x0000000020200000-0x000000003fffffff]</div><div class="cell"><6>1 2021-01-18T09:03:40.980+00:00 MOON_SCU2 moon kernel  - 
[    0.023757]   node   0: [mem 0x0000000020200000-0x000000003fffffff]</div><div class="cell"><6>1 2021-01-18T09:02:24.772+00:00 MooN_SCU2 moon kernel  - 
[    0.023881]   node   0: [mem 0x0000000040200000-0x000000007ad1efff]</div><div class="cell"><6>1 2021-01-18T09:03:40.980+00:00 MOON_SCU2 moon kernel  - 
[    0.023759]   node   0: [mem 0x0000000040200000-0x000000007ad1efff]</div><div class="cell"><6>1 2021-01-18T09:02:24.772+00:00 MooN_SCU2 moon kernel  - 
[    0.023882]   node   0: [mem 0x000000007ad8e000-0x000000007ad9dfff]</div><div class="cell"><6>1 2021-01-18T09:03:40.980+00:00 MOON_SCU2 moon kernel  - 
[    0.023760]   node   0: [mem 0x000000007ad8e000-0x000000007ad9dfff]</div><div class="cell"><6>1 2021-01-18T09:02:24.772+00:00 MooN_SCU2 moon kernel  - 
[    0.023884]   node   0: [mem 0x000000007ad9f000-0x000000007ad9ffff]</div><div class="cell"><6>1 2021-01-18T09:03:40.980+00:00 MOON_SCU2 moon kernel  - 
[    0.023762]   node   0: [mem 0x000000007ad9f000-0x000000007ad9ffff]</div><div class="cell"><6>1 2021-01-18T09:02:24.772+00:00 MooN_SCU2 moon kernel  - 
[    0.023885]   node   0: [mem 0x000000007ade8000-0x000000007af41fff]</div><div class="cell"><6>1 2021-01-18T09:03:40.980+00:00 MOON_SCU2 moon kernel  - 
[    0.023763]   node   0: [mem 0x000000007ade8000-0x000000007af41fff]</div><div class="cell"><6>1 2021-01-18T09:02:24.772+00:00 MooN_SCU2 moon kernel  - 
[    0.023887]   node   0: [mem 0x000000007af91000-0x000000007af95fff]</div><div class="cell"><6>1 2021-01-18T09:03:40.980+00:00 MOON_SCU2 moon kernel  - 
[    0.023765]   node   0: [mem 0x000000007af91000-0x000000007af95fff]</div><div class="cell"><6>1 2021-01-18T09:02:24.772+00:00 MooN_SCU2 moon kernel  - 
[    0.023888]   node   0: [mem 0x000000007afe8000-0x000000007affcfff]</div><div class="cell"><6>1 2021-01-18T09:03:40.980+00:00 MOON_SCU2 moon kernel  - 
[    0.023766]   node   0: [mem 0x000000007afe8000-0x000000007affcfff]</div><div class="cell"><6>1 2021-01-18T09:02:24.772+00:00 MooN_SCU2 moon kernel  - 
[    0.023890]   node   0: [mem 0x0000000100000000-0x00000001005fffff]</div><div class="cell"><6>1 2021-01-18T09:03:40.980+00:00 MOON_SCU2 moon kernel  - 
[    0.023768]   node   0: [mem 0x0000000100000000-0x00000001005fffff]</div><div class="cell"><6>1 2021-01-18T09:02:24.773+00:00 MooN_SCU2 moon kernel  - 
[    0.023893] Initmem setup node 0 [mem 0x0000000000001000-0x00000001005fffff]</div><div class="cell"><6>1 2021-01-18T09:03:40.980+00:00 MOON_SCU2 moon kernel  - 
[    0.023771] Initmem setup node 0 [mem 0x0000000000001000-0x00000001005fffff]</div><div class="cell"><6>1 2021-01-18T09:02:24.773+00:00 MooN_SCU2 moon kernel  - 
[    0.023902] On node 0, zone DMA: 1 pages in unavailable ranges</div><div class="cell"><6>1 2021-01-18T09:03:40.980+00:00 MOON_SCU2 moon kernel  - 
[    0.023780] On node 0, zone DMA: 1 pages in unavailable ranges</div><div class="cell"><6>1 2021-01-18T09:02:24.773+00:00 MooN_SCU2 moon kernel  - 
[    0.023960] On node 0, zone DMA: 101 pages in unavailable ranges</div><div class="cell"><6>1 2021-01-18T09:03:40.980+00:00 MOON_SCU2 moon kernel  - 
[    0.023839] On node 0, zone DMA: 101 pages in unavailable ranges</div><div class="cell"><6>1 2021-01-18T09:02:24.773+00:00 MooN_SCU2 moon kernel  - 
[    0.027974] On node 0, zone DMA32: 512 pages in unavailable ranges</div><div class="cell"><6>1 2021-01-18T09:03:40.980+00:00 MOON_SCU2 moon kernel  - 
[    0.027889] On node 0, zone DMA32: 512 pages in unavailable ranges</div><div class="cell"><6>1 2021-01-18T09:02:24.773+00:00 MooN_SCU2 moon kernel  - 
[    0.031783] On node 0, zone DMA32: 512 pages in unavailable ranges</div><div class="cell"><6>1 2021-01-18T09:03:40.980+00:00 MOON_SCU2 moon kernel  - 
[    0.031700] On node 0, zone DMA32: 512 pages in unavailable ranges</div><div class="cell"><6>1 2021-01-18T09:02:24.773+00:00 MooN_SCU2 moon kernel  - 
[    0.031794] On node 0, zone DMA32: 111 pages in unavailable ranges</div><div class="cell"><6>1 2021-01-18T09:03:40.980+00:00 MOON_SCU2 moon kernel  - 
[    0.031711] On node 0, zone DMA32: 111 pages in unavailable ranges</div><div class="cell"><6>1 2021-01-18T09:02:24.773+00:00 MooN_SCU2 moon kernel  - 
[    0.031796] On node 0, zone DMA32: 1 pages in unavailable ranges</div><div class="cell"><6>1 2021-01-18T09:03:40.980+00:00 MOON_SCU2 moon kernel  - 
[    0.031713] On node 0, zone DMA32: 1 pages in unavailable ranges</div><div class="cell"><6>1 2021-01-18T09:02:24.773+00:00 MooN_SCU2 moon kernel  - 
[    0.031805] On node 0, zone DMA32: 72 pages in unavailable ranges</div><div class="cell"><6>1 2021-01-18T09:03:40.980+00:00 MOON_SCU2 moon kernel  - 
[    0.031722] On node 0, zone DMA32: 72 pages in unavailable ranges</div><div class="cell"><6>1 2021-01-18T09:02:24.773+00:00 MooN_SCU2 moon kernel  - 
[    0.031809] On node 0, zone DMA32: 79 pages in unavailable ranges</div><div class="cell"><6>1 2021-01-18T09:03:40.980+00:00 MOON_SCU2 moon kernel  - 
[    0.031726] On node 0, zone DMA32: 79 pages in unavailable ranges</div><div class="cell"><6>1 2021-01-18T09:02:24.773+00:00 MooN_SCU2 moon kernel  - 
[    0.031813] On node 0, zone DMA32: 82 pages in unavailable ranges</div><div class="cell"><6>1 2021-01-18T09:03:40.980+00:00 MOON_SCU2 moon kernel  - 
[    0.031730] On node 0, zone DMA32: 82 pages in unavailable ranges</div><div class="cell"><6>1 2021-01-18T09:02:24.773+00:00 MooN_SCU2 moon kernel  - 
[    0.032401] On node 0, zone Normal: 20483 pages in unavailable ranges</div><div class="cell"><6>1 2021-01-18T09:03:40.980+00:00 MOON_SCU2 moon kernel  - 
[    0.032318] On node 0, zone Normal: 20483 pages in unavailable ranges</div><div class="cell"><6>1 2021-01-18T09:02:24.773+00:00 MooN_SCU2 moon kernel  - 
[    0.033228] On node 0, zone Normal: 31232 pages in unavailable ranges</div><div class="cell"><6>1 2021-01-18T09:03:40.980+00:00 MOON_SCU2 moon kernel  - 
[    0.033146] On node 0, zone Normal: 31232 pages in unavailable ranges</div><div class="cell"><6>1 2021-01-18T09:02:24.773+00:00 MooN_SCU2 moon kernel  - 
[    0.033268] Reserving Intel graphics memory at [mem 0x7ba00000-0x7f9fffff]</div><div class="cell"><6>1 2021-01-18T09:03:40.980+00:00 MOON_SCU2 moon kernel  - 
[    0.033187] Reserving Intel graphics memory at [mem 0x7ba00000-0x7f9fffff]</div><div class="cell"><6>1 2021-01-18T09:02:24.773+00:00 MooN_SCU2 moon kernel  - 
[    0.033376] ACPI: PM-Timer IO Port: 0x408</div><div class="cell"><6>1 2021-01-18T09:03:40.980+00:00 MOON_SCU2 moon kernel  - 
[    0.033295] ACPI: PM-Timer IO Port: 0x408</div><div class="cell"><6>1 2021-01-18T09:02:24.773+00:00 MooN_SCU2 moon kernel  - 
[    0.033401] IOAPIC[0]: apic_id 2, version 32, address 0xfec00000, GSI 0-23</div><div class="cell"><6>1 2021-01-18T09:03:40.980+00:00 MOON_SCU2 moon kernel  - 
[    0.033321] IOAPIC[0]: apic_id 2, version 32, address 0xfec00000, GSI 0-23</div><div class="cell"><6>1 2021-01-18T09:02:24.773+00:00 MooN_SCU2 moon kernel  - 
[    0.033407] ACPI: INT_SRC_OVR (bus 0 bus_irq 0 global_irq 2 dfl dfl)</div><div class="cell"><6>1 2021-01-18T09:03:40.980+00:00 MOON_SCU2 moon kernel  - 
[    0.033326] ACPI: INT_SRC_OVR (bus 0 bus_irq 0 global_irq 2 dfl dfl)</div><div class="cell"><6>1 2021-01-18T09:02:24.773+00:00 MooN_SCU2 moon kernel  - 
[    0.033410] ACPI: INT_SRC_OVR (bus 0 bus_irq 9 global_irq 9 high level)</div><div class="cell"><6>1 2021-01-18T09:03:40.980+00:00 MOON_SCU2 moon kernel  - 
[    0.033330] ACPI: INT_SRC_OVR (bus 0 bus_irq 9 global_irq 9 high level)</div><div class="cell"><6>1 2021-01-18T09:02:24.773+00:00 MooN_SCU2 moon kernel  - 
[    0.033418] ACPI: Using ACPI (MADT) for SMP configuration information</div><div class="cell"><6>1 2021-01-18T09:03:40.980+00:00 MOON_SCU2 moon kernel  - 
[    0.033338] ACPI: Using ACPI (MADT) for SMP configuration information</div><div class="cell"><6>1 2021-01-18T09:02:24.773+00:00 MooN_SCU2 moon kernel  - 
[    0.033420] ACPI: HPET id: 0x8086a701 base: 0xfed00000</div><div class="cell"><6>1 2021-01-18T09:03:40.980+00:00 MOON_SCU2 moon kernel  - 
[    0.033339] ACPI: HPET id: 0x8086a701 base: 0xfed00000</div><div class="cell"><6>1 2021-01-18T09:02:24.773+00:00 MooN_SCU2 moon kernel  - 
[    0.033427] ACPI: SPCR: SPCR table version 1</div><div class="cell"><6>1 2021-01-18T09:03:40.980+00:00 MOON_SCU2 moon kernel  - 
[    0.033346] ACPI: SPCR: SPCR table version 1</div><div class="cell"><6>1 2021-01-18T09:02:24.773+00:00 MooN_SCU2 moon kernel  - 
[    0.033429] ACPI: SPCR: console: uart,io,0x3f8,115200</div><div class="cell"><6>1 2021-01-18T09:03:40.981+00:00 MOON_SCU2 moon kernel  - 
[    0.033349] ACPI: SPCR: console: uart,io,0x3f8,115200</div><div class="cell"><6>1 2021-01-18T09:02:24.773+00:00 MooN_SCU2 moon kernel  - 
[    0.033432] TSC deadline timer available</div><div class="cell"><6>1 2021-01-18T09:03:40.981+00:00 MOON_SCU2 moon kernel  - 
[    0.033352] TSC deadline timer available</div><div class="cell"><6>1 2021-01-18T09:02:24.773+00:00 MooN_SCU2 moon kernel  - 
[    0.033434] smpboot: Allowing 16 CPUs, 14 hotplug CPUs</div><div class="cell"><6>1 2021-01-18T09:03:40.981+00:00 MOON_SCU2 moon kernel  - 
[    0.033353] smpboot: Allowing 16 CPUs, 14 hotplug CPUs</div><div class="cell"><6>1 2021-01-18T09:02:24.773+00:00 MooN_SCU2 moon kernel  - 
[    0.033489] PM: hibernation: Registered nosave memory: [mem 0x00000000-0x00000fff]</div><div class="cell"><6>1 2021-01-18T09:03:40.981+00:00 MOON_SCU2 moon kernel  - 
[    0.033409] PM: hibernation: Registered nosave memory: [mem 0x00000000-0x00000fff]</div><div class="cell"><6>1 2021-01-18T09:02:24.773+00:00 MooN_SCU2 moon kernel  - 
[    0.033493] PM: hibernation: Registered nosave memory: [mem 0x0009b000-0x0009bfff]</div><div class="cell"><6>1 2021-01-18T09:03:40.981+00:00 MOON_SCU2 moon kernel  - 
[    0.033414] PM: hibernation: Registered nosave memory: [mem 0x0009b000-0x0009bfff]</div><div class="cell"><6>1 2021-01-18T09:02:24.773+00:00 MooN_SCU2 moon kernel  - 
[    0.033495] PM: hibernation: Registered nosave memory: [mem 0x0009c000-0x0009ffff]</div><div class="cell"><6>1 2021-01-18T09:03:40.981+00:00 MOON_SCU2 moon kernel  - 
[    0.033415] PM: hibernation: Registered nosave memory: [mem 0x0009c000-0x0009ffff]</div><div class="cell"><6>1 2021-01-18T09:02:24.773+00:00 MooN_SCU2 moon kernel  - 
[    0.033496] PM: hibernation: Registered nosave memory: [mem 0x000a0000-0x000dffff]</div><div class="cell"><6>1 2021-01-18T09:03:40.981+00:00 MOON_SCU2 moon kernel  - 
[    0.033417] PM: hibernation: Registered nosave memory: [mem 0x000a0000-0x000dffff]</div><div class="cell"><6>1 2021-01-18T09:02:24.773+00:00 MooN_SCU2 moon kernel  - 
[    0.033497] PM: hibernation: Registered nosave memory: [mem 0x000e0000-0x000fffff]</div><div class="cell"><6>1 2021-01-18T09:03:40.981+00:00 MOON_SCU2 moon kernel  - 
[    0.033418] PM: hibernation: Registered nosave memory: [mem 0x000e0000-0x000fffff]</div><div class="cell"><6>1 2021-01-18T09:02:24.773+00:00 MooN_SCU2 moon kernel  - 
[    0.033501] PM: hibernation: Registered nosave memory: [mem 0x20000000-0x201fffff]</div><div class="cell"><6>1 2021-01-18T09:03:40.981+00:00 MOON_SCU2 moon kernel  - 
[    0.033422] PM: hibernation: Registered nosave memory: [mem 0x20000000-0x201fffff]</div><div class="cell"><6>1 2021-01-18T09:02:24.773+00:00 MooN_SCU2 moon kernel  - 
[    0.033504] PM: hibernation: Registered nosave memory: [mem 0x40000000-0x401fffff]</div><div class="cell"><6>1 2021-01-18T09:03:40.981+00:00 MOON_SCU2 moon kernel  - 
[    0.033425] PM: hibernation: Registered nosave memory: [mem 0x40000000-0x401fffff]</div><div class="cell"><6>1 2021-01-18T09:02:24.773+00:00 MooN_SCU2 moon kernel  - 
[    0.033508] PM: hibernation: Registered nosave memory: [mem 0x7ad1f000-0x7ad8dfff]</div><div class="cell"><6>1 2021-01-18T09:03:40.981+00:00 MOON_SCU2 moon kernel  - 
[    0.033429] PM: hibernation: Registered nosave memory: [mem 0x7ad1f000-0x7ad8dfff]</div><div class="cell"><6>1 2021-01-18T09:02:24.773+00:00 MooN_SCU2 moon kernel  - 
[    0.033511] PM: hibernation: Registered nosave memory: [mem 0x7ad9e000-0x7ad9efff]</div><div class="cell"><6>1 2021-01-18T09:03:40.981+00:00 MOON_SCU2 moon kernel  - 
[    0.033432] PM: hibernation: Registered nosave memory: [mem 0x7ad9e000-0x7ad9efff]</div><div class="cell"><6>1 2021-01-18T09:02:24.773+00:00 MooN_SCU2 moon kernel  - 
[    0.033515] PM: hibernation: Registered nosave memory: [mem 0x7ada0000-0x7ade7fff]</div><div class="cell"><6>1 2021-01-18T09:03:40.981+00:00 MOON_SCU2 moon kernel  - 
[    0.033436] PM: hibernation: Registered nosave memory: [mem 0x7ada0000-0x7ade7fff]</div><div class="cell"><6>1 2021-01-18T09:02:24.773+00:00 MooN_SCU2 moon kernel  - 
[    0.033518] PM: hibernation: Registered nosave memory: [mem 0x7af42000-0x7af90fff]</div><div class="cell"><6>1 2021-01-18T09:03:40.981+00:00 MOON_SCU2 moon kernel  - 
[    0.033439] PM: hibernation: Registered nosave memory: [mem 0x7af42000-0x7af90fff]</div><div class="cell"><6>1 2021-01-18T09:02:24.773+00:00 MooN_SCU2 moon kernel  - 
[    0.033522] PM: hibernation: Registered nosave memory: [mem 0x7af96000-0x7afe7fff]</div><div class="cell"><6>1 2021-01-18T09:03:40.981+00:00 MOON_SCU2 moon kernel  - 
[    0.033443] PM: hibernation: Registered nosave memory: [mem 0x7af96000-0x7afe7fff]</div><div class="cell"><6>1 2021-01-18T09:02:24.773+00:00 MooN_SCU2 moon kernel  - 
[    0.033526] PM: hibernation: Registered nosave memory: [mem 0x7affd000-0x7affffff]</div><div class="cell"><6>1 2021-01-18T09:03:40.981+00:00 MOON_SCU2 moon kernel  - 
[    0.033447] PM: hibernation: Registered nosave memory: [mem 0x7affd000-0x7affffff]</div><div class="cell"><6>1 2021-01-18T09:02:24.773+00:00 MooN_SCU2 moon kernel  - 
[    0.033527] PM: hibernation: Registered nosave memory: [mem 0x7b000000-0x7f9fffff]</div><div class="cell"><6>1 2021-01-18T09:03:40.981+00:00 MOON_SCU2 moon kernel  - 
[    0.033448] PM: hibernation: Registered nosave memory: [mem 0x7b000000-0x7f9fffff]</div><div class="cell"><6>1 2021-01-18T09:02:24.773+00:00 MooN_SCU2 moon kernel  - 
[    0.033528] PM: hibernation: Registered nosave memory: [mem 0x7fa00000-0xf7ffffff]</div><div class="cell"><6>1 2021-01-18T09:03:40.981+00:00 MOON_SCU2 moon kernel  - 
[    0.033450] PM: hibernation: Registered nosave memory: [mem 0x7fa00000-0xf7ffffff]</div><div class="cell"><6>1 2021-01-18T09:02:24.773+00:00 MooN_SCU2 moon kernel  - 
[    0.033530] PM: hibernation: Registered nosave memory: [mem 0xf8000000-0xfbffffff]</div><div class="cell"><6>1 2021-01-18T09:03:40.981+00:00 MOON_SCU2 moon kernel  - 
[    0.033451] PM: hibernation: Registered nosave memory: [mem 0xf8000000-0xfbffffff]</div><div class="cell"><6>1 2021-01-18T09:02:24.773+00:00 MooN_SCU2 moon kernel  - 
[    0.033531] PM: hibernation: Registered nosave memory: [mem 0xfc000000-0xfebfffff]</div><div class="cell"><6>1 2021-01-18T09:03:40.981+00:00 MOON_SCU2 moon kernel  - 
[    0.033452] PM: hibernation: Registered nosave memory: [mem 0xfc000000-0xfebfffff]</div><div class="cell"><6>1 2021-01-18T09:02:24.773+00:00 MooN_SCU2 moon kernel  - 
[    0.033532] PM: hibernation: Registered nosave memory: [mem 0xfec00000-0xfec00fff]</div><div class="cell"><6>1 2021-01-18T09:03:40.981+00:00 MOON_SCU2 moon kernel  - 
[    0.033454] PM: hibernation: Registered nosave memory: [mem 0xfec00000-0xfec00fff]</div><div class="cell"><6>1 2021-01-18T09:02:24.773+00:00 MooN_SCU2 moon kernel  - 
[    0.033534] PM: hibernation: Registered nosave memory: [mem 0xfec01000-0xfed0ffff]</div><div class="cell"><6>1 2021-01-18T09:03:40.981+00:00 MOON_SCU2 moon kernel  - 
[    0.033455] PM: hibernation: Registered nosave memory: [mem 0xfec01000-0xfed0ffff]</div><div class="cell"><6>1 2021-01-18T09:02:24.773+00:00 MooN_SCU2 moon kernel  - 
[    0.033535] PM: hibernation: Registered nosave memory: [mem 0xfed10000-0xfed13fff]</div><div class="cell"><6>1 2021-01-18T09:03:40.981+00:00 MOON_SCU2 moon kernel  - 
[    0.033456] PM: hibernation: Registered nosave memory: [mem 0xfed10000-0xfed13fff]</div><div class="cell"><6>1 2021-01-18T09:02:24.773+00:00 MooN_SCU2 moon kernel  - 
[    0.033536] PM: hibernation: Registered nosave memory: [mem 0xfed14000-0xfed17fff]</div><div class="cell"><6>1 2021-01-18T09:03:40.981+00:00 MOON_SCU2 moon kernel  - 
[    0.033458] PM: hibernation: Registered nosave memory: [mem 0xfed14000-0xfed17fff]</div><div class="cell"><6>1 2021-01-18T09:02:24.773+00:00 MooN_SCU2 moon kernel  - 
[    0.033538] PM: hibernation: Registered nosave memory: [mem 0xfed18000-0xfed19fff]</div><div class="cell"><6>1 2021-01-18T09:03:40.981+00:00 MOON_SCU2 moon kernel  - 
[    0.033459] PM: hibernation: Registered nosave memory: [mem 0xfed18000-0xfed19fff]</div><div class="cell"><6>1 2021-01-18T09:02:24.773+00:00 MooN_SCU2 moon kernel  - 
[    0.033539] PM: hibernation: Registered nosave memory: [mem 0xfed1a000-0xfed1bfff]</div><div class="cell"><6>1 2021-01-18T09:03:40.981+00:00 MOON_SCU2 moon kernel  - 
[    0.033460] PM: hibernation: Registered nosave memory: [mem 0xfed1a000-0xfed1bfff]</div><div class="cell"><6>1 2021-01-18T09:02:24.773+00:00 MooN_SCU2 moon kernel  - 
[    0.033540] PM: hibernation: Registered nosave memory: [mem 0xfed1c000-0xfed1ffff]</div><div class="cell"><6>1 2021-01-18T09:03:40.981+00:00 MOON_SCU2 moon kernel  - 
[    0.033462] PM: hibernation: Registered nosave memory: [mem 0xfed1c000-0xfed1ffff]</div><div class="cell"><6>1 2021-01-18T09:02:24.773+00:00 MooN_SCU2 moon kernel  - 
[    0.033542] PM: hibernation: Registered nosave memory: [mem 0xfed20000-0xfedfffff]</div><div class="cell"><6>1 2021-01-18T09:03:40.981+00:00 MOON_SCU2 moon kernel  - 
[    0.033463] PM: hibernation: Registered nosave memory: [mem 0xfed20000-0xfedfffff]</div><div class="cell"><6>1 2021-01-18T09:02:24.773+00:00 MooN_SCU2 moon kernel  - 
[    0.033543] PM: hibernation: Registered nosave memory: [mem 0xfee00000-0xfee00fff]</div><div class="cell"><6>1 2021-01-18T09:03:40.981+00:00 MOON_SCU2 moon kernel  - 
[    0.033464] PM: hibernation: Registered nosave memory: [mem 0xfee00000-0xfee00fff]</div><div class="cell"><6>1 2021-01-18T09:02:24.773+00:00 MooN_SCU2 moon kernel  - 
[    0.033544] PM: hibernation: Registered nosave memory: [mem 0xfee01000-0xff9fffff]</div><div class="cell"><6>1 2021-01-18T09:03:40.981+00:00 MOON_SCU2 moon kernel  - 
[    0.033466] PM: hibernation: Registered nosave memory: [mem 0xfee01000-0xff9fffff]</div><div class="cell"><6>1 2021-01-18T09:02:24.773+00:00 MooN_SCU2 moon kernel  - 
[    0.033546] PM: hibernation: Registered nosave memory: [mem 0xffa00000-0xffbfffff]</div><div class="cell"><6>1 2021-01-18T09:03:40.981+00:00 MOON_SCU2 moon kernel  - 
[    0.033467] PM: hibernation: Registered nosave memory: [mem 0xffa00000-0xffbfffff]</div><div class="cell"><6>1 2021-01-18T09:02:24.773+00:00 MooN_SCU2 moon kernel  - 
[    0.033547] PM: hibernation: Registered nosave memory: [mem 0xffc00000-0xffdfffff]</div><div class="cell"><6>1 2021-01-18T09:03:40.981+00:00 MOON_SCU2 moon kernel  - 
[    0.033468] PM: hibernation: Registered nosave memory: [mem 0xffc00000-0xffdfffff]</div><div class="cell"><6>1 2021-01-18T09:02:24.773+00:00 MooN_SCU2 moon kernel  - 
[    0.033548] PM: hibernation: Registered nosave memory: [mem 0xffe00000-0xffffffff]</div><div class="cell"><6>1 2021-01-18T09:03:40.981+00:00 MOON_SCU2 moon kernel  - 
[    0.033470] PM: hibernation: Registered nosave memory: [mem 0xffe00000-0xffffffff]</div><div class="cell"><6>1 2021-01-18T09:02:24.773+00:00 MooN_SCU2 moon kernel  - 
[    0.033551] [mem 0x7fa00000-0xf7ffffff] available for PCI devices</div><div class="cell"><6>1 2021-01-18T09:03:40.981+00:00 MOON_SCU2 moon kernel  - 
[    0.033472] [mem 0x7fa00000-0xf7ffffff] available for PCI devices</div><div class="cell"><6>1 2021-01-18T09:02:24.773+00:00 MooN_SCU2 moon kernel  - 
[    0.033553] Booting paravirtualized kernel on bare hardware</div><div class="cell"><6>1 2021-01-18T09:03:40.981+00:00 MOON_SCU2 moon kernel  - 
[    0.033474] Booting paravirtualized kernel on bare hardware</div><div class="cell"><6>1 2021-01-18T09:02:24.773+00:00 MooN_SCU2 moon kernel  - 
[    0.033556] clocksource: refined-jiffies: mask: 0xffffffff max_cycles: 0xffffffff, max_idle_ns: 7645519600211568 ns</div><div class="cell"><6>1 2021-01-18T09:03:40.981+00:00 MOON_SCU2 moon kernel  - 
[    0.033478] clocksource: refined-jiffies: mask: 0xffffffff max_cycles: 0xffffffff, max_idle_ns: 7645519600211568 ns</div><div class="cell"><6>1 2021-01-18T09:02:24.773+00:00 MooN_SCU2 moon kernel  - 
[    0.042641] setup_percpu: NR_CPUS:8192 nr_cpumask_bits:16 nr_cpu_ids:16 nr_node_ids:1</div><div class="cell"><6>1 2021-01-18T09:03:40.981+00:00 MOON_SCU2 moon kernel  - 
[    0.042573] setup_percpu: NR_CPUS:8192 nr_cpumask_bits:16 nr_cpu_ids:16 nr_node_ids:1</div><div class="cell"><6>1 2021-01-18T09:02:24.773+00:00 MooN_SCU2 moon kernel  - 
[    0.043557] percpu: Embedded 61 pages/cpu s212992 r8192 d28672 u262144</div><div class="cell"><6>1 2021-01-18T09:03:40.981+00:00 MOON_SCU2 moon kernel  - 
[    0.043494] percpu: Embedded 61 pages/cpu s212992 r8192 d28672 u262144</div><div class="cell"><7>1 2021-01-18T09:02:24.773+00:00 MooN_SCU2 moon kernel  - 
[    0.043579] pcpu-alloc: s212992 r8192 d28672 u262144 alloc=1*2097152</div><div class="cell"><7>1 2021-01-18T09:03:40.981+00:00 MOON_SCU2 moon kernel  - 
[    0.043516] pcpu-alloc: s212992 r8192 d28672 u262144 alloc=1*2097152</div><div class="cell"><7>1 2021-01-18T09:02:24.773+00:00 MooN_SCU2 moon kernel  - 
[    0.043584] pcpu-alloc: [0] 00 01 02 03 04 05 06 07 [0] 08 09 10 11 12 13 14 15 </div><div class="cell"><7>1 2021-01-18T09:03:40.981+00:00 MOON_SCU2 moon kernel  - 
[    0.043520] pcpu-alloc: [0] 00 01 02 03 04 05 06 07 [0] 08 09 10 11 12 13 14 15 </div><div class="cell"><6>1 2021-01-18T09:02:24.774+00:00 MooN_SCU2 moon kernel  - 
[    0.043657] Fallback order for Node 0: 0 </div><div class="cell"><6>1 2021-01-18T09:03:40.981+00:00 MOON_SCU2 moon kernel  - 
[    0.043595] Fallback order for Node 0: 0 </div><div class="cell"><6>1 2021-01-18T09:02:24.774+00:00 MooN_SCU2 moon kernel  - 
[    0.043663] Built 1 zonelists, mobility grouping on.  Total pages: 495841</div><div class="cell"><6>1 2021-01-18T09:03:40.981+00:00 MOON_SCU2 moon kernel  - 
[    0.043601] Built 1 zonelists, mobility grouping on.  Total pages: 495841</div><div class="cell"><6>1 2021-01-18T09:02:24.774+00:00 MooN_SCU2 moon kernel  - 
[    0.043665] Policy zone: Normal</div><div class="cell"><6>1 2021-01-18T09:03:40.981+00:00 MOON_SCU2 moon kernel  - 
[    0.043603] Policy zone: Normal</div><div class="cell deleted"><5>1 2021-01-18T09:02:24.774+00:00 MooN_SCU2 moon kernel  - 
[    0.043667] Kernel command line: BOOT_IMAGE=/baseline/boot/vmlinuz boot=moon slab_common.usercopy_fallback=Y systemd.hostname=moon isolcpus=1 ipv6.disable=1 systemd.unified_cgroup_hierarchy=false systemd.legacy_systemd_cgroup_controller=false</div><div class="cell empty"></div><div class="cell empty"></div><div class="cell added"><5>1 2021-01-18T09:03:40.981+00:00 MOON_SCU2 moon kernel  - 
[    0.043605] Kernel command line: BOOT_IMAGE=/baseline/boot/vmlinuz boot=moon slab_common.usercopy_fallback=Y systemd.hostname=moon isolcpus=1 ipv6.disable=1 systemd.unified_cgroup_hierarchy=false systemd.legacy_systemd_cgroup_controller=false console=tty8 quiet loglevel=0</div><div class="cell"><5>1 2021-01-18T09:02:24.774+00:00 MooN_SCU2 moon kernel  - 
[    0.043893] Unknown kernel command line parameters "BOOT_IMAGE=/baseline/boot/vmlinuz boot=moon", will be passed to user space.</div><div class="cell"><5>1 2021-01-18T09:03:40.981+00:00 MOON_SCU2 moon kernel  - 
[    0.043891] Unknown kernel command line parameters "BOOT_IMAGE=/baseline/boot/vmlinuz boot=moon", will be passed to user space.</div><div class="cell"><6>1 2021-01-18T09:02:24.774+00:00 MooN_SCU2 moon kernel  - 
[    0.044124] Dentry cache hash table entries: 262144 (order: 9, 2097152 bytes, linear)</div><div class="cell"><6>1 2021-01-18T09:03:40.981+00:00 MOON_SCU2 moon kernel  - 
[    0.044126] Dentry cache hash table entries: 262144 (order: 9, 2097152 bytes, linear)</div><div class="cell"><6>1 2021-01-18T09:02:24.774+00:00 MooN_SCU2 moon kernel  - 
[    0.044252] Inode-cache hash table entries: 131072 (order: 8, 1048576 bytes, linear)</div><div class="cell"><6>1 2021-01-18T09:03:40.981+00:00 MOON_SCU2 moon kernel  - 
[    0.044246] Inode-cache hash table entries: 131072 (order: 8, 1048576 bytes, linear)</div><div class="cell"><6>1 2021-01-18T09:02:24.774+00:00 MooN_SCU2 moon kernel  - 
[    0.044587] mem auto-init: stack:all(zero), heap alloc:on, heap free:off</div><div class="cell"><6>1 2021-01-18T09:03:40.981+00:00 MOON_SCU2 moon kernel  - 
[    0.044581] mem auto-init: stack:all(zero), heap alloc:on, heap free:off</div><div class="cell"><6>1 2021-01-18T09:02:24.774+00:00 MooN_SCU2 moon kernel  - 
[    0.044600] software IO TLB: area num 16.</div><div class="cell"><6>1 2021-01-18T09:03:40.981+00:00 MOON_SCU2 moon kernel  - 
[    0.044594] software IO TLB: area num 16.</div><div class="cell deleted"><6>1 2021-01-18T09:02:24.774+00:00 MooN_SCU2 moon kernel  - 
[    0.080232] Memory: 1838460K/2015480K available (14342K kernel code, 2335K rwdata, 9072K rodata, 2800K init, 17392K bss, 176760K reserved, 0K cma-reserved)</div><div class="cell empty"></div><div class="cell empty"></div><div class="cell added"><6>1 2021-01-18T09:03:40.981+00:00 MOON_SCU2 moon kernel  - 
[    0.080154] Memory: 1838452K/2015480K available (14342K kernel code, 2335K rwdata, 9072K rodata, 2800K init, 17392K bss, 176768K reserved, 0K cma-reserved)</div><div class="cell"><6>1 2021-01-18T09:02:24.775+00:00 MooN_SCU2 moon kernel  - 
[    0.080912] SLUB: HWalign=64, Order=0-3, MinObjects=0, CPUs=16, Nodes=1</div><div class="cell"><6>1 2021-01-18T09:03:40.981+00:00 MOON_SCU2 moon kernel  - 
[    0.080834] SLUB: HWalign=64, Order=0-3, MinObjects=0, CPUs=16, Nodes=1</div><div class="cell"><6>1 2021-01-18T09:02:24.775+00:00 MooN_SCU2 moon kernel  - 
[    0.080961] Kernel/User page tables isolation: enabled</div><div class="cell"><6>1 2021-01-18T09:03:40.981+00:00 MOON_SCU2 moon kernel  - 
[    0.080885] Kernel/User page tables isolation: enabled</div><div class="cell"><6>1 2021-01-18T09:02:24.775+00:00 MooN_SCU2 moon kernel  - 
[    0.081077] ftrace: allocating 40277 entries in 158 pages</div><div class="cell"><6>1 2021-01-18T09:03:40.981+00:00 MOON_SCU2 moon kernel  - 
[    0.081002] ftrace: allocating 40277 entries in 158 pages</div><div class="cell"><6>1 2021-01-18T09:02:24.775+00:00 MooN_SCU2 moon kernel  - 
[    0.092425] ftrace: allocated 158 pages with 5 groups</div><div class="cell"><6>1 2021-01-18T09:03:40.981+00:00 MOON_SCU2 moon kernel  - 
[    0.092381] ftrace: allocated 158 pages with 5 groups</div><div class="cell"><6>1 2021-01-18T09:02:24.775+00:00 MooN_SCU2 moon kernel  - 
[    0.092670] Dynamic Preempt: full</div><div class="cell"><6>1 2021-01-18T09:03:40.981+00:00 MOON_SCU2 moon kernel  - 
[    0.092625] Dynamic Preempt: full</div><div class="cell"><6>1 2021-01-18T09:02:24.775+00:00 MooN_SCU2 moon kernel  - 
[    0.092786] rcu: Preemptible hierarchical RCU implementation.</div><div class="cell"><6>1 2021-01-18T09:03:40.981+00:00 MOON_SCU2 moon kernel  - 
[    0.092743] rcu: Preemptible hierarchical RCU implementation.</div><div class="cell"><6>1 2021-01-18T09:02:24.775+00:00 MooN_SCU2 moon kernel  - 
[    0.092787] rcu: 	RCU restricting CPUs from NR_CPUS=8192 to nr_cpu_ids=16.</div><div class="cell"><6>1 2021-01-18T09:03:40.981+00:00 MOON_SCU2 moon kernel  - 
[    0.092745] rcu: 	RCU restricting CPUs from NR_CPUS=8192 to nr_cpu_ids=16.</div><div class="cell"><6>1 2021-01-18T09:02:24.775+00:00 MooN_SCU2 moon kernel  - 
[    0.092789] 	Trampoline variant of Tasks RCU enabled.</div><div class="cell"><6>1 2021-01-18T09:03:40.981+00:00 MOON_SCU2 moon kernel  - 
[    0.092747] 	Trampoline variant of Tasks RCU enabled.</div><div class="cell"><6>1 2021-01-18T09:02:24.775+00:00 MooN_SCU2 moon kernel  - 
[    0.092790] 	Rude variant of Tasks RCU enabled.</div><div class="cell"><6>1 2021-01-18T09:03:40.981+00:00 MOON_SCU2 moon kernel  - 
[    0.092748] 	Rude variant of Tasks RCU enabled.</div><div class="cell"><6>1 2021-01-18T09:02:24.775+00:00 MooN_SCU2 moon kernel  - 
[    0.092791] 	Tracing variant of Tasks RCU enabled.</div><div class="cell"><6>1 2021-01-18T09:03:40.981+00:00 MOON_SCU2 moon kernel  - 
[    0.092749] 	Tracing variant of Tasks RCU enabled.</div><div class="cell"><6>1 2021-01-18T09:02:24.775+00:00 MooN_SCU2 moon kernel  - 
[    0.092792] rcu: RCU calculated value of scheduler-enlistment delay is 25 jiffies.</div><div class="cell"><6>1 2021-01-18T09:03:40.982+00:00 MOON_SCU2 moon kernel  - 
[    0.092750] rcu: RCU calculated value of scheduler-enlistment delay is 25 jiffies.</div><div class="cell"><6>1 2021-01-18T09:02:24.775+00:00 MooN_SCU2 moon kernel  - 
[    0.092793] rcu: Adjusting geometry for rcu_fanout_leaf=16, nr_cpu_ids=16</div><div class="cell"><6>1 2021-01-18T09:03:40.982+00:00 MOON_SCU2 moon kernel  - 
[    0.092751] rcu: Adjusting geometry for rcu_fanout_leaf=16, nr_cpu_ids=16</div><div class="cell"><6>1 2021-01-18T09:02:24.775+00:00 MooN_SCU2 moon kernel  - 
[    0.101441] NR_IRQS: 524544, nr_irqs: 552, preallocated irqs: 16</div><div class="cell"><6>1 2021-01-18T09:03:40.982+00:00 MOON_SCU2 moon kernel  - 
[    0.101403] NR_IRQS: 524544, nr_irqs: 552, preallocated irqs: 16</div><div class="cell"><6>1 2021-01-18T09:02:24.775+00:00 MooN_SCU2 moon kernel  - 
[    0.101691] rcu: srcu_init: Setting srcu_struct sizes based on contention.</div><div class="cell"><6>1 2021-01-18T09:03:40.982+00:00 MOON_SCU2 moon kernel  - 
[    0.101654] rcu: srcu_init: Setting srcu_struct sizes based on contention.</div><div class="cell"><6>1 2021-01-18T09:02:24.775+00:00 MooN_SCU2 moon kernel  - 
[    0.103486] Console: colour VGA+ 80x25</div><div class="cell"><6>1 2021-01-18T09:03:40.982+00:00 MOON_SCU2 moon kernel  - 
[    0.103452] Console: colour VGA+ 80x25</div><div class="cell deleted"><6>1 2021-01-18T09:02:24.775+00:00 MooN_SCU2 moon kernel  - 
[    0.114915] printk: console [tty0] enabled</div><div class="cell empty"></div><div class="cell empty"></div><div class="cell added"><6>1 2021-01-18T09:03:40.982+00:00 MOON_SCU2 moon kernel  - 
[    0.103485] printk: console [tty8] enabled</div><div class="cell"><6>1 2021-01-18T09:02:24.775+00:00 MooN_SCU2 moon kernel  - 
[    0.115032] ACPI: Core revision 20220331</div><div class="cell"><6>1 2021-01-18T09:03:40.982+00:00 MOON_SCU2 moon kernel  - 
[    0.103546] ACPI: Core revision 20220331</div><div class="cell"><6>1 2021-01-18T09:02:24.775+00:00 MooN_SCU2 moon kernel  - 
[    0.115251] clocksource: hpet: mask: 0xffffffff max_cycles: 0xffffffff, max_idle_ns: 133484882848 ns</div><div class="cell"><6>1 2021-01-18T09:03:40.982+00:00 MOON_SCU2 moon kernel  - 
[    0.103710] clocksource: hpet: mask: 0xffffffff max_cycles: 0xffffffff, max_idle_ns: 133484882848 ns</div><div class="cell"><6>1 2021-01-18T09:02:24.775+00:00 MooN_SCU2 moon kernel  - 
[    0.115351] APIC: Switch to symmetric I/O mode setup</div><div class="cell"><6>1 2021-01-18T09:03:40.982+00:00 MOON_SCU2 moon kernel  - 
[    0.103730] APIC: Switch to symmetric I/O mode setup</div><div class="cell"><6>1 2021-01-18T09:02:24.775+00:00 MooN_SCU2 moon kernel  - 
[    0.115412] DMAR: Host address width 36</div><div class="cell"><6>1 2021-01-18T09:03:40.982+00:00 MOON_SCU2 moon kernel  - 
[    0.103733] DMAR: Host address width 36</div><div class="cell"><6>1 2021-01-18T09:02:24.776+00:00 MooN_SCU2 moon kernel  - 
[    0.115470] DMAR: DRHD base: 0x000000fed90000 flags: 0x0</div><div class="cell"><6>1 2021-01-18T09:03:40.982+00:00 MOON_SCU2 moon kernel  - 
[    0.103735] DMAR: DRHD base: 0x000000fed90000 flags: 0x0</div><div class="cell"><6>1 2021-01-18T09:02:24.776+00:00 MooN_SCU2 moon kernel  - 
[    0.115539] DMAR: dmar0: reg_base_addr fed90000 ver 1:0 cap c0000020e60262 ecap f0101a</div><div class="cell"><6>1 2021-01-18T09:03:40.982+00:00 MOON_SCU2 moon kernel  - 
[    0.103746] DMAR: dmar0: reg_base_addr fed90000 ver 1:0 cap c0000020e60262 ecap f0101a</div><div class="cell"><6>1 2021-01-18T09:02:24.776+00:00 MooN_SCU2 moon kernel  - 
[    0.115619] DMAR: DRHD base: 0x000000fed91000 flags: 0x1</div><div class="cell"><6>1 2021-01-18T09:03:40.982+00:00 MOON_SCU2 moon kernel  - 
[    0.103750] DMAR: DRHD base: 0x000000fed91000 flags: 0x1</div><div class="cell"><6>1 2021-01-18T09:02:24.776+00:00 MooN_SCU2 moon kernel  - 
[    0.115694] DMAR: dmar1: reg_base_addr fed91000 ver 1:0 cap c9008020660262 ecap f010da</div><div class="cell"><6>1 2021-01-18T09:03:40.982+00:00 MOON_SCU2 moon kernel  - 
[    0.103766] DMAR: dmar1: reg_base_addr fed91000 ver 1:0 cap c9008020660262 ecap f010da</div><div class="cell"><6>1 2021-01-18T09:02:24.776+00:00 MooN_SCU2 moon kernel  - 
[    0.115774] DMAR: RMRR base: 0x0000007adc8000 end: 0x0000007ade0fff</div><div class="cell"><6>1 2021-01-18T09:03:40.982+00:00 MOON_SCU2 moon kernel  - 
[    0.103769] DMAR: RMRR base: 0x0000007adc8000 end: 0x0000007ade0fff</div><div class="cell"><6>1 2021-01-18T09:02:24.776+00:00 MooN_SCU2 moon kernel  - 
[    0.115837] DMAR: RMRR base: 0x0000007b800000 end: 0x0000007f9fffff</div><div class="cell"><6>1 2021-01-18T09:03:40.982+00:00 MOON_SCU2 moon kernel  - 
[    0.103772] DMAR: RMRR base: 0x0000007b800000 end: 0x0000007f9fffff</div><div class="cell"><6>1 2021-01-18T09:02:24.776+00:00 MooN_SCU2 moon kernel  - 
[    0.115902] DMAR-IR: IOAPIC id 2 under DRHD base  0xfed91000 IOMMU 1</div><div class="cell"><6>1 2021-01-18T09:03:40.982+00:00 MOON_SCU2 moon kernel  - 
[    0.103776] DMAR-IR: IOAPIC id 2 under DRHD base  0xfed91000 IOMMU 1</div><div class="cell"><6>1 2021-01-18T09:02:24.776+00:00 MooN_SCU2 moon kernel  - 
[    0.115966] DMAR-IR: HPET id 0 under DRHD base 0xfed91000</div><div class="cell"><6>1 2021-01-18T09:03:40.982+00:00 MOON_SCU2 moon kernel  - 
[    0.103778] DMAR-IR: HPET id 0 under DRHD base 0xfed91000</div><div class="cell"><6>1 2021-01-18T09:02:24.776+00:00 MooN_SCU2 moon kernel  - 
[    0.116027] DMAR-IR: Queued invalidation will be enabled to support x2apic and Intr-remapping.</div><div class="cell"><6>1 2021-01-18T09:03:40.982+00:00 MOON_SCU2 moon kernel  - 
[    0.103781] DMAR-IR: Queued invalidation will be enabled to support x2apic and Intr-remapping.</div><div class="cell"><6>1 2021-01-18T09:02:24.776+00:00 MooN_SCU2 moon kernel  - 
[    0.117063] DMAR-IR: Enabled IRQ remapping in x2apic mode</div><div class="cell"><6>1 2021-01-18T09:03:40.982+00:00 MOON_SCU2 moon kernel  - 
[    0.104737] DMAR-IR: Enabled IRQ remapping in x2apic mode</div><div class="cell"><6>1 2021-01-18T09:02:24.776+00:00 MooN_SCU2 moon kernel  - 
[    0.117130] x2apic enabled</div><div class="cell"><6>1 2021-01-18T09:03:40.982+00:00 MOON_SCU2 moon kernel  - 
[    0.104742] x2apic enabled</div><div class="cell"><6>1 2021-01-18T09:02:24.776+00:00 MooN_SCU2 moon kernel  - 
[    0.117194] Switched APIC routing to cluster x2apic.</div><div class="cell"><6>1 2021-01-18T09:03:40.982+00:00 MOON_SCU2 moon kernel  - 
[    0.104751] Switched APIC routing to cluster x2apic.</div><div class="cell"><6>1 2021-01-18T09:02:24.776+00:00 MooN_SCU2 moon kernel  - 
[    0.117754] ..TIMER: vector=0x30 apic1=0 pin1=2 apic2=-1 pin2=-1</div><div class="cell"><6>1 2021-01-18T09:03:40.982+00:00 MOON_SCU2 moon kernel  - 
[    0.105252] ..TIMER: vector=0x30 apic1=0 pin1=2 apic2=-1 pin2=-1</div><div class="cell deleted"><6>1 2021-01-18T09:02:24.776+00:00 MooN_SCU2 moon kernel  - 
[    0.135353] clocksource: tsc-early: mask: 0xffffffffffffffff max_cycles: 0x1fb5a070821, max_idle_ns: 440795313286 ns</div><div class="cell empty"></div><div class="cell deleted"><6>1 2021-01-18T09:02:24.776+00:00 MooN_SCU2 moon kernel  - 
[    0.135447] Calibrating delay loop (skipped), value calculated using timer frequency.. 4399.69 BogoMIPS (lpj=8799380)</div><div class="cell empty"></div><div class="cell empty"></div><div class="cell added"><6>1 2021-01-18T09:03:40.982+00:00 MOON_SCU2 moon kernel  - 
[    0.123733] clocksource: tsc-early: mask: 0xffffffffffffffff max_cycles: 0x1fb5c447c5c, max_idle_ns: 440795252441 ns</div><div class="cell empty"></div><div class="cell added"><6>1 2021-01-18T09:03:40.982+00:00 MOON_SCU2 moon kernel  - 
[    0.123745] Calibrating delay loop (skipped), value calculated using timer frequency.. 4399.76 BogoMIPS (lpj=8799532)</div><div class="cell"><6>1 2021-01-18T09:02:24.776+00:00 MooN_SCU2 moon kernel  - 
[    0.135597] process: using mwait in idle threads</div><div class="cell"><6>1 2021-01-18T09:03:40.982+00:00 MOON_SCU2 moon kernel  - 
[    0.123814] process: using mwait in idle threads</div><div class="cell"><6>1 2021-01-18T09:02:24.776+00:00 MooN_SCU2 moon kernel  - 
[    0.135660] Last level iTLB entries: 4KB 512, 2MB 8, 4MB 8</div><div class="cell"><6>1 2021-01-18T09:03:40.982+00:00 MOON_SCU2 moon kernel  - 
[    0.123819] Last level iTLB entries: 4KB 512, 2MB 8, 4MB 8</div><div class="cell"><6>1 2021-01-18T09:02:24.776+00:00 MooN_SCU2 moon kernel  - 
[    0.135721] Last level dTLB entries: 4KB 512, 2MB 32, 4MB 32, 1GB 0</div><div class="cell"><6>1 2021-01-18T09:03:40.982+00:00 MOON_SCU2 moon kernel  - 
[    0.123821] Last level dTLB entries: 4KB 512, 2MB 32, 4MB 32, 1GB 0</div><div class="cell"><6>1 2021-01-18T09:02:24.776+00:00 MooN_SCU2 moon kernel  - 
[    0.135787] Spectre V1 : Mitigation: usercopy/swapgs barriers and __user pointer sanitization</div><div class="cell"><6>1 2021-01-18T09:03:40.982+00:00 MOON_SCU2 moon kernel  - 
[    0.123827] Spectre V1 : Mitigation: usercopy/swapgs barriers and __user pointer sanitization</div><div class="cell"><6>1 2021-01-18T09:02:24.776+00:00 MooN_SCU2 moon kernel  - 
[    0.135870] Spectre V2 : Mitigation: Retpolines</div><div class="cell"><6>1 2021-01-18T09:03:40.982+00:00 MOON_SCU2 moon kernel  - 
[    0.123831] Spectre V2 : Mitigation: Retpolines</div><div class="cell"><6>1 2021-01-18T09:02:24.778+00:00 MooN_SCU2 moon kernel  - 
[    0.135928] Spectre V2 : Spectre v2 / SpectreRSB mitigation: Filling RSB on context switch</div><div class="cell"><6>1 2021-01-18T09:03:40.982+00:00 MOON_SCU2 moon kernel  - 
[    0.123833] Spectre V2 : Spectre v2 / SpectreRSB mitigation: Filling RSB on context switch</div><div class="cell"><6>1 2021-01-18T09:02:24.778+00:00 MooN_SCU2 moon kernel  - 
[    0.136007] Spectre V2 : Spectre v2 / SpectreRSB : Filling RSB on VMEXIT</div><div class="cell"><6>1 2021-01-18T09:03:40.982+00:00 MOON_SCU2 moon kernel  - 
[    0.123834] Spectre V2 : Spectre v2 / SpectreRSB : Filling RSB on VMEXIT</div><div class="cell"><6>1 2021-01-18T09:02:24.778+00:00 MooN_SCU2 moon kernel  - 
[    0.136070] Speculative Store Bypass: Vulnerable</div><div class="cell"><6>1 2021-01-18T09:03:40.982+00:00 MOON_SCU2 moon kernel  - 
[    0.123835] Speculative Store Bypass: Vulnerable</div><div class="cell"><6>1 2021-01-18T09:02:24.778+00:00 MooN_SCU2 moon kernel  - 
[    0.136130] MDS: Vulnerable: Clear CPU buffers attempted, no microcode</div><div class="cell"><6>1 2021-01-18T09:03:40.982+00:00 MOON_SCU2 moon kernel  - 
[    0.123838] MDS: Vulnerable: Clear CPU buffers attempted, no microcode</div><div class="cell"><6>1 2021-01-18T09:02:24.778+00:00 MooN_SCU2 moon kernel  - 
[    0.136192] MMIO Stale Data: Unknown: No mitigations</div><div class="cell"><6>1 2021-01-18T09:03:40.982+00:00 MOON_SCU2 moon kernel  - 
[    0.123839] MMIO Stale Data: Unknown: No mitigations</div><div class="cell"><6>1 2021-01-18T09:02:24.778+00:00 MooN_SCU2 moon kernel  - 
[    0.136258] x86/fpu: Supporting XSAVE feature 0x001: 'x87 floating point registers'</div><div class="cell"><6>1 2021-01-18T09:03:40.982+00:00 MOON_SCU2 moon kernel  - 
[    0.123847] x86/fpu: Supporting XSAVE feature 0x001: 'x87 floating point registers'</div><div class="cell"><6>1 2021-01-18T09:02:24.778+00:00 MooN_SCU2 moon kernel  - 
[    0.136337] x86/fpu: Supporting XSAVE feature 0x002: 'SSE registers'</div><div class="cell"><6>1 2021-01-18T09:03:40.982+00:00 MOON_SCU2 moon kernel  - 
[    0.123849] x86/fpu: Supporting XSAVE feature 0x002: 'SSE registers'</div><div class="cell"><6>1 2021-01-18T09:02:24.778+00:00 MooN_SCU2 moon kernel  - 
[    0.136399] x86/fpu: Supporting XSAVE feature 0x004: 'AVX registers'</div><div class="cell"><6>1 2021-01-18T09:03:40.982+00:00 MOON_SCU2 moon kernel  - 
[    0.123851] x86/fpu: Supporting XSAVE feature 0x004: 'AVX registers'</div><div class="cell"><6>1 2021-01-18T09:02:24.778+00:00 MooN_SCU2 moon kernel  - 
[    0.136462] x86/fpu: xstate_offset[2]:  576, xstate_sizes[2]:  256</div><div class="cell"><6>1 2021-01-18T09:03:40.982+00:00 MOON_SCU2 moon kernel  - 
[    0.123853] x86/fpu: xstate_offset[2]:  576, xstate_sizes[2]:  256</div><div class="cell"><6>1 2021-01-18T09:02:24.778+00:00 MooN_SCU2 moon kernel  - 
[    0.136525] x86/fpu: Enabled xstate features 0x7, context size is 832 bytes, using 'standard' format.</div><div class="cell"><6>1 2021-01-18T09:03:40.982+00:00 MOON_SCU2 moon kernel  - 
[    0.123855] x86/fpu: Enabled xstate features 0x7, context size is 832 bytes, using 'standard' format.</div><div class="cell"><6>1 2021-01-18T09:02:24.778+00:00 MooN_SCU2 moon kernel  - 
[    0.160807] Freeing SMP alternatives memory: 36K</div><div class="cell"><6>1 2021-01-18T09:03:40.982+00:00 MOON_SCU2 moon kernel  - 
[    0.147965] Freeing SMP alternatives memory: 36K</div><div class="cell"><6>1 2021-01-18T09:02:24.778+00:00 MooN_SCU2 moon kernel  - 
[    0.160875] pid_max: default: 32768 minimum: 301</div><div class="cell"><6>1 2021-01-18T09:03:40.982+00:00 MOON_SCU2 moon kernel  - 
[    0.147974] pid_max: default: 32768 minimum: 301</div><div class="cell"><6>1 2021-01-18T09:02:24.778+00:00 MooN_SCU2 moon kernel  - 
[    0.161076] LSM: Security Framework initializing</div><div class="cell"><6>1 2021-01-18T09:03:40.982+00:00 MOON_SCU2 moon kernel  - 
[    0.148120] LSM: Security Framework initializing</div><div class="cell"><6>1 2021-01-18T09:02:24.778+00:00 MooN_SCU2 moon kernel  - 
[    0.161186] landlock: Up and running.</div><div class="cell"><6>1 2021-01-18T09:03:40.982+00:00 MOON_SCU2 moon kernel  - 
[    0.148171] landlock: Up and running.</div><div class="cell"><6>1 2021-01-18T09:02:24.778+00:00 MooN_SCU2 moon kernel  - 
[    0.161243] Yama: disabled by default; enable with sysctl kernel.yama.*</div><div class="cell"><6>1 2021-01-18T09:03:40.982+00:00 MOON_SCU2 moon kernel  - 
[    0.148173] Yama: disabled by default; enable with sysctl kernel.yama.*</div><div class="cell"><6>1 2021-01-18T09:02:24.778+00:00 MooN_SCU2 moon kernel  - 
[    0.161362] AppArmor: AppArmor initialized</div><div class="cell"><6>1 2021-01-18T09:03:40.982+00:00 MOON_SCU2 moon kernel  - 
[    0.148231] AppArmor: AppArmor initialized</div><div class="cell"><6>1 2021-01-18T09:02:24.778+00:00 MooN_SCU2 moon kernel  - 
[    0.161422] TOMOYO Linux initialized</div><div class="cell"><6>1 2021-01-18T09:03:40.982+00:00 MOON_SCU2 moon kernel  - 
[    0.148235] TOMOYO Linux initialized</div><div class="cell"><6>1 2021-01-18T09:02:24.778+00:00 MooN_SCU2 moon kernel  - 
[    0.161486] LSM support for eBPF active</div><div class="cell"><6>1 2021-01-18T09:03:40.982+00:00 MOON_SCU2 moon kernel  - 
[    0.148244] LSM support for eBPF active</div><div class="cell"><6>1 2021-01-18T09:02:24.778+00:00 MooN_SCU2 moon kernel  - 
[    0.161646] Mount-cache hash table entries: 4096 (order: 3, 32768 bytes, linear)</div><div class="cell"><6>1 2021-01-18T09:03:40.982+00:00 MOON_SCU2 moon kernel  - 
[    0.148348] Mount-cache hash table entries: 4096 (order: 3, 32768 bytes, linear)</div><div class="cell"><6>1 2021-01-18T09:02:24.778+00:00 MooN_SCU2 moon kernel  - 
[    0.161734] Mountpoint-cache hash table entries: 4096 (order: 3, 32768 bytes, linear)</div><div class="cell"><6>1 2021-01-18T09:03:40.982+00:00 MOON_SCU2 moon kernel  - 
[    0.148359] Mountpoint-cache hash table entries: 4096 (order: 3, 32768 bytes, linear)</div><div class="cell"><6>1 2021-01-18T09:02:24.778+00:00 MooN_SCU2 moon kernel  - 
[    0.162587] smpboot: CPU0: Intel(R) Core(TM) i7-2655LE CPU @ 2.20GHz (family: 0x6, model: 0x2a, stepping: 0x7)</div><div class="cell"><6>1 2021-01-18T09:03:40.983+00:00 MOON_SCU2 moon kernel  - 
[    0.149137] smpboot: CPU0: Intel(R) Core(TM) i7-2655LE CPU @ 2.20GHz (family: 0x6, model: 0x2a, stepping: 0x7)</div><div class="cell"><6>1 2021-01-18T09:02:24.778+00:00 MooN_SCU2 moon kernel  - 
[    0.162939] cblist_init_generic: Setting adjustable number of callback queues.</div><div class="cell"><6>1 2021-01-18T09:03:40.983+00:00 MOON_SCU2 moon kernel  - 
[    0.149405] cblist_init_generic: Setting adjustable number of callback queues.</div><div class="cell"><6>1 2021-01-18T09:02:24.778+00:00 MooN_SCU2 moon kernel  - 
[    0.163019] cblist_init_generic: Setting shift to 4 and lim to 1.</div><div class="cell"><6>1 2021-01-18T09:03:40.983+00:00 MOON_SCU2 moon kernel  - 
[    0.149407] cblist_init_generic: Setting shift to 4 and lim to 1.</div><div class="cell"><6>1 2021-01-18T09:02:24.778+00:00 MooN_SCU2 moon kernel  - 
[    0.163123] cblist_init_generic: Setting adjustable number of callback queues.</div><div class="cell"><6>1 2021-01-18T09:03:40.983+00:00 MOON_SCU2 moon kernel  - 
[    0.149451] cblist_init_generic: Setting adjustable number of callback queues.</div><div class="cell"><6>1 2021-01-18T09:02:24.778+00:00 MooN_SCU2 moon kernel  - 
[    0.163201] cblist_init_generic: Setting shift to 4 and lim to 1.</div><div class="cell"><6>1 2021-01-18T09:03:40.983+00:00 MOON_SCU2 moon kernel  - 
[    0.149453] cblist_init_generic: Setting shift to 4 and lim to 1.</div><div class="cell"><6>1 2021-01-18T09:02:24.778+00:00 MooN_SCU2 moon kernel  - 
[    0.163291] cblist_init_generic: Setting adjustable number of callback queues.</div><div class="cell"><6>1 2021-01-18T09:03:40.983+00:00 MOON_SCU2 moon kernel  - 
[    0.149482] cblist_init_generic: Setting adjustable number of callback queues.</div><div class="cell"><6>1 2021-01-18T09:02:24.778+00:00 MooN_SCU2 moon kernel  - 
[    0.163369] cblist_init_generic: Setting shift to 4 and lim to 1.</div><div class="cell"><6>1 2021-01-18T09:03:40.983+00:00 MOON_SCU2 moon kernel  - 
[    0.149484] cblist_init_generic: Setting shift to 4 and lim to 1.</div><div class="cell"><6>1 2021-01-18T09:02:24.778+00:00 MooN_SCU2 moon kernel  - 
[    0.163441] Performance Events: PEBS fmt1+, SandyBridge events, 16-deep LBR, full-width counters, Intel PMU driver.</div><div class="cell"><6>1 2021-01-18T09:03:40.983+00:00 MOON_SCU2 moon kernel  - 
[    0.149518] Performance Events: PEBS fmt1+, SandyBridge events, 16-deep LBR, full-width counters, Intel PMU driver.</div><div class="cell"><6>1 2021-01-18T09:02:24.778+00:00 MooN_SCU2 moon kernel  - 
[    0.163441] core: PEBS disabled due to CPU errata, please upgrade microcode</div><div class="cell"><6>1 2021-01-18T09:03:40.983+00:00 MOON_SCU2 moon kernel  - 
[    0.149548] core: PEBS disabled due to CPU errata, please upgrade microcode</div><div class="cell"><6>1 2021-01-18T09:02:24.778+00:00 MooN_SCU2 moon kernel  - 
[    0.163441] ... version:                3</div><div class="cell"><6>1 2021-01-18T09:03:40.983+00:00 MOON_SCU2 moon kernel  - 
[    0.149551] ... version:                3</div><div class="cell"><6>1 2021-01-18T09:02:24.778+00:00 MooN_SCU2 moon kernel  - 
[    0.163441] ... bit width:              48</div><div class="cell"><6>1 2021-01-18T09:03:40.983+00:00 MOON_SCU2 moon kernel  - 
[    0.149552] ... bit width:              48</div><div class="cell"><6>1 2021-01-18T09:02:24.778+00:00 MooN_SCU2 moon kernel  - 
[    0.163441] ... generic registers:      8</div><div class="cell"><6>1 2021-01-18T09:03:40.983+00:00 MOON_SCU2 moon kernel  - 
[    0.149554] ... generic registers:      8</div><div class="cell"><6>1 2021-01-18T09:02:24.778+00:00 MooN_SCU2 moon kernel  - 
[    0.163441] ... value mask:             0000ffffffffffff</div><div class="cell"><6>1 2021-01-18T09:03:40.983+00:00 MOON_SCU2 moon kernel  - 
[    0.149555] ... value mask:             0000ffffffffffff</div><div class="cell"><6>1 2021-01-18T09:02:24.778+00:00 MooN_SCU2 moon kernel  - 
[    0.163441] ... max period:             00007fffffffffff</div><div class="cell"><6>1 2021-01-18T09:03:40.983+00:00 MOON_SCU2 moon kernel  - 
[    0.149557] ... max period:             00007fffffffffff</div><div class="cell"><6>1 2021-01-18T09:02:24.778+00:00 MooN_SCU2 moon kernel  - 
[    0.163441] ... fixed-purpose events:   3</div><div class="cell"><6>1 2021-01-18T09:03:40.983+00:00 MOON_SCU2 moon kernel  - 
[    0.149558] ... fixed-purpose events:   3</div><div class="cell"><6>1 2021-01-18T09:02:24.778+00:00 MooN_SCU2 moon kernel  - 
[    0.163441] ... event mask:             00000007000000ff</div><div class="cell"><6>1 2021-01-18T09:03:40.983+00:00 MOON_SCU2 moon kernel  - 
[    0.149559] ... event mask:             00000007000000ff</div><div class="cell"><6>1 2021-01-18T09:02:24.778+00:00 MooN_SCU2 moon kernel  - 
[    0.163441] signal: max sigframe size: 1776</div><div class="cell"><6>1 2021-01-18T09:03:40.983+00:00 MOON_SCU2 moon kernel  - 
[    0.149832] signal: max sigframe size: 1776</div><div class="cell"><6>1 2021-01-18T09:02:24.778+00:00 MooN_SCU2 moon kernel  - 
[    0.163441] Estimated ratio of average max frequency by base frequency (times 1024): 1024</div><div class="cell"><6>1 2021-01-18T09:03:40.983+00:00 MOON_SCU2 moon kernel  - 
[    0.149863] Estimated ratio of average max frequency by base frequency (times 1024): 1024</div><div class="cell"><6>1 2021-01-18T09:02:24.778+00:00 MooN_SCU2 moon kernel  - 
[    0.163441] rcu: Hierarchical SRCU implementation.</div><div class="cell"><6>1 2021-01-18T09:03:40.983+00:00 MOON_SCU2 moon kernel  - 
[    0.149903] rcu: Hierarchical SRCU implementation.</div><div class="cell"><6>1 2021-01-18T09:02:24.778+00:00 MooN_SCU2 moon kernel  - 
[    0.163441] rcu: 	Max phase no-delay instances is 1000.</div><div class="cell"><6>1 2021-01-18T09:03:40.983+00:00 MOON_SCU2 moon kernel  - 
[    0.149905] rcu: 	Max phase no-delay instances is 1000.</div><div class="cell"><6>1 2021-01-18T09:02:24.778+00:00 MooN_SCU2 moon kernel  - 
[    0.163441] NMI watchdog: Enabled. Permanently consumes one hw-PMU counter.</div><div class="cell"><6>1 2021-01-18T09:03:40.983+00:00 MOON_SCU2 moon kernel  - 
[    0.151739] NMI watchdog: Enabled. Permanently consumes one hw-PMU counter.</div><div class="cell"><6>1 2021-01-18T09:02:24.778+00:00 MooN_SCU2 moon kernel  - 
[    0.163856] smp: Bringing up secondary CPUs ...</div><div class="cell"><6>1 2021-01-18T09:03:40.983+00:00 MOON_SCU2 moon kernel  - 
[    0.151739] smp: Bringing up secondary CPUs ...</div><div class="cell"><6>1 2021-01-18T09:02:24.778+00:00 MooN_SCU2 moon kernel  - 
[    0.164135] x86: Booting SMP configuration:</div><div class="cell"><6>1 2021-01-18T09:03:40.983+00:00 MOON_SCU2 moon kernel  - 
[    0.151739] x86: Booting SMP configuration:</div><div class="cell"><6>1 2021-01-18T09:02:24.778+00:00 MooN_SCU2 moon kernel  - 
[    0.164194] .... node  #0, CPUs:        #1</div><div class="cell"><6>1 2021-01-18T09:03:40.983+00:00 MOON_SCU2 moon kernel  - 
[    0.151739] .... node  #0, CPUs:        #1</div><div class="cell"><6>1 2021-01-18T09:02:24.778+00:00 MooN_SCU2 moon kernel  - 
[    0.166808] smp: Brought up 1 node, 2 CPUs</div><div class="cell"><6>1 2021-01-18T09:03:40.983+00:00 MOON_SCU2 moon kernel  - 
[    0.151871] smp: Brought up 1 node, 2 CPUs</div><div class="cell"><6>1 2021-01-18T09:02:24.778+00:00 MooN_SCU2 moon kernel  - 
[    0.166808] smpboot: Max logical packages: 8</div><div class="cell"><6>1 2021-01-18T09:03:40.983+00:00 MOON_SCU2 moon kernel  - 
[    0.151871] smpboot: Max logical packages: 8</div><div class="cell deleted"><6>1 2021-01-18T09:02:24.778+00:00 MooN_SCU2 moon kernel  - 
[    0.166808] smpboot: Total of 2 processors activated (8799.38 BogoMIPS)</div><div class="cell empty"></div><div class="cell empty"></div><div class="cell added"><6>1 2021-01-18T09:03:40.983+00:00 MOON_SCU2 moon kernel  - 
[    0.151871] smpboot: Total of 2 processors activated (8799.53 BogoMIPS)</div><div class="cell"><6>1 2021-01-18T09:02:24.778+00:00 MooN_SCU2 moon kernel  - 
[    0.167847] devtmpfs: initialized</div><div class="cell"><6>1 2021-01-18T09:03:40.983+00:00 MOON_SCU2 moon kernel  - 
[    0.154417] devtmpfs: initialized</div><div class="cell"><6>1 2021-01-18T09:02:24.778+00:00 MooN_SCU2 moon kernel  - 
[    0.168030] x86/mm: Memory block size: 128MB</div><div class="cell"><6>1 2021-01-18T09:03:40.983+00:00 MOON_SCU2 moon kernel  - 
[    0.154541] x86/mm: Memory block size: 128MB</div><div class="cell"><6>1 2021-01-18T09:02:24.778+00:00 MooN_SCU2 moon kernel  - 
[    0.168865] ACPI: PM: Registering ACPI NVS region [mem 0x7af42000-0x7af90fff] (323584 bytes)</div><div class="cell"><6>1 2021-01-18T09:03:40.983+00:00 MOON_SCU2 moon kernel  - 
[    0.155344] ACPI: PM: Registering ACPI NVS region [mem 0x7af42000-0x7af90fff] (323584 bytes)</div><div class="cell"><6>1 2021-01-18T09:02:24.779+00:00 MooN_SCU2 moon kernel  - 
[    0.168966] ACPI: PM: Registering ACPI NVS region [mem 0x7af96000-0x7afe7fff] (335872 bytes)</div><div class="cell"><6>1 2021-01-18T09:03:40.983+00:00 MOON_SCU2 moon kernel  - 
[    0.155365] ACPI: PM: Registering ACPI NVS region [mem 0x7af96000-0x7afe7fff] (335872 bytes)</div><div class="cell"><6>1 2021-01-18T09:02:24.779+00:00 MooN_SCU2 moon kernel  - 
[    0.169132] clocksource: jiffies: mask: 0xffffffff max_cycles: 0xffffffff, max_idle_ns: 7645041785100000 ns</div><div class="cell"><6>1 2021-01-18T09:03:40.983+00:00 MOON_SCU2 moon kernel  - 
[    0.155452] clocksource: jiffies: mask: 0xffffffff max_cycles: 0xffffffff, max_idle_ns: 7645041785100000 ns</div><div class="cell"><6>1 2021-01-18T09:02:24.779+00:00 MooN_SCU2 moon kernel  - 
[    0.169247] futex hash table entries: 4096 (order: 6, 262144 bytes, linear)</div><div class="cell"><6>1 2021-01-18T09:03:40.983+00:00 MOON_SCU2 moon kernel  - 
[    0.155486] futex hash table entries: 4096 (order: 6, 262144 bytes, linear)</div><div class="cell"><6>1 2021-01-18T09:02:24.779+00:00 MooN_SCU2 moon kernel  - 
[    0.169404] pinctrl core: initialized pinctrl subsystem</div><div class="cell"><6>1 2021-01-18T09:03:40.983+00:00 MOON_SCU2 moon kernel  - 
[    0.155581] pinctrl core: initialized pinctrl subsystem</div><div class="cell"><6>1 2021-01-18T09:02:24.779+00:00 MooN_SCU2 moon kernel  - 
[    0.170549] NET: Registered PF_NETLINK/PF_ROUTE protocol family</div><div class="cell"><6>1 2021-01-18T09:03:40.983+00:00 MOON_SCU2 moon kernel  - 
[    0.156809] NET: Registered PF_NETLINK/PF_ROUTE protocol family</div><div class="cell"><6>1 2021-01-18T09:02:24.779+00:00 MooN_SCU2 moon kernel  - 
[    0.170866] DMA: preallocated 256 KiB GFP_KERNEL pool for atomic allocations</div><div class="cell"><6>1 2021-01-18T09:03:40.983+00:00 MOON_SCU2 moon kernel  - 
[    0.157079] DMA: preallocated 256 KiB GFP_KERNEL pool for atomic allocations</div><div class="cell"><6>1 2021-01-18T09:02:24.779+00:00 MooN_SCU2 moon kernel  - 
[    0.170970] DMA: preallocated 256 KiB GFP_KERNEL|GFP_DMA pool for atomic allocations</div><div class="cell"><6>1 2021-01-18T09:03:40.983+00:00 MOON_SCU2 moon kernel  - 
[    0.157120] DMA: preallocated 256 KiB GFP_KERNEL|GFP_DMA pool for atomic allocations</div><div class="cell"><6>1 2021-01-18T09:02:24.779+00:00 MooN_SCU2 moon kernel  - 
[    0.171085] DMA: preallocated 256 KiB GFP_KERNEL|GFP_DMA32 pool for atomic allocations</div><div class="cell"><6>1 2021-01-18T09:03:40.983+00:00 MOON_SCU2 moon kernel  - 
[    0.157159] DMA: preallocated 256 KiB GFP_KERNEL|GFP_DMA32 pool for atomic allocations</div><div class="cell"><6>1 2021-01-18T09:02:24.779+00:00 MooN_SCU2 moon kernel  - 
[    0.171182] audit: initializing netlink subsys (disabled)</div><div class="cell"><6>1 2021-01-18T09:03:40.983+00:00 MOON_SCU2 moon kernel  - 
[    0.157177] audit: initializing netlink subsys (disabled)</div><div class="cell"><6>1 2021-01-18T09:02:24.779+00:00 MooN_SCU2 moon kernel  - 
[    0.171535] thermal_sys: Registered thermal governor 'fair_share'</div><div class="cell"><6>1 2021-01-18T09:03:40.983+00:00 MOON_SCU2 moon kernel  - 
[    0.157458] thermal_sys: Registered thermal governor 'fair_share'</div><div class="cell"><6>1 2021-01-18T09:02:24.779+00:00 MooN_SCU2 moon kernel  - 
[    0.171538] thermal_sys: Registered thermal governor 'bang_bang'</div><div class="cell"><6>1 2021-01-18T09:03:40.983+00:00 MOON_SCU2 moon kernel  - 
[    0.157461] thermal_sys: Registered thermal governor 'bang_bang'</div><div class="cell"><6>1 2021-01-18T09:02:24.779+00:00 MooN_SCU2 moon kernel  - 
[    0.171601] thermal_sys: Registered thermal governor 'step_wise'</div><div class="cell"><6>1 2021-01-18T09:03:40.983+00:00 MOON_SCU2 moon kernel  - 
[    0.157463] thermal_sys: Registered thermal governor 'step_wise'</div><div class="cell"><6>1 2021-01-18T09:02:24.779+00:00 MooN_SCU2 moon kernel  - 
[    0.171663] thermal_sys: Registered thermal governor 'user_space'</div><div class="cell"><6>1 2021-01-18T09:03:40.983+00:00 MOON_SCU2 moon kernel  - 
[    0.157464] thermal_sys: Registered thermal governor 'user_space'</div><div class="cell"><6>1 2021-01-18T09:02:24.779+00:00 MooN_SCU2 moon kernel  - 
[    0.171724] thermal_sys: Registered thermal governor 'power_allocator'</div><div class="cell"><6>1 2021-01-18T09:03:40.983+00:00 MOON_SCU2 moon kernel  - 
[    0.157466] thermal_sys: Registered thermal governor 'power_allocator'</div><div class="cell"><6>1 2021-01-18T09:02:24.779+00:00 MooN_SCU2 moon kernel  - 
[    0.171808] cpuidle: using governor ladder</div><div class="cell"><6>1 2021-01-18T09:03:40.983+00:00 MOON_SCU2 moon kernel  - 
[    0.157489] cpuidle: using governor ladder</div><div class="cell"><6>1 2021-01-18T09:02:24.779+00:00 MooN_SCU2 moon kernel  - 
[    0.171934] cpuidle: using governor menu</div><div class="cell"><6>1 2021-01-18T09:03:40.983+00:00 MOON_SCU2 moon kernel  - 
[    0.157497] cpuidle: using governor menu</div><div class="cell"><6>1 2021-01-18T09:02:24.779+00:00 MooN_SCU2 moon kernel  - 
[    0.172107] ACPI FADT declares the system doesn't support PCIe ASPM, so disable it</div><div class="cell"><6>1 2021-01-18T09:03:40.983+00:00 MOON_SCU2 moon kernel  - 
[    0.157629] ACPI FADT declares the system doesn't support PCIe ASPM, so disable it</div><div class="cell"><6>1 2021-01-18T09:02:24.779+00:00 MooN_SCU2 moon kernel  - 
[    0.172187] acpiphp: ACPI Hot Plug PCI Controller Driver version: 0.5</div><div class="cell"><6>1 2021-01-18T09:03:40.983+00:00 MOON_SCU2 moon kernel  - 
[    0.157632] acpiphp: ACPI Hot Plug PCI Controller Driver version: 0.5</div><div class="cell"><6>1 2021-01-18T09:02:24.779+00:00 MooN_SCU2 moon kernel  - 
[    0.172386] PCI: MMCONFIG for domain 0000 [bus 00-3f] at [mem 0xf8000000-0xfbffffff] (base 0xf8000000)</div><div class="cell"><6>1 2021-01-18T09:03:40.983+00:00 MOON_SCU2 moon kernel  - 
[    0.157769] PCI: MMCONFIG for domain 0000 [bus 00-3f] at [mem 0xf8000000-0xfbffffff] (base 0xf8000000)</div><div class="cell"><6>1 2021-01-18T09:02:24.779+00:00 MooN_SCU2 moon kernel  - 
[    0.172474] PCI: MMCONFIG at [mem 0xf8000000-0xfbffffff] reserved in E820</div><div class="cell"><6>1 2021-01-18T09:03:40.983+00:00 MOON_SCU2 moon kernel  - 
[    0.157777] PCI: MMCONFIG at [mem 0xf8000000-0xfbffffff] reserved in E820</div><div class="cell"><6>1 2021-01-18T09:02:24.779+00:00 MooN_SCU2 moon kernel  - 
[    0.172556] PCI: Using configuration type 1 for base access</div><div class="cell"><6>1 2021-01-18T09:03:40.983+00:00 MOON_SCU2 moon kernel  - 
[    0.157797] PCI: Using configuration type 1 for base access</div><div class="cell"><6>1 2021-01-18T09:02:24.779+00:00 MooN_SCU2 moon kernel  - 
[    0.172754] core: PMU erratum BJ122, BV98, HSD29 workaround disabled, HT off</div><div class="cell"><6>1 2021-01-18T09:03:40.983+00:00 MOON_SCU2 moon kernel  - 
[    0.157954] core: PMU erratum BJ122, BV98, HSD29 workaround disabled, HT off</div><div class="cell"><4>1 2021-01-18T09:02:24.779+00:00 MooN_SCU2 moon kernel  - 
[    0.172930] ENERGY_PERF_BIAS: Set to 'normal', was 'performance'</div><div class="cell"><4>1 2021-01-18T09:03:40.983+00:00 MOON_SCU2 moon kernel  - 
[    0.158060] ENERGY_PERF_BIAS: Set to 'normal', was 'performance'</div><div class="cell deleted"><5>1 2021-01-18T09:02:24.779+00:00 MooN_SCU2 moon kernel  - 
[    0.173002] audit: type=2000 audit(3232842332.052:1): state=initialized audit_enabled=0 res=1</div><div class="cell empty"></div><div class="cell empty"></div><div class="cell added"><5>1 2021-01-18T09:03:40.983+00:00 MOON_SCU2 moon kernel  - 
[    0.158071] audit: type=2000 audit(3232842492.052:1): state=initialized audit_enabled=0 res=1</div><div class="cell"><6>1 2021-01-18T09:02:24.779+00:00 MooN_SCU2 moon kernel  - 
[    0.174816] kprobes: kprobe jump-optimization is enabled. All kprobes are optimized if possible.</div><div class="cell"><6>1 2021-01-18T09:03:40.983+00:00 MOON_SCU2 moon kernel  - 
[    0.159842] kprobes: kprobe jump-optimization is enabled. All kprobes are optimized if possible.</div><div class="cell"><6>1 2021-01-18T09:02:24.779+00:00 MooN_SCU2 moon kernel  - 
[    0.195468] HugeTLB: registered 2.00 MiB page size, pre-allocated 0 pages</div><div class="cell"><6>1 2021-01-18T09:03:40.983+00:00 MOON_SCU2 moon kernel  - 
[    0.187761] HugeTLB: registered 2.00 MiB page size, pre-allocated 0 pages</div><div class="cell"><6>1 2021-01-18T09:02:24.779+00:00 MooN_SCU2 moon kernel  - 
[    0.195535] HugeTLB: 28 KiB vmemmap can be freed for a 2.00 MiB page</div><div class="cell"><6>1 2021-01-18T09:03:40.983+00:00 MOON_SCU2 moon kernel  - 
[    0.187764] HugeTLB: 28 KiB vmemmap can be freed for a 2.00 MiB page</div><div class="cell"><6>1 2021-01-18T09:02:24.779+00:00 MooN_SCU2 moon kernel  - 
[    0.211811] ACPI: Added _OSI(Module Device)</div><div class="cell"><6>1 2021-01-18T09:03:40.983+00:00 MOON_SCU2 moon kernel  - 
[    0.196110] ACPI: Added _OSI(Module Device)</div><div class="cell"><6>1 2021-01-18T09:02:24.779+00:00 MooN_SCU2 moon kernel  - 
[    0.211872] ACPI: Added _OSI(Processor Device)</div><div class="cell"><6>1 2021-01-18T09:03:40.983+00:00 MOON_SCU2 moon kernel  - 
[    0.196113] ACPI: Added _OSI(Processor Device)</div><div class="cell"><6>1 2021-01-18T09:02:24.779+00:00 MooN_SCU2 moon kernel  - 
[    0.211931] ACPI: Added _OSI(3.0 _SCP Extensions)</div><div class="cell"><6>1 2021-01-18T09:03:40.983+00:00 MOON_SCU2 moon kernel  - 
[    0.196115] ACPI: Added _OSI(3.0 _SCP Extensions)</div><div class="cell"><6>1 2021-01-18T09:02:24.779+00:00 MooN_SCU2 moon kernel  - 
[    0.211990] ACPI: Added _OSI(Processor Aggregator Device)</div><div class="cell"><6>1 2021-01-18T09:03:40.984+00:00 MOON_SCU2 moon kernel  - 
[    0.196117] ACPI: Added _OSI(Processor Aggregator Device)</div><div class="cell"><6>1 2021-01-18T09:02:24.779+00:00 MooN_SCU2 moon kernel  - 
[    0.218469] ACPI: 3 ACPI AML tables successfully acquired and loaded</div><div class="cell"><6>1 2021-01-18T09:03:40.984+00:00 MOON_SCU2 moon kernel  - 
[    0.202501] ACPI: 3 ACPI AML tables successfully acquired and loaded</div><div class="cell"><5>1 2021-01-18T09:02:24.779+00:00 MooN_SCU2 moon kernel  - 
[    0.227596] ACPI: [Firmware Bug]: BIOS _OSI(Linux) query ignored</div><div class="cell"><5>1 2021-01-18T09:03:40.984+00:00 MOON_SCU2 moon kernel  - 
[    0.203560] ACPI: [Firmware Bug]: BIOS _OSI(Linux) query ignored</div><div class="cell"><6>1 2021-01-18T09:02:24.779+00:00 MooN_SCU2 moon kernel  - 
[    0.228630] ACPI: Interpreter enabled</div><div class="cell"><6>1 2021-01-18T09:03:40.984+00:00 MOON_SCU2 moon kernel  - 
[    0.212609] ACPI: Interpreter enabled</div><div class="cell"><6>1 2021-01-18T09:02:24.779+00:00 MooN_SCU2 moon kernel  - 
[    0.228713] ACPI: PM: (supports S0 S4 S5)</div><div class="cell"><6>1 2021-01-18T09:03:40.984+00:00 MOON_SCU2 moon kernel  - 
[    0.212635] ACPI: PM: (supports S0 S4 S5)</div><div class="cell"><6>1 2021-01-18T09:02:24.779+00:00 MooN_SCU2 moon kernel  - 
[    0.228771] ACPI: Using IOAPIC for interrupt routing</div><div class="cell"><6>1 2021-01-18T09:03:40.984+00:00 MOON_SCU2 moon kernel  - 
[    0.212637] ACPI: Using IOAPIC for interrupt routing</div><div class="cell"><6>1 2021-01-18T09:02:24.779+00:00 MooN_SCU2 moon kernel  - 
[    0.228871] PCI: Using host bridge windows from ACPI; if necessary, use "pci=nocrs" and report a bug</div><div class="cell"><6>1 2021-01-18T09:03:40.984+00:00 MOON_SCU2 moon kernel  - 
[    0.212679] PCI: Using host bridge windows from ACPI; if necessary, use "pci=nocrs" and report a bug</div><div class="cell"><6>1 2021-01-18T09:02:24.779+00:00 MooN_SCU2 moon kernel  - 
[    0.228954] PCI: Using E820 reservations for host bridge windows</div><div class="cell"><6>1 2021-01-18T09:03:40.984+00:00 MOON_SCU2 moon kernel  - 
[    0.212681] PCI: Using E820 reservations for host bridge windows</div><div class="cell"><6>1 2021-01-18T09:02:24.779+00:00 MooN_SCU2 moon kernel  - 
[    0.229258] ACPI: Enabled 14 GPEs in block 00 to 3F</div><div class="cell"><6>1 2021-01-18T09:03:40.984+00:00 MOON_SCU2 moon kernel  - 
[    0.212924] ACPI: Enabled 14 GPEs in block 00 to 3F</div><div class="cell"><6>1 2021-01-18T09:02:24.779+00:00 MooN_SCU2 moon kernel  - 
[    0.247282] ACPI: PCI Root Bridge [PCI0] (domain 0000 [bus 00-3e])</div><div class="cell"><6>1 2021-01-18T09:03:40.984+00:00 MOON_SCU2 moon kernel  - 
[    0.230848] ACPI: PCI Root Bridge [PCI0] (domain 0000 [bus 00-3e])</div><div class="cell"><6>1 2021-01-18T09:02:24.779+00:00 MooN_SCU2 moon kernel  - 
[    0.247356] acpi PNP0A08:00: _OSC: OS supports [ExtendedConfig ASPM ClockPM Segments MSI HPX-Type3]</div><div class="cell"><6>1 2021-01-18T09:03:40.984+00:00 MOON_SCU2 moon kernel  - 
[    0.230860] acpi PNP0A08:00: _OSC: OS supports [ExtendedConfig ASPM ClockPM Segments MSI HPX-Type3]</div><div class="cell"><6>1 2021-01-18T09:02:24.779+00:00 MooN_SCU2 moon kernel  - 
[    0.247499] acpi PNP0A08:00: _OSC: OS requested [PCIeHotplug SHPCHotplug PME AER PCIeCapability LTR]</div><div class="cell"><6>1 2021-01-18T09:03:40.984+00:00 MOON_SCU2 moon kernel  - 
[    0.230919] acpi PNP0A08:00: _OSC: OS requested [PCIeHotplug SHPCHotplug PME AER PCIeCapability LTR]</div><div class="cell"><6>1 2021-01-18T09:02:24.779+00:00 MooN_SCU2 moon kernel  - 
[    0.247583] acpi PNP0A08:00: _OSC: platform willing to grant [PCIeHotplug SHPCHotplug PME AER PCIeCapability LTR]</div><div class="cell"><6>1 2021-01-18T09:03:40.984+00:00 MOON_SCU2 moon kernel  - 
[    0.230923] acpi PNP0A08:00: _OSC: platform willing to grant [PCIeHotplug SHPCHotplug PME AER PCIeCapability LTR]</div><div class="cell"><6>1 2021-01-18T09:02:24.779+00:00 MooN_SCU2 moon kernel  - 
[    0.247668] acpi PNP0A08:00: _OSC: platform retains control of PCIe features (AE_ERROR)</div><div class="cell"><6>1 2021-01-18T09:03:40.984+00:00 MOON_SCU2 moon kernel  - 
[    0.230926] acpi PNP0A08:00: _OSC: platform retains control of PCIe features (AE_ERROR)</div><div class="cell"><6>1 2021-01-18T09:02:24.779+00:00 MooN_SCU2 moon kernel  - 
[    0.248513] PCI host bridge to bus 0000:00</div><div class="cell"><6>1 2021-01-18T09:03:40.984+00:00 MOON_SCU2 moon kernel  - 
[    0.231691] PCI host bridge to bus 0000:00</div><div class="cell"><6>1 2021-01-18T09:02:24.779+00:00 MooN_SCU2 moon kernel  - 
[    0.248574] pci_bus 0000:00: root bus resource [io  0x0000-0x0cf7 window]</div><div class="cell"><6>1 2021-01-18T09:03:40.984+00:00 MOON_SCU2 moon kernel  - 
[    0.231695] pci_bus 0000:00: root bus resource [io  0x0000-0x0cf7 window]</div><div class="cell"><6>1 2021-01-18T09:02:24.779+00:00 MooN_SCU2 moon kernel  - 
[    0.248640] pci_bus 0000:00: root bus resource [io  0x0d00-0xffff window]</div><div class="cell"><6>1 2021-01-18T09:03:40.984+00:00 MOON_SCU2 moon kernel  - 
[    0.231699] pci_bus 0000:00: root bus resource [io  0x0d00-0xffff window]</div><div class="cell"><6>1 2021-01-18T09:02:24.779+00:00 MooN_SCU2 moon kernel  - 
[    0.248704] pci_bus 0000:00: root bus resource [mem 0x000a0000-0x000bffff window]</div><div class="cell"><6>1 2021-01-18T09:03:40.984+00:00 MOON_SCU2 moon kernel  - 
[    0.231702] pci_bus 0000:00: root bus resource [mem 0x000a0000-0x000bffff window]</div><div class="cell"><6>1 2021-01-18T09:02:24.779+00:00 MooN_SCU2 moon kernel  - 
[    0.248785] pci_bus 0000:00: root bus resource [mem 0x000d0000-0x000e7fff window]</div><div class="cell"><6>1 2021-01-18T09:03:40.984+00:00 MOON_SCU2 moon kernel  - 
[    0.231706] pci_bus 0000:00: root bus resource [mem 0x000d0000-0x000e7fff window]</div><div class="cell"><6>1 2021-01-18T09:02:24.779+00:00 MooN_SCU2 moon kernel  - 
[    0.249375] pci_bus 0000:00: root bus resource [mem 0x7fa00000-0xfeafffff window]</div><div class="cell"><6>1 2021-01-18T09:03:40.984+00:00 MOON_SCU2 moon kernel  - 
[    0.231709] pci_bus 0000:00: root bus resource [mem 0x7fa00000-0xfeafffff window]</div><div class="cell"><6>1 2021-01-18T09:02:24.780+00:00 MooN_SCU2 moon kernel  - 
[    0.249454] pci_bus 0000:00: root bus resource [mem 0xfed40000-0xfed44fff window]</div><div class="cell"><6>1 2021-01-18T09:03:40.984+00:00 MOON_SCU2 moon kernel  - 
[    0.231711] pci_bus 0000:00: root bus resource [mem 0xfed40000-0xfed44fff window]</div><div class="cell"><6>1 2021-01-18T09:02:24.780+00:00 MooN_SCU2 moon kernel  - 
[    0.249533] pci_bus 0000:00: root bus resource [bus 00-3e]</div><div class="cell"><6>1 2021-01-18T09:03:40.984+00:00 MOON_SCU2 moon kernel  - 
[    0.231714] pci_bus 0000:00: root bus resource [bus 00-3e]</div><div class="cell"><6>1 2021-01-18T09:02:24.780+00:00 MooN_SCU2 moon kernel  - 
[    0.249617] pci 0000:00:00.0: [8086:0104] type 00 class 0x060000</div><div class="cell"><6>1 2021-01-18T09:03:40.984+00:00 MOON_SCU2 moon kernel  - 
[    0.231738] pci 0000:00:00.0: [8086:0104] type 00 class 0x060000</div><div class="cell"><6>1 2021-01-18T09:02:24.780+00:00 MooN_SCU2 moon kernel  - 
[    0.249791] pci 0000:00:01.0: [8086:0101] type 01 class 0x060400</div><div class="cell"><6>1 2021-01-18T09:03:40.984+00:00 MOON_SCU2 moon kernel  - 
[    0.231852] pci 0000:00:01.0: [8086:0101] type 01 class 0x060400</div><div class="cell"><6>1 2021-01-18T09:02:24.780+00:00 MooN_SCU2 moon kernel  - 
[    0.249909] pci 0000:00:01.0: PME# supported from D0 D3hot D3cold</div><div class="cell"><6>1 2021-01-18T09:03:40.984+00:00 MOON_SCU2 moon kernel  - 
[    0.231909] pci 0000:00:01.0: PME# supported from D0 D3hot D3cold</div><div class="cell"><6>1 2021-01-18T09:02:24.780+00:00 MooN_SCU2 moon kernel  - 
[    0.250112] pci 0000:00:01.1: [8086:0105] type 01 class 0x060400</div><div class="cell"><6>1 2021-01-18T09:03:40.984+00:00 MOON_SCU2 moon kernel  - 
[    0.232050] pci 0000:00:01.1: [8086:0105] type 01 class 0x06